###############################################################################
#
# IAR ELF Linker V7.40.3.8902/W32 for ARM                 20/Apr/2018  18:00:08
# Copyright 2007-2015 IAR Systems AB.
#
#    Output file  =  
#        C:\ti\simplelink\ble_cc26xx_2_01_01_44627\Projects\ble\Free_Write\CC26XX\IAR\Application\FreeWrite\Debug\Exe\FreeWrite.out
#    Map file     =  
#        C:\ti\simplelink\ble_cc26xx_2_01_01_44627\Projects\ble\Free_Write\CC26XX\IAR\Application\FreeWrite\Debug\List\FreeWrite.map
#    Command line =  
#        C:\ti\simplelink\ble_cc26xx_2_01_01_44627\Projects\ble\Free_Write\CC26XX\IAR\Application\FreeWrite\Debug\Obj\ADC.o
#        C:\ti\simplelink\ble_cc26xx_2_01_01_44627\Projects\ble\Free_Write\CC26XX\IAR\Application\FreeWrite\Debug\Obj\ADCCC26XX.o
#        C:\ti\simplelink\ble_cc26xx_2_01_01_44627\Projects\ble\Free_Write\CC26XX\IAR\Application\FreeWrite\Debug\Obj\AHRS.o
#        C:\ti\simplelink\ble_cc26xx_2_01_01_44627\Projects\ble\Free_Write\CC26XX\IAR\Application\FreeWrite\Debug\Obj\ahrsservice.o
#        C:\ti\simplelink\ble_cc26xx_2_01_01_44627\Projects\ble\Free_Write\CC26XX\IAR\Application\FreeWrite\Debug\Obj\bleUserConfig.o
#        C:\ti\simplelink\ble_cc26xx_2_01_01_44627\Projects\ble\Free_Write\CC26XX\IAR\Application\FreeWrite\Debug\Obj\Board.o
#        C:\ti\simplelink\ble_cc26xx_2_01_01_44627\Projects\ble\Free_Write\CC26XX\IAR\Application\FreeWrite\Debug\Obj\bsp_adc.o
#        C:\ti\simplelink\ble_cc26xx_2_01_01_44627\Projects\ble\Free_Write\CC26XX\IAR\Application\FreeWrite\Debug\Obj\bsp_i2c.o
#        C:\ti\simplelink\ble_cc26xx_2_01_01_44627\Projects\ble\Free_Write\CC26XX\IAR\Application\FreeWrite\Debug\Obj\bsp_uart.o
#        C:\ti\simplelink\ble_cc26xx_2_01_01_44627\Projects\ble\Free_Write\CC26XX\IAR\Application\FreeWrite\Debug\Obj\ccfg_appBLE.o
#        C:\ti\simplelink\ble_cc26xx_2_01_01_44627\Projects\ble\Free_Write\CC26XX\IAR\Application\FreeWrite\Debug\Obj\Controller.o
#        C:\ti\simplelink\ble_cc26xx_2_01_01_44627\Projects\ble\Free_Write\CC26XX\IAR\Application\FreeWrite\Debug\Obj\Controller_ConnCtrl.o
#        C:\ti\simplelink\ble_cc26xx_2_01_01_44627\Projects\ble\Free_Write\CC26XX\IAR\Application\FreeWrite\Debug\Obj\Controller_Keys.o
#        C:\ti\simplelink\ble_cc26xx_2_01_01_44627\Projects\ble\Free_Write\CC26XX\IAR\Application\FreeWrite\Debug\Obj\devinfoservice.o
#        C:\ti\simplelink\ble_cc26xx_2_01_01_44627\Projects\ble\Free_Write\CC26XX\IAR\Application\FreeWrite\Debug\Obj\Fig.o
#        C:\ti\simplelink\ble_cc26xx_2_01_01_44627\Projects\ble\Free_Write\CC26XX\IAR\Application\FreeWrite\Debug\Obj\figservice.o
#        C:\ti\simplelink\ble_cc26xx_2_01_01_44627\Projects\ble\Free_Write\CC26XX\IAR\Application\FreeWrite\Debug\Obj\gatt_uuid.o
#        C:\ti\simplelink\ble_cc26xx_2_01_01_44627\Projects\ble\Free_Write\CC26XX\IAR\Application\FreeWrite\Debug\Obj\gattservapp_util.o
#        C:\ti\simplelink\ble_cc26xx_2_01_01_44627\Projects\ble\Free_Write\CC26XX\IAR\Application\FreeWrite\Debug\Obj\I2C.o
#        C:\ti\simplelink\ble_cc26xx_2_01_01_44627\Projects\ble\Free_Write\CC26XX\IAR\Application\FreeWrite\Debug\Obj\I2CCC26XX.o
#        C:\ti\simplelink\ble_cc26xx_2_01_01_44627\Projects\ble\Free_Write\CC26XX\IAR\Application\FreeWrite\Debug\Obj\ICall.o
#        C:\ti\simplelink\ble_cc26xx_2_01_01_44627\Projects\ble\Free_Write\CC26XX\IAR\Application\FreeWrite\Debug\Obj\ICallBleAPI.o
#        C:\ti\simplelink\ble_cc26xx_2_01_01_44627\Projects\ble\Free_Write\CC26XX\IAR\Application\FreeWrite\Debug\Obj\ICallCC2650.o
#        C:\ti\simplelink\ble_cc26xx_2_01_01_44627\Projects\ble\Free_Write\CC26XX\IAR\Application\FreeWrite\Debug\Obj\main.o
#        C:\ti\simplelink\ble_cc26xx_2_01_01_44627\Projects\ble\Free_Write\CC26XX\IAR\Application\FreeWrite\Debug\Obj\peripheral.o
#        C:\ti\simplelink\ble_cc26xx_2_01_01_44627\Projects\ble\Free_Write\CC26XX\IAR\Application\FreeWrite\Debug\Obj\PINCC26XX.o
#        C:\ti\simplelink\ble_cc26xx_2_01_01_44627\Projects\ble\Free_Write\CC26XX\IAR\Application\FreeWrite\Debug\Obj\recordservice.o
#        C:\ti\simplelink\ble_cc26xx_2_01_01_44627\Projects\ble\Free_Write\CC26XX\IAR\Application\FreeWrite\Debug\Obj\scif.o
#        C:\ti\simplelink\ble_cc26xx_2_01_01_44627\Projects\ble\Free_Write\CC26XX\IAR\Application\FreeWrite\Debug\Obj\scif_framework.o
#        C:\ti\simplelink\ble_cc26xx_2_01_01_44627\Projects\ble\Free_Write\CC26XX\IAR\Application\FreeWrite\Debug\Obj\scif_osal_tirtos.o
#        C:\ti\simplelink\ble_cc26xx_2_01_01_44627\Projects\ble\Free_Write\CC26XX\IAR\Application\FreeWrite\Debug\Obj\sensor.o
#        C:\ti\simplelink\ble_cc26xx_2_01_01_44627\Projects\ble\Free_Write\CC26XX\IAR\Application\FreeWrite\Debug\Obj\sensor_mpu9250_mux.o
#        C:\ti\simplelink\ble_cc26xx_2_01_01_44627\Projects\ble\Free_Write\CC26XX\IAR\Application\FreeWrite\Debug\Obj\st_util.o
#        C:\ti\simplelink\ble_cc26xx_2_01_01_44627\Projects\ble\Free_Write\CC26XX\IAR\Application\FreeWrite\Debug\Obj\UART.o
#        C:\ti\simplelink\ble_cc26xx_2_01_01_44627\Projects\ble\Free_Write\CC26XX\IAR\Application\FreeWrite\Debug\Obj\UARTCC26XX.o
#        C:\ti\simplelink\ble_cc26xx_2_01_01_44627\Projects\ble\Free_Write\CC26XX\IAR\Application\FreeWrite\Debug\Obj\UDMACC26XX.o
#        C:\ti\simplelink\ble_cc26xx_2_01_01_44627\Projects\ble\Free_Write\CC26XX\IAR\Application\FreeWrite\Debug\Obj\util.o
#        -o
#        C:\ti\simplelink\ble_cc26xx_2_01_01_44627\Projects\ble\Free_Write\CC26XX\IAR\Application\FreeWrite\Debug\Exe\FreeWrite.out
#        --map
#        C:\ti\simplelink\ble_cc26xx_2_01_01_44627\Projects\ble\Free_Write\CC26XX\IAR\Application\FreeWrite\Debug\List\FreeWrite.map
#        --config
#        C:\ti\simplelink\ble_cc26xx_2_01_01_44627\Projects\ble\Free_Write\CC26XX\IAR\Application\FreeWrite\cc26xx_ble_app.icf
#        --keep __vector_table -f
#        C:\ti\simplelink\ble_cc26xx_2_01_01_44627\Projects\ble\Free_Write\CC26XX\IAR\Application\FreeWrite\configPkg\linker.cmd
#        (C:\ti\simplelink\ble_cc26xx_2_01_01_44627\Projects\ble\Free_Write\CC26XX\IAR\Application\FreeWrite\configPkg\package\cfg\appBLE_prm3.orm3
#        C:\ti\simplelink\ble_cc26xx_2_01_01_44627\Projects\ble\Free_Write\CC26XX\IAR\Config\src\sysbios\sysbios.arm3
#        C:\ti\tirtos_simplelink_2_13_00_06\products\bios_6_42_00_08\packages\iar\targets\arm\rts\lib\release\boot.arm3
#        --entry __iar_program_start --keep __vector_table --define_symbol
#        ti_sysbios_family_arm_m3_Hwi_nvic=0xe000e000 --keep
#        xdc_runtime_Error_policy__C --keep
#        xdc_runtime_IModule_Interface__BASE__C --keep
#        xdc_runtime_Startup_lastFxns__C --keep
#        ti_sysbios_gates_GateMutex_Object__DESC__C --keep
#        ti_sysbios_rom_ROM_ti_sysbios_family_arm_cc26xx_Timer_initDevice__I
#        --keep xdc_runtime_Startup_execImpl__C --keep
#        ti_sysbios_gates_GateMutex_Instance_State_sem__O --keep
#        ti_sysbios_rom_ROM_ti_sysbios_family_arm_cc26xx_Timer_getMaxTicks__E
#        --keep ti_sysbios_knl_Swi_Object__count__C --keep
#        ti_sysbios_knl_Idle_funcList__C --keep
#        ti_sysbios_family_arm_m3_Hwi_Object__PARAMS__C --keep
#        xdc_runtime_Text_isLoaded__C --keep
#        ti_sysbios_knl_Clock_Object__DESC__C --keep
#        ti_sysbios_knl_Mailbox_Instance_State_dataQue__O --keep
#        ti_sysbios_gates_GateMutex_Module__FXNS__C --keep
#        ti_sysbios_knl_Task_Module_State_inactiveQ__O --keep
#        ti_sysbios_family_arm_m3_Hwi_Module__id__C --keep
#        ti_sysbios_family_arm_cc26xx_Timer_Module__id__C --keep
#        ti_sysbios_knl_Mailbox_Object__table__C --keep
#        ti_sysbios_family_arm_m3_Hwi_Object__table__C --keep
#        ti_sysbios_knl_Swi_Object__DESC__C --keep xdc_runtime_Text_charCnt__C
#        --keep ti_sysbios_rom_ROM_ti_sysbios_family_arm_cc26xx_Timer_start__E
#        --keep ti_sysbios_heaps_HeapMem_Object__table__C --keep
#        xdc_runtime_Error_policyFxn__C --keep
#        ti_sysbios_rom_ROM_ti_sysbios_family_arm_cc26xx_Timer_getCount64__E
#        --keep xdc_runtime_Startup_firstFxns__C --keep
#        ti_sysbios_knl_Swi_Object__PARAMS__C --keep
#        ti_sysbios_knl_Clock_serviceMargin__C --keep
#        xdc_runtime_Text_charTab__C --keep
#        ti_sysbios_rom_ROM_AONRTCCurrentCompareValueGet --keep
#        ti_sysbios_rom_ROM_ti_sysbios_family_arm_cc26xx_TimestampProvider_get32__E
#        --keep
#        ti_sysbios_rom_ROM_ti_sysbios_family_arm_cc26xx_Timer_getCurrentTick__E
#        --keep ti_sysbios_family_arm_m3_TaskSupport_stackAlignment__C --keep
#        ti_sysbios_family_arm_m3_Hwi_NUM_INTERRUPTS__C --keep
#        xdc_runtime_Main_Module__diagsMask__C --keep
#        ti_sysbios_knl_Swi_Object__table__C --keep
#        xdc_runtime_Memory_Module__id__C --keep
#        ti_sysbios_knl_Task_Object__PARAMS__C --keep
#        ti_sysbios_gates_GateMutex_Object__PARAMS__C --keep
#        ti_sysbios_heaps_HeapMem_Module__gateObj__C --keep
#        ti_sysbios_family_arm_cc26xx_Timer_startupNeeded__C --keep
#        ti_sysbios_knl_Queue_Object__DESC__C --keep
#        ti_sysbios_knl_Task_Object__DESC__C --keep
#        xdc_runtime_Assert_E_assertFailed__C --keep
#        ti_sysbios_heaps_HeapMem_Object__PARAMS__C --keep
#        ti_sysbios_gates_GateHwi_Module__id__C --keep
#        ti_sysbios_gates_GateHwi_Object__PARAMS__C --keep
#        xdc_runtime_IHeap_Interface__BASE__C --keep
#        xdc_runtime_SysCallback_exitFxn__C --keep
#        ti_sysbios_heaps_HeapMem_Module__id__C --keep
#        ti_sysbios_family_arm_m3_Hwi_excHandlerFunc__C --keep
#        ti_sysbios_heaps_HeapMem_Module__FXNS__C --keep
#        xdc_runtime_System_maxAtexitHandlers__C --keep
#        ti_sysbios_knl_Queue_Object__count__C --keep
#        ti_sysbios_knl_Task_Object__table__C --keep
#        ti_sysbios_knl_Mailbox_Object__DESC__C --keep
#        ti_sysbios_family_arm_m3_Hwi_nullIsrFunc__C --keep
#        ti_sysbios_knl_Clock_tickMode__C --keep
#        ti_sysbios_gates_GateMutex_Module__id__C --keep
#        ti_sysbios_knl_Swi_numPriorities__C --keep
#        ti_sysbios_knl_Task_numConstructedTasks__C --keep
#        xdc_runtime_Startup_maxPasses__C --keep
#        ti_sysbios_rom_ROM_AONRTCEventClear --keep
#        ti_sysbios_knl_Task_initStackFlag__C --keep
#        xdc_runtime_Main_Module__diagsEnabled__C --keep
#        xdc_runtime_Main_Module__diagsIncluded__C --keep
#        xdc_runtime_System_abortFxn__C --keep
#        ti_sysbios_knl_Mailbox_Instance_State_dataSem__O --keep
#        ti_sysbios_gates_GateHwi_Module__FXNS__C --keep
#        ti_sysbios_hal_Hwi_Object__DESC__C --keep
#        ti_sysbios_family_arm_m3_Hwi_priGroup__C --keep
#        xdc_runtime_Error_E_memory__C --keep
#        ti_sysbios_family_arm_m3_Hwi_E_alreadyDefined__C --keep
#        ti_sysbios_knl_Mailbox_Instance_State_freeSem__O --keep
#        ti_sysbios_knl_Queue_Object__table__C --keep
#        ti_sysbios_knl_Semaphore_Object__PARAMS__C --keep
#        xdc_runtime_System_exitFxn__C --keep
#        ti_sysbios_knl_Clock_Object__PARAMS__C --keep
#        ti_sysbios_rom_ROM_AONRTCCompareValueSet --keep
#        ti_sysbios_rom_ROM_ti_sysbios_family_arm_cc26xx_Timer_setNextTick__E
#        --keep ti_sysbios_heaps_HeapMem_reqAlign__C --keep
#        xdc_runtime_Main_Module__id__C --keep xdc_runtime_Startup_sfxnRts__C
#        --keep ti_sysbios_knl_Semaphore_Object__DESC__C --keep
#        ti_sysbios_gates_GateHwi_Object__DESC__C --keep
#        ti_sysbios_heaps_HeapMem_Object__count__C --keep
#        ti_sysbios_family_arm_m3_Hwi_numSparseInterrupts__C --keep
#        ti_sysbios_family_arm_cc26xx_TimestampProvider_useClockTimer__C --keep
#        ti_sysbios_rom_ROM_xdc_runtime_System_SupportProxy_exit__E --keep
#        ti_sysbios_knl_Queue_Object__PARAMS__C --keep
#        ti_sysbios_knl_Task_allBlockedFunc__C --keep
#        ti_sysbios_rom_ROM_xdc_runtime_System_SupportProxy_abort__E --keep
#        ti_sysbios_knl_Mailbox_Object__count__C --keep
#        xdc_runtime_Text_nameStatic__C --keep
#        ti_sysbios_rom_ROM_xdc_runtime_Startup_getState__I --keep
#        ti_sysbios_knl_Clock_Module_State_clockQ__O --keep
#        ti_sysbios_knl_Task_defaultStackSize__C --keep
#        xdc_runtime_IGateProvider_Interface__BASE__C --keep
#        ti_sysbios_family_arm_m3_Hwi_E_hwiLimitExceeded__C --keep
#        xdc_runtime_Startup_startModsFxn__C --keep
#        ti_sysbios_knl_Semaphore_Instance_State_pendQ__O --keep
#        ti_sysbios_family_arm_m3_Hwi_Object__DESC__C --keep
#        xdc_runtime_Text_nameEmpty__C --keep
#        ti_sysbios_family_arm_m3_Hwi_Object__count__C --keep
#        xdc_runtime_SysCallback_abortFxn__C --keep
#        ti_sysbios_knl_Task_defaultStackHeap__C --keep
#        ti_sysbios_family_arm_m3_Hwi_ccr__C --keep
#        ti_sysbios_knl_Mailbox_Object__PARAMS__C --keep
#        ti_sysbios_hal_Hwi_Object__PARAMS__C --keep
#        ti_sysbios_heaps_HeapMem_E_memory__C --keep
#        ti_sysbios_knl_Task_Object__count__C --keep
#        ti_sysbios_rom_ROM_AONRTCChannelEnable --keep
#        ti_sysbios_heaps_HeapMem_Object__DESC__C --keep
#        xdc_runtime_Text_nameUnknown__C --keep
#        xdc_runtime_Memory_defaultHeapInstance__C --keep
#        ti_sysbios_knl_Mailbox_Instance_State_freeQue__O --keep
#        ti_sysbios_rom_ROM_ti_sysbios_family_arm_cc26xx_Timer_setThreshold__I
#        --keep xdc_runtime_Startup_sfxnTab__C --keep
#        ti_sysbios_knl_Clock_Module__state__V --keep
#        ti_sysbios_family_arm_cc26xx_TimestampProvider_Module__state__V --keep
#        xdc_runtime_Startup_Module__state__V --keep
#        ti_sysbios_BIOS_Module__state__V --keep
#        ti_sysbios_knl_Swi_Module__state__V --keep
#        ti_sysbios_knl_Task_Module__state__V --keep
#        xdc_runtime_Memory_Module__state__V --keep
#        xdc_runtime_System_Module__state__V --keep
#        ti_sysbios_family_arm_m3_Hwi_Module__state__V --keep
#        ti_sysbios_family_arm_cc26xx_Timer_Module__state__V --define_symbol
#        memcpy=0x1001ca79 --define_symbol memset=0x1001ca8b --define_symbol
#        ti_sysbios_rom_cortexm_cc26xx_CC26xx_getRevision__E=0x1001ca9b
#        --define_symbol ti_sysbios_knl_Queue_get__E=0x1001bf11 --define_symbol
#        ti_sysbios_knl_Swi_enabled__E=0x1001c0e5 --define_symbol
#        ti_sysbios_knl_Clock_scheduleNextTick__E=0x1001bebd --define_symbol
#        ti_sysbios_knl_Swi_runLoop__I=0x1001b0d5 --define_symbol
#        ti_sysbios_knl_Clock_getTicks__E=0x1001b6d9 --define_symbol
#        ti_sysbios_gates_GateMutex_Object__destruct__S=0x1001bc49
#        --define_symbol ti_sysbios_knl_Queue_enqueue__E=0x1001c1b5
#        --define_symbol ti_sysbios_knl_Queue_put__E=0x1001bf2d --define_symbol
#        ti_sysbios_family_arm_m3_Hwi_Object__create__S=0x1001aab1
#        --define_symbol ti_sysbios_gates_GateHwi_Instance_init__E=0x1001b463
#        --define_symbol ti_sysbios_hal_Hwi_Instance_finalize__E=0x1001c1f1
#        --define_symbol ti_sysbios_BIOS_RtsGateProxy_leave__E=0x1001c24d
#        --define_symbol ti_sysbios_heaps_HeapMem_Object__create__S=0x1001b845
#        --define_symbol xdc_runtime_Error_raiseX__E=0x1001c769 --define_symbol
#        ti_sysbios_knl_Semaphore_construct=0x1001b709 --define_symbol
#        ti_sysbios_knl_Clock_Object__destruct__S=0x1001bce9 --define_symbol
#        ti_sysbios_knl_Clock_TimerProxy_getMaxTicks__E=0x1001c0a5
#        --define_symbol ti_sysbios_knl_Swi_Object__destruct__S=0x1001bf49
#        --define_symbol
#        ti_sysbios_family_arm_cc26xx_TimestampProvider_getFreq__E=0x1001c12f
#        --define_symbol ti_sysbios_gates_GateMutex_Handle__label__S=0x1001bc29
#        --define_symbol ti_sysbios_knl_Mailbox_delete=0x1001c2c5
#        --define_symbol ti_sysbios_knl_Semaphore_destruct=0x1001c2e1
#        --define_symbol ti_sysbios_BIOS_RtsGateProxy_enter__E=0x1001c249
#        --define_symbol ti_sysbios_knl_Task_processVitalTaskFlag__I=0x1001b739
#        --define_symbol ti_sysbios_knl_Mailbox_create=0x1001abdd
#        --define_symbol xdc_runtime_Core_deleteObject__I=0x1001c4f9
#        --define_symbol ti_sysbios_knl_Queue_delete=0x1001c2cd --define_symbol
#        ti_sysbios_family_arm_m3_Hwi_doSwiRestore__I=0x1001c1fb
#        --define_symbol xdc_runtime_System_atexit__E=0x1001c681
#        --define_symbol ti_sysbios_gates_GateMutex_Params__init__S=0x1001c179
#        --define_symbol ti_sysbios_knl_Clock_getTimerHandle__E=0x1001c191
#        --define_symbol ti_sysbios_knl_Task_enable__E=0x1001c243
#        --define_symbol
#        ti_sysbios_knl_Clock_TimerProxy_getExpiredTicks__E=0x1001c2ad
#        --define_symbol ti_sysbios_knl_Queue_Object__destruct__S=0x1001bef5
#        --define_symbol ti_sysbios_knl_Clock_Object__delete__S=0x1001badd
#        --define_symbol ti_sysbios_gates_GateMutex_delete=0x1001c26d
#        --define_symbol ti_sysbios_heaps_HeapMem_restore__E=0x1001c105
#        --define_symbol ti_sysbios_knl_Swi_create=0x1001ad05 --define_symbol
#        ti_sysbios_heaps_HeapMem_Module_GateProxy_leave__E=0x1001c2a1
#        --define_symbol ti_sysbios_knl_Semaphore_pend__E=0x1001a0cd
#        --define_symbol ti_sysbios_knl_Mailbox_Instance_finalize__E=0x1001a9dd
#        --define_symbol xdc_runtime_Startup_startMods__I=0x1001c30d
#        --define_symbol ti_sysbios_heaps_HeapMem_init__I=0x1001b545
#        --define_symbol ti_sysbios_knl_Swi_Object__delete__S=0x1001bda9
#        --define_symbol
#        ti_sysbios_hal_Hwi_HwiProxy_enableInterrupt__E=0x1001c285
#        --define_symbol ti_sysbios_knl_Clock_removeI__E=0x1001c2bd
#        --define_symbol xdc_runtime_System_abort__E=0x1001c749 --define_symbol
#        ti_sysbios_family_arm_m3_Hwi_dispatchC__I=0x1001aa49 --define_symbol
#        ti_sysbios_knl_Swi_construct=0x1001b085 --define_symbol
#        ti_sysbios_knl_Task_sleepTimeout__I=0x1001bf81 --define_symbol
#        ti_sysbios_knl_Queue_remove__E=0x1001c121 --define_symbol
#        ti_sysbios_knl_Semaphore_Instance_finalize__E=0x1001c0c5
#        --define_symbol ti_sysbios_gates_GateMutex_destruct=0x1001c271
#        --define_symbol
#        ti_sysbios_knl_Task_SupportProxy_Module__startupDone__S=0x1001c2f1
#        --define_symbol ti_sysbios_knl_Queue_Object__delete__S=0x1001bd49
#        --define_symbol ti_sysbios_knl_Mailbox_Object__get__S=0x1001b89d
#        --define_symbol
#        ti_sysbios_family_arm_m3_Hwi_Instance_init__E=0x1001a3c9
#        --define_symbol ti_sysbios_knl_Clock_delete=0x1001c2b5 --define_symbol
#        ti_sysbios_knl_Clock_walkQueueDynamic__E=0x1001a80d --define_symbol
#        ti_sysbios_knl_Mailbox_Object__destruct__S=0x1001bed9 --define_symbol
#        ti_sysbios_knl_Mailbox_post__E=0x1001a591 --define_symbol
#        ti_sysbios_knl_Clock_Instance_init__E=0x1001b50d --define_symbol
#        ti_sysbios_knl_Task_allBlockedFunction__I=0x1001b365 --define_symbol
#        ti_sysbios_knl_Task_postInit__I=0x1001a615 --define_symbol
#        ti_sysbios_knl_Task_enter__I=0x1001be09 --define_symbol
#        ti_sysbios_hal_Hwi_switchFromBootStack__E=0x1001c299 --define_symbol
#        ti_sysbios_knl_Semaphore_Object__destruct__S=0x1001bd89
#        --define_symbol
#        ti_sysbios_hal_Hwi_HwiProxy_Object__create__S=0x1001c085
#        --define_symbol
#        ti_sysbios_family_arm_cc26xx_Timer_postInit__I=0x1001b769
#        --define_symbol ti_sysbios_knl_Swi_Module_startup__E=0x1001c237
#        --define_symbol
#        ti_sysbios_gates_GateMutex_Instance_finalize__E=0x1001c075
#        --define_symbol xdc_runtime_Core_assignParams__I=0x1001c5f1
#        --define_symbol
#        ti_sysbios_hal_Hwi_HwiProxy_switchFromBootStack__E=0x1001c291
#        --define_symbol ti_sysbios_knl_Swi_post__E=0x1001b321 --define_symbol
#        ti_sysbios_hal_Hwi_initStack=0x1001b819 --define_symbol
#        xdc_runtime_Memory_alloc__E=0x1001c489 --define_symbol
#        ti_sysbios_knl_Queue_next__E=0x1001c2d9 --define_symbol
#        ti_sysbios_knl_Clock_Instance_finalize__E=0x1001bfcd --define_symbol
#        ti_sysbios_knl_Queue_elemClear__E=0x1001c231 --define_symbol
#        ti_sysbios_knl_Clock_Params__init__S=0x1001c185 --define_symbol
#        ti_sysbios_knl_Task_Instance_init__E=0x1001a25d --define_symbol
#        ti_sysbios_hal_Hwi_HwiProxy_startup__E=0x1001c28d --define_symbol
#        ti_sysbios_knl_Task_self__E=0x1001c1e5 --define_symbol
#        ti_sysbios_knl_Task_startup__E=0x1001c309 --define_symbol
#        ti_sysbios_gates_GateHwi_Object__delete__S=0x1001bc09 --define_symbol
#        ti_sysbios_family_arm_cc26xx_Timer_startup__E=0x1001b795
#        --define_symbol xdc_runtime_Memory_free__E=0x1001c801 --define_symbol
#        ti_sysbios_hal_Hwi_delete=0x1001c295 --define_symbol
#        ti_sysbios_knl_Queue_Instance_init__E=0x1001c22b --define_symbol
#        ti_sysbios_family_arm_cc26xx_Timer_Module_startup__E=0x1001ba71
#        --define_symbol xdc_runtime_Assert_raise__I=0x1001c5a9 --define_symbol
#        ti_sysbios_hal_Hwi_create=0x1001ab79 --define_symbol
#        ti_sysbios_knl_Task_destruct=0x1001c305 --define_symbol
#        ti_sysbios_hal_Hwi_Module_startup__E=0x1001c021 --define_symbol
#        ti_sysbios_family_arm_m3_Hwi_excHandler__I=0x1001bbc9 --define_symbol
#        xdc_runtime_Core_destructObject__I=0x1001c7a1 --define_symbol
#        ti_sysbios_knl_Swi_disable__E=0x1001c0d5 --define_symbol
#        ti_sysbios_BIOS_setThreadType__E=0x1001c045 --define_symbol
#        ti_sysbios_knl_Task_disable__E=0x1001c0f5 --define_symbol
#        ti_sysbios_knl_Swi_Instance_init__E=0x1001aca5 --define_symbol
#        ti_sysbios_knl_Semaphore_pendTimeout__I=0x1001b94d --define_symbol
#        ti_sysbios_knl_Clock_create=0x1001b3ed --define_symbol
#        ti_sysbios_knl_Idle_loop__E=0x1001c20b --define_symbol
#        ti_sysbios_gates_GateHwi_leave__E=0x1001c21f --define_symbol
#        ti_sysbios_family_arm_m3_Hwi_enableInterrupt__E=0x1001b2dd
#        --define_symbol ti_sysbios_knl_Semaphore_Params__init__S=0x1001c1c1
#        --define_symbol ti_sysbios_knl_Task_unblock__E=0x1001bfb5
#        --define_symbol ti_sysbios_knl_Swi_destruct=0x1001c2e9 --define_symbol
#        ti_sysbios_BIOS_getCpuFreq__E=0x1001bff9 --define_symbol
#        xdc_runtime_Memory_calloc__E=0x1001c84d --define_symbol
#        ti_sysbios_family_arm_m3_Hwi_startup__E=0x1001c203 --define_symbol
#        xdc_runtime_SysCallback_exit__E=0x1001c821 --define_symbol
#        ti_sysbios_knl_Queue_empty__E=0x1001c113 --define_symbol
#        ti_sysbios_knl_Clock_logTick__E=0x1001be67 --define_symbol
#        ti_sysbios_knl_Task_yield__E=0x1001b3a9 --define_symbol
#        ti_sysbios_knl_Task_SupportProxy_getStackAlignment__E=0x1001c2f5
#        --define_symbol ti_sysbios_family_arm_m3_Hwi_create=0x1001ab15
#        --define_symbol xdc_runtime_Timestamp_SupportProxy_get32__E=0x1001c831
#        --define_symbol ti_sysbios_family_arm_m3_Hwi_destruct=0x1001c261
#        --define_symbol ti_sysbios_knl_Clock_stop__E=0x1001c225
#        --define_symbol
#        ti_sysbios_family_arm_m3_Hwi_doTaskRestore__I=0x1001c213
#        --define_symbol ti_sysbios_knl_Swi_run__I=0x1001afd9 --define_symbol
#        ti_sysbios_family_arm_cc26xx_Timer_Module__startupDone__S=0x1001bb49
#        --define_symbol xdc_runtime_Core_createObject__I=0x1001c405
#        --define_symbol ti_sysbios_knl_Queue_create=0x1001b921 --define_symbol
#        ti_sysbios_hal_Hwi_Object__delete__S=0x1001bc69 --define_symbol
#        ti_sysbios_knl_Clock_construct=0x1001b579 --define_symbol
#        xdc_runtime_System_abortSpin__E=0x1001c899 --define_symbol
#        ti_sysbios_family_arm_m3_Hwi_Object__destruct__S=0x1001be69
#        --define_symbol ti_sysbios_hal_Hwi_HwiProxy_delete=0x1001c27d
#        --define_symbol
#        ti_sysbios_gates_GateMutex_Object__create__S=0x1001b649
#        --define_symbol
#        ti_sysbios_family_arm_m3_Hwi_getStackInfo__E=0x1001b465
#        --define_symbol
#        ti_sysbios_heaps_HeapMem_Module_GateProxy_enter__E=0x1001c29d
#        --define_symbol ti_sysbios_knl_Semaphore_post__E=0x1001ac41
#        --define_symbol ti_sysbios_knl_Task_exit__E=0x1001b429 --define_symbol
#        ti_sysbios_heaps_HeapMem_Instance_init__E=0x1001b4d5 --define_symbol
#        ti_sysbios_knl_Swi_restore__E=0x1001b5e1 --define_symbol
#        ti_sysbios_knl_Task_startCore__E=0x1001ae75 --define_symbol
#        ti_sysbios_knl_Semaphore_create=0x1001b5ad --define_symbol
#        ti_sysbios_gates_GateHwi_enter__E=0x1001c16d --define_symbol
#        ti_sysbios_knl_Task_blockI__E=0x1001b615 --define_symbol
#        ti_sysbios_heaps_HeapMem_free__E=0x1001a795 --define_symbol
#        ti_sysbios_knl_Task_Object__destruct__S=0x1001bf65 --define_symbol
#        ti_sysbios_family_arm_cc26xx_Timer_periodicStub__E=0x1001a469
#        --define_symbol ti_sysbios_hal_Hwi_Instance_init__E=0x1001b9f9
#        --define_symbol ti_sysbios_gates_GateHwi_query__E=0x1001c269
#        --define_symbol xdc_runtime_System_processAtExit__E=0x1001c6b9
#        --define_symbol
#        ti_sysbios_family_arm_cc26xx_Timer_setPeriod__E=0x1001c259
#        --define_symbol xdc_runtime_Error_init__E=0x1001c841 --define_symbol
#        ti_sysbios_knl_Semaphore_Instance_init__E=0x1001bb01 --define_symbol
#        ti_sysbios_knl_Queue_head__E=0x1001c2d5 --define_symbol
#        xdc_runtime_Error_check__E=0x1001c7b9 --define_symbol
#        xdc_runtime_Error_policySpin__E=0x1001c487 --define_symbol
#        ti_sysbios_gates_GateMutex_create=0x1001b679 --define_symbol
#        xdc_runtime_Gate_leaveSystem__E=0x1001c879 --define_symbol
#        ti_sysbios_knl_Swi_restoreHwi__E=0x1001ad61 --define_symbol
#        ti_sysbios_knl_Task_sleep__E=0x1001a96d --define_symbol
#        ti_sysbios_knl_Task_create=0x1001ae19 --define_symbol
#        ti_sysbios_knl_Mailbox_Params__init__S=0x1001c19d --define_symbol
#        ti_sysbios_knl_Task_restoreHwi__E=0x1001be29 --define_symbol
#        ti_sysbios_knl_Mailbox_postInit__I=0x1001b8c9 --define_symbol
#        ti_sysbios_knl_Task_delete=0x1001c301 --define_symbol
#        ti_sysbios_heaps_HeapMem_isBlocking__E=0x1001c2a5 --define_symbol
#        ti_sysbios_knl_Clock_startI__E=0x1001a719 --define_symbol
#        ti_sysbios_knl_Clock_start__E=0x1001bfe3 --define_symbol
#        ti_sysbios_family_arm_m3_Hwi_Object__delete__S=0x1001bba9
#        --define_symbol
#        ti_sysbios_knl_Clock_TimerProxy_getPeriod__E=0x1001c2b1
#        --define_symbol ti_sysbios_knl_Task_SupportProxy_start__E=0x1001c2f9
#        --define_symbol ti_sysbios_heaps_HeapMem_Handle__label__S=0x1001bc89
#        --define_symbol ti_sysbios_family_arm_m3_Hwi_delete=0x1001c25d
#        --define_symbol ti_sysbios_knl_Semaphore_Object__delete__S=0x1001bb25
#        --define_symbol ti_sysbios_hal_Hwi_HwiProxy_getStackInfo__E=0x1001c289
#        --define_symbol ti_sysbios_knl_Idle_run__E=0x1001bd09 --define_symbol
#        ti_sysbios_knl_Swi_delete=0x1001c2e5 --define_symbol
#        xdc_runtime_Memory_valloc__E=0x1001c785 --define_symbol
#        ti_sysbios_knl_Mailbox_Object__delete__S=0x1001bd29 --define_symbol
#        ti_sysbios_family_arm_m3_TaskSupport_start__E=0x1001b49d
#        --define_symbol
#        ti_sysbios_family_arm_m3_Hwi_Module__startupDone__S=0x1001bb89
#        --define_symbol ti_sysbios_knl_Swi_startup__E=0x1001c23d
#        --define_symbol ti_sysbios_knl_Task_schedule__I=0x1001b175
#        --define_symbol ti_sysbios_gates_GateMutex_leave__E=0x1001bf9d
#        --define_symbol ti_sysbios_heaps_HeapMem_Object__delete__S=0x1001bca9
#        --define_symbol
#        ti_sysbios_knl_Clock_TimerProxy_setNextTick__E=0x1001c0b5
#        --define_symbol ti_sysbios_knl_Swi_Object__get__S=0x1001b979
#        --define_symbol ti_sysbios_knl_Task_restore__E=0x1001ba49
#        --define_symbol xdc_runtime_Memory_HeapProxy_alloc__E=0x1001c889
#        --define_symbol ti_sysbios_gates_GateHwi_Object__create__S=0x1001ba95
#        --define_symbol
#        ti_sysbios_hal_Hwi_HwiProxy_disableInterrupt__E=0x1001c281
#        --define_symbol ti_sysbios_BIOS_start__E=0x1001c055 --define_symbol
#        ti_sysbios_BIOS_exit__E=0x1001c035 --define_symbol
#        ti_sysbios_family_arm_m3_TaskSupport_getStackAlignment__E=0x1001c161
#        --define_symbol xdc_runtime_SysCallback_abort__E=0x1001c811
#        --define_symbol ti_sysbios_knl_Queue_destruct=0x1001c2d1
#        --define_symbol ti_sysbios_family_arm_m3_Hwi_postInit__I=0x1001a319
#        --define_symbol ti_sysbios_gates_GateMutex_Instance_init__E=0x1001bea1
#        --define_symbol ti_sysbios_knl_Task_Instance_finalize__E=0x1001a4fd
#        --define_symbol
#        ti_sysbios_knl_Clock_TimerProxy_getCurrentTick__E=0x1001c095
#        --define_symbol ti_sysbios_family_arm_m3_Hwi_disableFxn__E=0x1001c149
#        --define_symbol xdc_runtime_Memory_HeapProxy_free__E=0x1001c88d
#        --define_symbol ti_sysbios_knl_Mailbox_Module_startup__E=0x1001b251
#        --define_symbol ti_sysbios_knl_Task_Object__delete__S=0x1001bdc9
#        --define_symbol ti_sysbios_gates_GateHwi_Handle__label__S=0x1001bbe9
#        --define_symbol xdc_runtime_Text_ropeText__E=0x1001c7e9
#        --define_symbol ti_sysbios_knl_Clock_destruct=0x1001c2b9
#        --define_symbol ti_sysbios_knl_Queue_construct=0x1001b8f5
#        --define_symbol
#        ti_sysbios_family_arm_m3_Hwi_switchFromBootStack__E=0x1001c00d
#        --define_symbol ti_sysbios_heaps_HeapMem_Object__get__S=0x1001b871
#        --define_symbol ti_sysbios_hal_Hwi_HwiProxy_create=0x1001be49
#        --define_symbol ti_sysbios_gates_GateMutex_query__E=0x1001c275
#        --define_symbol ti_sysbios_knl_Swi_schedule__I=0x1001b031
#        --define_symbol ti_sysbios_knl_Task_Params__init__S=0x1001c1d9
#        --define_symbol
#        ti_sysbios_family_arm_m3_Hwi_Params__init__S=0x1001c13d
#        --define_symbol ti_sysbios_family_arm_m3_Hwi_plug__E=0x1001c065
#        --define_symbol xdc_runtime_System_exitSpin__E=0x1001c89b
#        --define_symbol ti_sysbios_gates_GateMutex_construct=0x1001b7ed
#        --define_symbol
#        xdc_runtime_System_Module_GateProxy_leave__E=0x1001c895
#        --define_symbol ti_sysbios_knl_Mailbox_pend__E=0x1001a8fd
#        --define_symbol
#        ti_sysbios_family_arm_m3_TaskSupport_Module__startupDone__S=0x1001c265
#        --define_symbol xdc_runtime_Core_assignLabel__I=0x1001c6ed
#        --define_symbol
#        xdc_runtime_System_Module_GateProxy_enter__E=0x1001c891
#        --define_symbol xdc_runtime_System_exit__E=0x1001c7d1 --define_symbol
#        ti_sysbios_knl_Swi_Params__init__S=0x1001c1cd --define_symbol
#        ti_sysbios_knl_Clock_workFunc__E=0x1001a885 --define_symbol
#        ti_sysbios_family_arm_m3_Hwi_restoreFxn__E=0x1001c219 --define_symbol
#        ti_sysbios_family_arm_cc26xx_TimestampProvider_Module_startup__E=0x1001bb69
#        --define_symbol ti_sysbios_knl_Semaphore_delete=0x1001c2dd
#        --define_symbol
#        ti_sysbios_family_arm_cc26xx_Timer_getPeriod__E=0x1001c255
#        --define_symbol ti_sysbios_family_arm_m3_Hwi_initNVIC__E=0x1001a699
#        --define_symbol ti_sysbios_knl_Clock_addI__E=0x1001ba21
#        --define_symbol
#        ti_sysbios_family_arm_m3_Hwi_Instance_finalize__E=0x1001aed1
#        --define_symbol ti_sysbios_heaps_HeapMem_alloc__E=0x1001a199
#        --define_symbol ti_sysbios_knl_Task_unblockI__E=0x1001b9a5
#        --define_symbol ti_sysbios_knl_Swi_Instance_finalize__E=0x1001bf9b
#        --define_symbol
#        ti_sysbios_family_arm_m3_Hwi_disableInterrupt__E=0x1001b299
#        --define_symbol ti_sysbios_family_arm_m3_Hwi_enableFxn__E=0x1001c155
#        --define_symbol xdc_runtime_Gate_enterSystem__E=0x1001c885
#        --define_symbol
#        ti_sysbios_gates_GateMutex_Object__delete__S=0x1001bab9
#        --define_symbol
#        ti_sysbios_family_arm_cc26xx_TimestampProvider_get64__E=0x1001b9d1
#        --define_symbol ti_sysbios_knl_Mailbox_Instance_init__E=0x1001a001
#        --define_symbol xdc_runtime_Text_cordText__E=0x1001c71d
#        --define_symbol xdc_runtime_Startup_exec__E=0x1001c559 --define_symbol
#        ti_sysbios_hal_Hwi_HwiProxy_Module__startupDone__S=0x1001c279
#        --define_symbol ti_sysbios_heaps_HeapMem_getStats__E=0x1001b209
#        --define_symbol ti_sysbios_knl_Task_SupportProxy_swap__E=0x1001c2fd
#        --define_symbol
#        xdc_runtime_Memory_getMaxDefaultTypeAlign__E=0x1001c859
#        --define_symbol ti_sysbios_knl_Task_Object__get__S=0x1001bde9
#        --define_symbol ti_sysbios_family_arm_m3_Hwi_construct=0x1001af29
#        --define_symbol
#        ti_sysbios_knl_Clock_TimerProxy_Module__startupDone__S=0x1001c2a9
#        --define_symbol ti_sysbios_knl_Clock_Module_startup__E=0x1001bcc9
#        --define_symbol ti_sysbios_knl_Mailbox_construct=0x1001af81
#        --define_symbol ti_sysbios_knl_Task_construct=0x1001b125
#        --define_symbol xdc_runtime_Core_constructObject__I=0x1001c639
#        --define_symbol ti_sysbios_knl_Queue_dequeue__E=0x1001c1a9
#        --define_symbol ti_sysbios_knl_Task_Module_startup__E=0x1001adbd
#        --define_symbol
#        ti_sysbios_family_arm_cc26xx_Timer_getExpiredTicks__E=0x1001c251
#        --define_symbol ti_sysbios_family_arm_m3_Hwi_Object__get__S=0x1001b7c1
#        --define_symbol ti_sysbios_knl_Mailbox_destruct=0x1001c2c9
#        --define_symbol xdc_runtime_System_Module_startup__E=0x1001c87f
#        --define_symbol ti_sysbios_knl_Swi_postInit__I=0x1001c2ed
#        --define_symbol
#        ti_sysbios_family_arm_m3_Hwi_Module_startup__E=0x1001b1c1
#        --define_symbol ti_sysbios_gates_GateMutex_enter__E=0x1001b6a9
#        --define_symbol ti_sysbios_family_arm_m3_Hwi_setPriority__E=0x1001be85
#        --define_symbol ti_sysbios_knl_Queue_Object__get__S=0x1001bd69
#        --define_symbol ti_sysbios_knl_Clock_setTimeout__E=0x1001c2c1
#        --define_symbol ti_sysbios_knl_Task_swapReturn=0x1001ca71
#        --define_symbol ti_sysbios_family_arm_m3_TaskSupport_glue=0x1001ca59
#        --define_symbol
#        ti_sysbios_family_arm_m3_TaskSupport_buildTaskStack=0x1001c96d
#        --define_symbol
#        ti_sysbios_family_arm_m3_TaskSupport_swap__E=0x1001ca69
#        --define_symbol
#        ti_sysbios_family_arm_m3_Hwi_excHandlerAsm__I=0x1001ca01
#        --define_symbol ti_sysbios_family_arm_m3_Hwi_return=0x1001ca57
#        --define_symbol ti_sysbios_family_arm_m3_Hwi_pendSV__I=0x1001ca3f
#        --define_symbol ti_sysbios_family_arm_m3_Hwi_dispatch__I=0x1001c89d
#        --define_symbol ti_sysbios_family_xxx_Hwi_switchAndRunFunc=0x1001ca21
#        --define_symbol ti_sysbios_family_arm_m3_Hwi_initStacks__E=0x1001c9b9
#        --define_symbol
#        ti_sysbios_BIOS_RtsGateProxy_Object__delete__S=0x1001bab9
#        --define_symbol
#        ti_sysbios_BIOS_RtsGateProxy_Params__init__S=0x1001c179
#        --define_symbol
#        ti_sysbios_BIOS_RtsGateProxy_Handle__label__S=0x1001bc29
#        --define_symbol ti_sysbios_BIOS_RtsGateProxy_query__E=0x1001c275
#        --define_symbol ti_sysbios_knl_Clock_TimerProxy_startup__E=0x1001b795
#        --define_symbol ti_sysbios_hal_Hwi_disableInterrupt__E=0x1001c281
#        --define_symbol ti_sysbios_hal_Hwi_enableInterrupt__E=0x1001c285
#        --define_symbol ti_sysbios_hal_Hwi_getStackInfo__E=0x1001c289
#        --define_symbol ti_sysbios_hal_Hwi_startup__E=0x1001c28d
#        --define_symbol
#        ti_sysbios_hal_Hwi_HwiProxy_Object__delete__S=0x1001bba9
#        --define_symbol ti_sysbios_hal_Hwi_HwiProxy_Params__init__S=0x1001c13d
#        --define_symbol
#        ti_sysbios_heaps_HeapMem_Module_GateProxy_query__E=0x1001c275
#        --define_symbol
#        ti_sysbios_heaps_HeapMem_Module_GateProxy_Object__delete__S=0x1001bab9
#        --define_symbol
#        ti_sysbios_heaps_HeapMem_Module_GateProxy_Params__init__S=0x1001c179
#        --define_symbol
#        ti_sysbios_heaps_HeapMem_Module_GateProxy_Handle__label__S=0x1001bc29
#        --define_symbol xdc_runtime_Timestamp_SupportProxy_get64__E=0x1001b9d1
#        --define_symbol
#        xdc_runtime_Timestamp_SupportProxy_getFreq__E=0x1001c12f
#        --define_symbol xdc_runtime_Timestamp_get32__E=0x1001c831
#        --define_symbol xdc_runtime_Timestamp_get64__E=0x1001b9d1
#        --define_symbol xdc_runtime_Timestamp_getFreq__E=0x1001c12f
#        --define_symbol
#        xdc_runtime_Memory_HeapProxy_Object__delete__S=0x1001bca9
#        --define_symbol
#        xdc_runtime_Memory_HeapProxy_Handle__label__S=0x1001bc89
#        --define_symbol
#        xdc_runtime_System_Module_GateProxy_Object__delete__S=0x1001bc09
#        --define_symbol
#        xdc_runtime_System_Module_GateProxy_Handle__label__S=0x1001bbe9
#        --define_symbol
#        xdc_runtime_System_Module_GateProxy_query__E=0x1001c269
#        --define_symbol xdc_runtime_Startup__EXECFXN__C=1 --define_symbol
#        xdc_runtime_Startup__RESETFXN__C=1 --config_search
#        C:/ti/tirtos_simplelink_2_13_00_06/products/bios_6_42_00_08/packages/ti/sysbios/rom/cortexm/cc26xx/golden/CC26xx/
#        --config_def USE_TIRTOS_ROM=1 --keep __ASM__ --keep __PLAT__ --keep
#        __ISA__ --keep __TARG__ --keep __TRDR__) -f
#        C:\ti\simplelink\ble_cc26xx_2_01_01_44627\Projects\ble\Free_Write\CC26XX\IAR\Application\FreeWrite\..\..\Config\IAR-Boundary.xcl
#        (--config_def ICALL_STACK0_ADDR=0x0000E000 --config_def
#        ICALL_RAM0_ADDR=0x20004458) --semihosting
#        C:\ti\tirtos_simplelink_2_13_00_06\products\cc26xxware_2_21_01_15600\driverlib\bin\iar\driverlib.lib
#        --entry __iar_program_start --vfe
#
###############################################################################

*******************************************************************************
*** RUNTIME MODEL ATTRIBUTES
***

CppFlavor       = *
__SystemLibrary = DLib


*******************************************************************************
*** RESERVED RANGES
***

Ranges reserved by absolute symbols:
   [0x20000000-0x200000c7]


*******************************************************************************
*** PLACEMENT SUMMARY
***

"A1":  place at end of [0x0001f000-0x0001ffff] { ro section .ccfg };
"A2":  place at 0x00000000 { ro section .intvec };
"A4":  place at end of [0x20000000-0x20004457] { block CSTACK };
"P2":  place in [from 0x00000000 to 0x0000dfff] { ro };
"P3":  place in [from 0x20000000 to 0x20004457] { rw };
"A5":  place at 0x0000058c { ro section .const_xdc_runtime_Error_policy__C };
"A6":  place at 0x00000538 {
          ro section .const_xdc_runtime_IModule_Interface__BASE__C };
"A7":  place at 0x0000051c { ro section .const_xdc_runtime_Startup_lastFxns__C };
"A8":  place at 0x00000310 {
          ro section .const_ti_sysbios_gates_GateMutex_Object__DESC__C };
"A9":  place at 0x000005ac {
          ro section .const_ti_sysbios_rom_ROM_ti_sysbios_family_arm_cc26xx_Timer_initDevice__I };
"A10": place at 0x0000054c { ro section .const_xdc_runtime_Startup_execImpl__C };
"A11": place at 0x000005cc {
          ro section .const_ti_sysbios_gates_GateMutex_Instance_State_sem__O };
"A12": place at 0x000005a8 {
          ro section .const_ti_sysbios_rom_ROM_ti_sysbios_family_arm_cc26xx_Timer_getMaxTicks__E };
"A13": place at 0x000004dc {
          ro section .const_ti_sysbios_knl_Swi_Object__count__C };
"A14": place at 0x00000478 { ro section .const_ti_sysbios_knl_Idle_funcList__C };
"A15": place at 0x00000170 {
          ro section .const_ti_sysbios_family_arm_m3_Hwi_Object__PARAMS__C };
"A16": place at 0x0000058a { ro section .const_xdc_runtime_Text_isLoaded__C };
"A17": place at 0x00000370 {
          ro section .const_ti_sysbios_knl_Clock_Object__DESC__C };
"A19": place at 0x000005d4 {
          ro section .const_ti_sysbios_knl_Mailbox_Instance_State_dataQue__O };
"A20": place at 0x00000240 {
          ro section .const_ti_sysbios_gates_GateMutex_Module__FXNS__C };
"A21": place at 0x000005e8 {
          ro section .const_ti_sysbios_knl_Task_Module_State_inactiveQ__O };
"A22": place at 0x00000506 {
          ro section .const_ti_sysbios_family_arm_m3_Hwi_Module__id__C };
"A23": place at 0x00000502 {
          ro section .const_ti_sysbios_family_arm_cc26xx_Timer_Module__id__C };
"A24": place at 0x000004d0 {
          ro section .const_ti_sysbios_knl_Mailbox_Object__table__C };
"A25": place at 0x00000498 {
          ro section .const_ti_sysbios_family_arm_m3_Hwi_Object__table__C };
"A26": place at 0x000003f0 {
          ro section .const_ti_sysbios_knl_Swi_Object__DESC__C };
"A27": place at 0x00000588 { ro section .const_xdc_runtime_Text_charCnt__C };
"A28": place at 0x000005b8 {
          ro section .const_ti_sysbios_rom_ROM_ti_sysbios_family_arm_cc26xx_Timer_start__E };
"A29": place at 0x000004c0 {
          ro section .const_ti_sysbios_heaps_HeapMem_Object__table__C };
"A30": place at 0x0000052c { ro section .const_xdc_runtime_Error_policyFxn__C };
"A31": place at 0x000005a0 {
          ro section .const_ti_sysbios_rom_ROM_ti_sysbios_family_arm_cc26xx_Timer_getCount64__E };
"A32": place at 0x00000514 {
          ro section .const_xdc_runtime_Startup_firstFxns__C };
"A33": place at 0x000001f4 {
          ro section .const_ti_sysbios_knl_Swi_Object__PARAMS__C };
"A34": place at 0x000004c8 {
          ro section .const_ti_sysbios_knl_Clock_serviceMargin__C };
"A35": place at 0x00000574 { ro section .const_xdc_runtime_Text_charTab__C };
"A36": place at 0x00000598 {
          ro section .const_ti_sysbios_rom_ROM_AONRTCCurrentCompareValueGet };
"A37": place at 0x000005bc {
          ro section .const_ti_sysbios_rom_ROM_ti_sysbios_family_arm_cc26xx_TimestampProvider_get32__E };
"A38": place at 0x000005a4 {
          ro section .const_ti_sysbios_rom_ROM_ti_sysbios_family_arm_cc26xx_Timer_getCurrentTick__E };
"A39": place at 0x000004b0 {
          ro section .const_ti_sysbios_family_arm_m3_TaskSupport_stackAlignment__C };
"A40": place at 0x00000490 {
          ro section .const_ti_sysbios_family_arm_m3_Hwi_NUM_INTERRUPTS__C };
"A41": place at 0x00000544 {
          ro section .const_xdc_runtime_Main_Module__diagsMask__C };
"A42": place at 0x000004e0 {
          ro section .const_ti_sysbios_knl_Swi_Object__table__C };
"A44": place at 0x00000586 {
          ro section .const_xdc_runtime_Memory_Module__id__C };
"A45": place at 0x00000100 {
          ro section .const_ti_sysbios_knl_Task_Object__PARAMS__C };
"A46": place at 0x00000448 {
          ro section .const_ti_sysbios_gates_GateMutex_Object__PARAMS__C };
"A47": place at 0x000004b8 {
          ro section .const_ti_sysbios_heaps_HeapMem_Module__gateObj__C };
"A48": place at 0x00000484 {
          ro section .const_ti_sysbios_family_arm_cc26xx_Timer_startupNeeded__C };
"A49": place at 0x000003b0 {
          ro section .const_ti_sysbios_knl_Queue_Object__DESC__C };
"A50": place at 0x00000410 {
          ro section .const_ti_sysbios_knl_Task_Object__DESC__C };
"A51": place at 0x00000524 {
          ro section .const_xdc_runtime_Assert_E_assertFailed__C };
"A52": place at 0x00000264 {
          ro section .const_ti_sysbios_heaps_HeapMem_Object__PARAMS__C };
"A53": place at 0x00000508 {
          ro section .const_ti_sysbios_gates_GateHwi_Module__id__C };
"A54": place at 0x00000430 {
          ro section .const_ti_sysbios_gates_GateHwi_Object__PARAMS__C };
"A55": place at 0x00000534 {
          ro section .const_xdc_runtime_IHeap_Interface__BASE__C };
"A56": place at 0x00000564 {
          ro section .const_xdc_runtime_SysCallback_exitFxn__C };
"A57": place at 0x0000050c {
          ro section .const_ti_sysbios_heaps_HeapMem_Module__id__C };
"A58": place at 0x000004a0 {
          ro section .const_ti_sysbios_family_arm_m3_Hwi_excHandlerFunc__C };
"A59": place at 0x000001cc {
          ro section .const_ti_sysbios_heaps_HeapMem_Module__FXNS__C };
"A60": place at 0x00000570 {
          ro section .const_xdc_runtime_System_maxAtexitHandlers__C };
"A61": place at 0x000004d4 {
          ro section .const_ti_sysbios_knl_Queue_Object__count__C };
"A62": place at 0x000004ec {
          ro section .const_ti_sysbios_knl_Task_Object__table__C };
"A63": place at 0x00000390 {
          ro section .const_ti_sysbios_knl_Mailbox_Object__DESC__C };
"A64": place at 0x000004a4 {
          ro section .const_ti_sysbios_family_arm_m3_Hwi_nullIsrFunc__C };
"A65": place at 0x00000510 {
          ro section .const_ti_sysbios_knl_Clock_tickMode__C };
"A66": place at 0x0000050a {
          ro section .const_ti_sysbios_gates_GateMutex_Module__id__C };
"A67": place at 0x000004e4 {
          ro section .const_ti_sysbios_knl_Swi_numPriorities__C };
"A68": place at 0x000004fc {
          ro section .const_ti_sysbios_knl_Task_numConstructedTasks__C };
"A69": place at 0x00000550 {
          ro section .const_xdc_runtime_Startup_maxPasses__C };
"A70": place at 0x0000059c {
          ro section .const_ti_sysbios_rom_ROM_AONRTCEventClear };
"A71": place at 0x0000050e {
          ro section .const_ti_sysbios_knl_Task_initStackFlag__C };
"A72": place at 0x0000053c {
          ro section .const_xdc_runtime_Main_Module__diagsEnabled__C };
"A73": place at 0x00000540 {
          ro section .const_xdc_runtime_Main_Module__diagsIncluded__C };
"A74": place at 0x00000568 { ro section .const_xdc_runtime_System_abortFxn__C };
"A75": place at 0x000005d8 {
          ro section .const_ti_sysbios_knl_Mailbox_Instance_State_dataSem__O };
"A76": place at 0x0000021c {
          ro section .const_ti_sysbios_gates_GateHwi_Module__FXNS__C };
"A77": place at 0x00000330 {
          ro section .const_ti_sysbios_hal_Hwi_Object__DESC__C };
"A78": place at 0x000004ac {
          ro section .const_ti_sysbios_family_arm_m3_Hwi_priGroup__C };
"A79": place at 0x00000528 { ro section .const_xdc_runtime_Error_E_memory__C };
"A80": place at 0x00000488 {
          ro section .const_ti_sysbios_family_arm_m3_Hwi_E_alreadyDefined__C };
"A81": place at 0x000005e0 {
          ro section .const_ti_sysbios_knl_Mailbox_Instance_State_freeSem__O };
"A82": place at 0x000004d8 {
          ro section .const_ti_sysbios_knl_Queue_Object__table__C };
"A83": place at 0x000002ac {
          ro section .const_ti_sysbios_knl_Semaphore_Object__PARAMS__C };
"A84": place at 0x0000056c { ro section .const_xdc_runtime_System_exitFxn__C };
"A85": place at 0x00000288 {
          ro section .const_ti_sysbios_knl_Clock_Object__PARAMS__C };
"A86": place at 0x00000594 {
          ro section .const_ti_sysbios_rom_ROM_AONRTCCompareValueSet };
"A87": place at 0x000005b0 {
          ro section .const_ti_sysbios_rom_ROM_ti_sysbios_family_arm_cc26xx_Timer_setNextTick__E };
"A88": place at 0x000004c4 {
          ro section .const_ti_sysbios_heaps_HeapMem_reqAlign__C };
"A89": place at 0x00000584 { ro section .const_xdc_runtime_Main_Module__id__C };
"A90": place at 0x00000554 { ro section .const_xdc_runtime_Startup_sfxnRts__C };
"A91": place at 0x000003d0 {
          ro section .const_ti_sysbios_knl_Semaphore_Object__DESC__C };
"A92": place at 0x000002f0 {
          ro section .const_ti_sysbios_gates_GateHwi_Object__DESC__C };
"A93": place at 0x000004bc {
          ro section .const_ti_sysbios_heaps_HeapMem_Object__count__C };
"A94": place at 0x000004a8 {
          ro section .const_ti_sysbios_family_arm_m3_Hwi_numSparseInterrupts__C };
"A95": place at 0x00000504 {
          ro section .const_ti_sysbios_family_arm_cc26xx_TimestampProvider_useClockTimer__C };
"A96": place at 0x000005c8 {
          ro section .const_ti_sysbios_rom_ROM_xdc_runtime_System_SupportProxy_exit__E };
"A97": place at 0x00000460 {
          ro section .const_ti_sysbios_knl_Queue_Object__PARAMS__C };
"A98": place at 0x000004f0 {
          ro section .const_ti_sysbios_knl_Task_allBlockedFunc__C };
"A99": place at 0x000005c4 {
          ro section .const_ti_sysbios_rom_ROM_xdc_runtime_System_SupportProxy_abort__E };
"A100":
       place at 0x000004cc {
          ro section .const_ti_sysbios_knl_Mailbox_Object__count__C };
"A101":
       place at 0x0000057c { ro section .const_xdc_runtime_Text_nameStatic__C };
"A102":
       place at 0x000005c0 {
          ro section .const_ti_sysbios_rom_ROM_xdc_runtime_Startup_getState__I };
"A103":
       place at 0x000005d0 {
          ro section .const_ti_sysbios_knl_Clock_Module_State_clockQ__O };
"A104":
       place at 0x000004f8 {
          ro section .const_ti_sysbios_knl_Task_defaultStackSize__C };
"A105":
       place at 0x00000530 {
          ro section .const_xdc_runtime_IGateProvider_Interface__BASE__C };
"A106":
       place at 0x0000048c {
          ro section .const_ti_sysbios_family_arm_m3_Hwi_E_hwiLimitExceeded__C };
"A107":
       place at 0x0000055c {
          ro section .const_xdc_runtime_Startup_startModsFxn__C };
"A108":
       place at 0x000005e4 {
          ro section .const_ti_sysbios_knl_Semaphore_Instance_State_pendQ__O };
"A109":
       place at 0x000002d0 {
          ro section .const_ti_sysbios_family_arm_m3_Hwi_Object__DESC__C };
"A110":
       place at 0x00000578 { ro section .const_xdc_runtime_Text_nameEmpty__C };
"A111":
       place at 0x00000494 {
          ro section .const_ti_sysbios_family_arm_m3_Hwi_Object__count__C };
"A112":
       place at 0x00000560 {
          ro section .const_xdc_runtime_SysCallback_abortFxn__C };
"A113":
       place at 0x000004f4 {
          ro section .const_ti_sysbios_knl_Task_defaultStackHeap__C };
"A114":
       place at 0x0000049c {
          ro section .const_ti_sysbios_family_arm_m3_Hwi_ccr__C };
"A115":
       place at 0x0000013c {
          ro section .const_ti_sysbios_knl_Mailbox_Object__PARAMS__C };
"A116":
       place at 0x000001a0 {
          ro section .const_ti_sysbios_hal_Hwi_Object__PARAMS__C };
"A117":
       place at 0x000004b4 {
          ro section .const_ti_sysbios_heaps_HeapMem_E_memory__C };
"A118":
       place at 0x000004e8 {
          ro section .const_ti_sysbios_knl_Task_Object__count__C };
"A119":
       place at 0x00000590 {
          ro section .const_ti_sysbios_rom_ROM_AONRTCChannelEnable };
"A120":
       place at 0x00000350 {
          ro section .const_ti_sysbios_heaps_HeapMem_Object__DESC__C };
"A121":
       place at 0x00000580 { ro section .const_xdc_runtime_Text_nameUnknown__C };
"A122":
       place at 0x00000548 {
          ro section .const_xdc_runtime_Memory_defaultHeapInstance__C };
"A123":
       place at 0x000005dc {
          ro section .const_ti_sysbios_knl_Mailbox_Instance_State_freeQue__O };
"A124":
       place at 0x000005b4 {
          ro section .const_ti_sysbios_rom_ROM_ti_sysbios_family_arm_cc26xx_Timer_setThreshold__I };
"A125":
       place at 0x00000558 { ro section .const_xdc_runtime_Startup_sfxnTab__C };
"A126":
       place at 0x20000178 {
          rw section .data_ti_sysbios_knl_Clock_Module__state__V };
"A127":
       place at 0x200001ec {
          rw section .data_ti_sysbios_family_arm_cc26xx_TimestampProvider_Module__state__V };
"A128":
       place at 0x200001f0 {
          rw section .data_xdc_runtime_Startup_Module__state__V };
"A129":
       place at 0x200001a4 { rw section .data_ti_sysbios_BIOS_Module__state__V };
"A130":
       place at 0x200001c8 {
          rw section .data_ti_sysbios_knl_Swi_Module__state__V };
"A131":
       place at 0x20000100 {
          rw section .data_ti_sysbios_knl_Task_Module__state__V };
"A132":
       place at 0x20000200 {
          rw section .data_xdc_runtime_Memory_Module__state__V };
"A133":
       place at 0x200001f8 {
          rw section .data_xdc_runtime_System_Module__state__V };
"A134":
       place at 0x20000144 {
          rw section .data_ti_sysbios_family_arm_m3_Hwi_Module__state__V };
"A135":
       place at 0x200001e4 {
          rw section .data_ti_sysbios_family_arm_cc26xx_Timer_Module__state__V };

  Section                 Kind        Address    Size  Object
  -------                 ----        -------    ----  ------
"A2":                                            0x3c
  .intvec                 const    0x00000000    0x3c  appBLE_prm3.orm3 [2]
                                 - 0x0000003c    0x3c

"P2", part 1 of 4:                               0xc0
  .text                   ro code  0x0000003c    0x4e  FltToDbl.o [7]
  .const_xdc_runtime_Text_registryModsLastId__C
                          const    0x0000008a     0x2  appBLE_prm3.orm3 [2]
  .text                   ro code  0x0000008c    0x44  FltToS32.o [7]
  .const_xdc_runtime_Text_unnamedModsLastId__C
                          const    0x000000d0     0x2  appBLE_prm3.orm3 [2]
  .rodata                 const    0x000000d4    0x1c  devinfoservice.o [1]
  .text                   ro code  0x000000f0     0x2  I64DivZer.o [8]
  .text                   ro code  0x000000f2     0x4  low_level_init.o [5]
  .const_ti_sysbios_family_arm_cc26xx_Power_Module_State_clockObj__O
                          const    0x000000f8     0x4  appBLE_prm3.orm3 [2]
                                 - 0x000000fc    0xc0

"A45":                                           0x3c
  .const_ti_sysbios_knl_Task_Object__PARAMS__C
                          const    0x00000100    0x3c  appBLE_prm3.orm3 [2]
                                 - 0x0000013c    0x3c

"A115":                                          0x34
  .const_ti_sysbios_knl_Mailbox_Object__PARAMS__C
                          const    0x0000013c    0x34  appBLE_prm3.orm3 [2]
                                 - 0x00000170    0x34

"A15":                                           0x30
  .const_ti_sysbios_family_arm_m3_Hwi_Object__PARAMS__C
                          const    0x00000170    0x30  appBLE_prm3.orm3 [2]
                                 - 0x000001a0    0x30

"A116":                                          0x2c
  .const_ti_sysbios_hal_Hwi_Object__PARAMS__C
                          const    0x000001a0    0x2c  appBLE_prm3.orm3 [2]
                                 - 0x000001cc    0x2c

"A59":                                           0x28
  .const_ti_sysbios_heaps_HeapMem_Module__FXNS__C
                          const    0x000001cc    0x28  appBLE_prm3.orm3 [2]
                                 - 0x000001f4    0x28

"A33":                                           0x28
  .const_ti_sysbios_knl_Swi_Object__PARAMS__C
                          const    0x000001f4    0x28  appBLE_prm3.orm3 [2]
                                 - 0x0000021c    0x28

"A76":                                           0x24
  .const_ti_sysbios_gates_GateHwi_Module__FXNS__C
                          const    0x0000021c    0x24  appBLE_prm3.orm3 [2]
                                 - 0x00000240    0x24

"A20":                                           0x24
  .const_ti_sysbios_gates_GateMutex_Module__FXNS__C
                          const    0x00000240    0x24  appBLE_prm3.orm3 [2]
                                 - 0x00000264    0x24

"A52":                                           0x24
  .const_ti_sysbios_heaps_HeapMem_Object__PARAMS__C
                          const    0x00000264    0x24  appBLE_prm3.orm3 [2]
                                 - 0x00000288    0x24

"A85":                                           0x24
  .const_ti_sysbios_knl_Clock_Object__PARAMS__C
                          const    0x00000288    0x24  appBLE_prm3.orm3 [2]
                                 - 0x000002ac    0x24

"A83":                                           0x24
  .const_ti_sysbios_knl_Semaphore_Object__PARAMS__C
                          const    0x000002ac    0x24  appBLE_prm3.orm3 [2]
                                 - 0x000002d0    0x24

"A109":                                          0x20
  .const_ti_sysbios_family_arm_m3_Hwi_Object__DESC__C
                          const    0x000002d0    0x20  appBLE_prm3.orm3 [2]
                                 - 0x000002f0    0x20

"A92":                                           0x20
  .const_ti_sysbios_gates_GateHwi_Object__DESC__C
                          const    0x000002f0    0x20  appBLE_prm3.orm3 [2]
                                 - 0x00000310    0x20

"A8":                                            0x20
  .const_ti_sysbios_gates_GateMutex_Object__DESC__C
                          const    0x00000310    0x20  appBLE_prm3.orm3 [2]
                                 - 0x00000330    0x20

"A77":                                           0x20
  .const_ti_sysbios_hal_Hwi_Object__DESC__C
                          const    0x00000330    0x20  appBLE_prm3.orm3 [2]
                                 - 0x00000350    0x20

"A120":                                          0x20
  .const_ti_sysbios_heaps_HeapMem_Object__DESC__C
                          const    0x00000350    0x20  appBLE_prm3.orm3 [2]
                                 - 0x00000370    0x20

"A17":                                           0x20
  .const_ti_sysbios_knl_Clock_Object__DESC__C
                          const    0x00000370    0x20  appBLE_prm3.orm3 [2]
                                 - 0x00000390    0x20

"A63":                                           0x20
  .const_ti_sysbios_knl_Mailbox_Object__DESC__C
                          const    0x00000390    0x20  appBLE_prm3.orm3 [2]
                                 - 0x000003b0    0x20

"A49":                                           0x20
  .const_ti_sysbios_knl_Queue_Object__DESC__C
                          const    0x000003b0    0x20  appBLE_prm3.orm3 [2]
                                 - 0x000003d0    0x20

"A91":                                           0x20
  .const_ti_sysbios_knl_Semaphore_Object__DESC__C
                          const    0x000003d0    0x20  appBLE_prm3.orm3 [2]
                                 - 0x000003f0    0x20

"A26":                                           0x20
  .const_ti_sysbios_knl_Swi_Object__DESC__C
                          const    0x000003f0    0x20  appBLE_prm3.orm3 [2]
                                 - 0x00000410    0x20

"A50":                                           0x20
  .const_ti_sysbios_knl_Task_Object__DESC__C
                          const    0x00000410    0x20  appBLE_prm3.orm3 [2]
                                 - 0x00000430    0x20

"A54":                                           0x18
  .const_ti_sysbios_gates_GateHwi_Object__PARAMS__C
                          const    0x00000430    0x18  appBLE_prm3.orm3 [2]
                                 - 0x00000448    0x18

"A46":                                           0x18
  .const_ti_sysbios_gates_GateMutex_Object__PARAMS__C
                          const    0x00000448    0x18  appBLE_prm3.orm3 [2]
                                 - 0x00000460    0x18

"A97":                                           0x18
  .const_ti_sysbios_knl_Queue_Object__PARAMS__C
                          const    0x00000460    0x18  appBLE_prm3.orm3 [2]
                                 - 0x00000478    0x18

"A14":                                            0x8
  .const_ti_sysbios_knl_Idle_funcList__C
                          const    0x00000478     0x8  appBLE_prm3.orm3 [2]
                                 - 0x00000480     0x8

"P2", part 2 of 4:                                0x1
  .const_xdc_runtime_Text_charTab__A
                          const    0x00000480     0x1  appBLE_prm3.orm3 [2]
  .rodata                 const    0x00000481     0x0  zero_init3.o [8]
  .rodata                 const    0x00000481     0x0  lz77_init.o [8]
                                 - 0x00000481     0x1

"A48":                                            0x4
  .const_ti_sysbios_family_arm_cc26xx_Timer_startupNeeded__C
                          const    0x00000484     0x4  appBLE_prm3.orm3 [2]
                                 - 0x00000488     0x4

"A80":                                            0x4
  .const_ti_sysbios_family_arm_m3_Hwi_E_alreadyDefined__C
                          const    0x00000488     0x4  appBLE_prm3.orm3 [2]
                                 - 0x0000048c     0x4

"A106":                                           0x4
  .const_ti_sysbios_family_arm_m3_Hwi_E_hwiLimitExceeded__C
                          const    0x0000048c     0x4  appBLE_prm3.orm3 [2]
                                 - 0x00000490     0x4

"A40":                                            0x4
  .const_ti_sysbios_family_arm_m3_Hwi_NUM_INTERRUPTS__C
                          const    0x00000490     0x4  appBLE_prm3.orm3 [2]
                                 - 0x00000494     0x4

"A111":                                           0x4
  .const_ti_sysbios_family_arm_m3_Hwi_Object__count__C
                          const    0x00000494     0x4  appBLE_prm3.orm3 [2]
                                 - 0x00000498     0x4

"A25":                                            0x4
  .const_ti_sysbios_family_arm_m3_Hwi_Object__table__C
                          const    0x00000498     0x4  appBLE_prm3.orm3 [2]
                                 - 0x0000049c     0x4

"A114":                                           0x4
  .const_ti_sysbios_family_arm_m3_Hwi_ccr__C
                          const    0x0000049c     0x4  appBLE_prm3.orm3 [2]
                                 - 0x000004a0     0x4

"A58":                                            0x4
  .const_ti_sysbios_family_arm_m3_Hwi_excHandlerFunc__C
                          const    0x000004a0     0x4  appBLE_prm3.orm3 [2]
                                 - 0x000004a4     0x4

"A64":                                            0x4
  .const_ti_sysbios_family_arm_m3_Hwi_nullIsrFunc__C
                          const    0x000004a4     0x4  appBLE_prm3.orm3 [2]
                                 - 0x000004a8     0x4

"A94":                                            0x4
  .const_ti_sysbios_family_arm_m3_Hwi_numSparseInterrupts__C
                          const    0x000004a8     0x4  appBLE_prm3.orm3 [2]
                                 - 0x000004ac     0x4

"A78":                                            0x4
  .const_ti_sysbios_family_arm_m3_Hwi_priGroup__C
                          const    0x000004ac     0x4  appBLE_prm3.orm3 [2]
                                 - 0x000004b0     0x4

"A39":                                            0x4
  .const_ti_sysbios_family_arm_m3_TaskSupport_stackAlignment__C
                          const    0x000004b0     0x4  appBLE_prm3.orm3 [2]
                                 - 0x000004b4     0x4

"A117":                                           0x4
  .const_ti_sysbios_heaps_HeapMem_E_memory__C
                          const    0x000004b4     0x4  appBLE_prm3.orm3 [2]
                                 - 0x000004b8     0x4

"A47":                                            0x4
  .const_ti_sysbios_heaps_HeapMem_Module__gateObj__C
                          const    0x000004b8     0x4  appBLE_prm3.orm3 [2]
                                 - 0x000004bc     0x4

"A93":                                            0x4
  .const_ti_sysbios_heaps_HeapMem_Object__count__C
                          const    0x000004bc     0x4  appBLE_prm3.orm3 [2]
                                 - 0x000004c0     0x4

"A29":                                            0x4
  .const_ti_sysbios_heaps_HeapMem_Object__table__C
                          const    0x000004c0     0x4  appBLE_prm3.orm3 [2]
                                 - 0x000004c4     0x4

"A88":                                            0x4
  .const_ti_sysbios_heaps_HeapMem_reqAlign__C
                          const    0x000004c4     0x4  appBLE_prm3.orm3 [2]
                                 - 0x000004c8     0x4

"A34":                                            0x4
  .const_ti_sysbios_knl_Clock_serviceMargin__C
                          const    0x000004c8     0x4  appBLE_prm3.orm3 [2]
                                 - 0x000004cc     0x4

"A100":                                           0x4
  .const_ti_sysbios_knl_Mailbox_Object__count__C
                          const    0x000004cc     0x4  appBLE_prm3.orm3 [2]
                                 - 0x000004d0     0x4

"A24":                                            0x4
  .const_ti_sysbios_knl_Mailbox_Object__table__C
                          const    0x000004d0     0x4  appBLE_prm3.orm3 [2]
                                 - 0x000004d4     0x4

"A61":                                            0x4
  .const_ti_sysbios_knl_Queue_Object__count__C
                          const    0x000004d4     0x4  appBLE_prm3.orm3 [2]
                                 - 0x000004d8     0x4

"A82":                                            0x4
  .const_ti_sysbios_knl_Queue_Object__table__C
                          const    0x000004d8     0x4  appBLE_prm3.orm3 [2]
                                 - 0x000004dc     0x4

"A13":                                            0x4
  .const_ti_sysbios_knl_Swi_Object__count__C
                          const    0x000004dc     0x4  appBLE_prm3.orm3 [2]
                                 - 0x000004e0     0x4

"A42":                                            0x4
  .const_ti_sysbios_knl_Swi_Object__table__C
                          const    0x000004e0     0x4  appBLE_prm3.orm3 [2]
                                 - 0x000004e4     0x4

"A67":                                            0x4
  .const_ti_sysbios_knl_Swi_numPriorities__C
                          const    0x000004e4     0x4  appBLE_prm3.orm3 [2]
                                 - 0x000004e8     0x4

"A118":                                           0x4
  .const_ti_sysbios_knl_Task_Object__count__C
                          const    0x000004e8     0x4  appBLE_prm3.orm3 [2]
                                 - 0x000004ec     0x4

"A62":                                            0x4
  .const_ti_sysbios_knl_Task_Object__table__C
                          const    0x000004ec     0x4  appBLE_prm3.orm3 [2]
                                 - 0x000004f0     0x4

"A98":                                            0x4
  .const_ti_sysbios_knl_Task_allBlockedFunc__C
                          const    0x000004f0     0x4  appBLE_prm3.orm3 [2]
                                 - 0x000004f4     0x4

"A113":                                           0x4
  .const_ti_sysbios_knl_Task_defaultStackHeap__C
                          const    0x000004f4     0x4  appBLE_prm3.orm3 [2]
                                 - 0x000004f8     0x4

"A104":                                           0x4
  .const_ti_sysbios_knl_Task_defaultStackSize__C
                          const    0x000004f8     0x4  appBLE_prm3.orm3 [2]
                                 - 0x000004fc     0x4

"A68":                                            0x4
  .const_ti_sysbios_knl_Task_numConstructedTasks__C
                          const    0x000004fc     0x4  appBLE_prm3.orm3 [2]
                                 - 0x00000500     0x4

"A23":                                            0x2
  .const_ti_sysbios_family_arm_cc26xx_Timer_Module__id__C
                          const    0x00000502     0x2  appBLE_prm3.orm3 [2]
                                 - 0x00000504     0x2

"A95":                                            0x2
  .const_ti_sysbios_family_arm_cc26xx_TimestampProvider_useClockTimer__C
                          const    0x00000504     0x2  appBLE_prm3.orm3 [2]
                                 - 0x00000506     0x2

"A22":                                            0x2
  .const_ti_sysbios_family_arm_m3_Hwi_Module__id__C
                          const    0x00000506     0x2  appBLE_prm3.orm3 [2]
                                 - 0x00000508     0x2

"A53":                                            0x2
  .const_ti_sysbios_gates_GateHwi_Module__id__C
                          const    0x00000508     0x2  appBLE_prm3.orm3 [2]
                                 - 0x0000050a     0x2

"A66":                                            0x2
  .const_ti_sysbios_gates_GateMutex_Module__id__C
                          const    0x0000050a     0x2  appBLE_prm3.orm3 [2]
                                 - 0x0000050c     0x2

"A57":                                            0x2
  .const_ti_sysbios_heaps_HeapMem_Module__id__C
                          const    0x0000050c     0x2  appBLE_prm3.orm3 [2]
                                 - 0x0000050e     0x2

"A71":                                            0x2
  .const_ti_sysbios_knl_Task_initStackFlag__C
                          const    0x0000050e     0x2  appBLE_prm3.orm3 [2]
                                 - 0x00000510     0x2

"A65":                                            0x1
  .const_ti_sysbios_knl_Clock_tickMode__C
                          const    0x00000510     0x1  appBLE_prm3.orm3 [2]
                                 - 0x00000511     0x1

"P2", part 3 of 4:                                0x2
  .text                   ro code  0x00000512     0x2  xtls.o [5]
                                 - 0x00000514     0x2

"A32":                                            0x8
  .const_xdc_runtime_Startup_firstFxns__C
                          const    0x00000514     0x8  appBLE_prm3.orm3 [2]
                                 - 0x0000051c     0x8

"A7":                                             0x8
  .const_xdc_runtime_Startup_lastFxns__C
                          const    0x0000051c     0x8  appBLE_prm3.orm3 [2]
                                 - 0x00000524     0x8

"A51":                                            0x4
  .const_xdc_runtime_Assert_E_assertFailed__C
                          const    0x00000524     0x4  appBLE_prm3.orm3 [2]
                                 - 0x00000528     0x4

"A79":                                            0x4
  .const_xdc_runtime_Error_E_memory__C
                          const    0x00000528     0x4  appBLE_prm3.orm3 [2]
                                 - 0x0000052c     0x4

"A30":                                            0x4
  .const_xdc_runtime_Error_policyFxn__C
                          const    0x0000052c     0x4  appBLE_prm3.orm3 [2]
                                 - 0x00000530     0x4

"A105":                                           0x4
  .const_xdc_runtime_IGateProvider_Interface__BASE__C
                          const    0x00000530     0x4  appBLE_prm3.orm3 [2]
                                 - 0x00000534     0x4

"A55":                                            0x4
  .const_xdc_runtime_IHeap_Interface__BASE__C
                          const    0x00000534     0x4  appBLE_prm3.orm3 [2]
                                 - 0x00000538     0x4

"A6":                                             0x4
  .const_xdc_runtime_IModule_Interface__BASE__C
                          const    0x00000538     0x4  appBLE_prm3.orm3 [2]
                                 - 0x0000053c     0x4

"A72":                                            0x4
  .const_xdc_runtime_Main_Module__diagsEnabled__C
                          const    0x0000053c     0x4  appBLE_prm3.orm3 [2]
                                 - 0x00000540     0x4

"A73":                                            0x4
  .const_xdc_runtime_Main_Module__diagsIncluded__C
                          const    0x00000540     0x4  appBLE_prm3.orm3 [2]
                                 - 0x00000544     0x4

"A41":                                            0x4
  .const_xdc_runtime_Main_Module__diagsMask__C
                          const    0x00000544     0x4  appBLE_prm3.orm3 [2]
                                 - 0x00000548     0x4

"A122":                                           0x4
  .const_xdc_runtime_Memory_defaultHeapInstance__C
                          const    0x00000548     0x4  appBLE_prm3.orm3 [2]
                                 - 0x0000054c     0x4

"A10":                                            0x4
  .const_xdc_runtime_Startup_execImpl__C
                          const    0x0000054c     0x4  appBLE_prm3.orm3 [2]
                                 - 0x00000550     0x4

"A69":                                            0x4
  .const_xdc_runtime_Startup_maxPasses__C
                          const    0x00000550     0x4  appBLE_prm3.orm3 [2]
                                 - 0x00000554     0x4

"A90":                                            0x4
  .const_xdc_runtime_Startup_sfxnRts__C
                          const    0x00000554     0x4  appBLE_prm3.orm3 [2]
                                 - 0x00000558     0x4

"A125":                                           0x4
  .const_xdc_runtime_Startup_sfxnTab__C
                          const    0x00000558     0x4  appBLE_prm3.orm3 [2]
                                 - 0x0000055c     0x4

"A107":                                           0x4
  .const_xdc_runtime_Startup_startModsFxn__C
                          const    0x0000055c     0x4  appBLE_prm3.orm3 [2]
                                 - 0x00000560     0x4

"A112":                                           0x4
  .const_xdc_runtime_SysCallback_abortFxn__C
                          const    0x00000560     0x4  appBLE_prm3.orm3 [2]
                                 - 0x00000564     0x4

"A56":                                            0x4
  .const_xdc_runtime_SysCallback_exitFxn__C
                          const    0x00000564     0x4  appBLE_prm3.orm3 [2]
                                 - 0x00000568     0x4

"A74":                                            0x4
  .const_xdc_runtime_System_abortFxn__C
                          const    0x00000568     0x4  appBLE_prm3.orm3 [2]
                                 - 0x0000056c     0x4

"A84":                                            0x4
  .const_xdc_runtime_System_exitFxn__C
                          const    0x0000056c     0x4  appBLE_prm3.orm3 [2]
                                 - 0x00000570     0x4

"A60":                                            0x4
  .const_xdc_runtime_System_maxAtexitHandlers__C
                          const    0x00000570     0x4  appBLE_prm3.orm3 [2]
                                 - 0x00000574     0x4

"A35":                                            0x4
  .const_xdc_runtime_Text_charTab__C
                          const    0x00000574     0x4  appBLE_prm3.orm3 [2]
                                 - 0x00000578     0x4

"A110":                                           0x4
  .const_xdc_runtime_Text_nameEmpty__C
                          const    0x00000578     0x4  appBLE_prm3.orm3 [2]
                                 - 0x0000057c     0x4

"A101":                                           0x4
  .const_xdc_runtime_Text_nameStatic__C
                          const    0x0000057c     0x4  appBLE_prm3.orm3 [2]
                                 - 0x00000580     0x4

"A121":                                           0x4
  .const_xdc_runtime_Text_nameUnknown__C
                          const    0x00000580     0x4  appBLE_prm3.orm3 [2]
                                 - 0x00000584     0x4

"A89":                                            0x2
  .const_xdc_runtime_Main_Module__id__C
                          const    0x00000584     0x2  appBLE_prm3.orm3 [2]
                                 - 0x00000586     0x2

"A44":                                            0x2
  .const_xdc_runtime_Memory_Module__id__C
                          const    0x00000586     0x2  appBLE_prm3.orm3 [2]
                                 - 0x00000588     0x2

"A27":                                            0x2
  .const_xdc_runtime_Text_charCnt__C
                          const    0x00000588     0x2  appBLE_prm3.orm3 [2]
                                 - 0x0000058a     0x2

"A16":                                            0x2
  .const_xdc_runtime_Text_isLoaded__C
                          const    0x0000058a     0x2  appBLE_prm3.orm3 [2]
                                 - 0x0000058c     0x2

"A5":                                             0x1
  .const_xdc_runtime_Error_policy__C
                          const    0x0000058c     0x1  appBLE_prm3.orm3 [2]
                                 - 0x0000058d     0x1

"A119":                                           0x4
  .const_ti_sysbios_rom_ROM_AONRTCChannelEnable
                          const    0x00000590     0x4  appBLE_prm3.orm3 [2]
                                 - 0x00000594     0x4

"A86":                                            0x4
  .const_ti_sysbios_rom_ROM_AONRTCCompareValueSet
                          const    0x00000594     0x4  appBLE_prm3.orm3 [2]
                                 - 0x00000598     0x4

"A36":                                            0x4
  .const_ti_sysbios_rom_ROM_AONRTCCurrentCompareValueGet
                          const    0x00000598     0x4  appBLE_prm3.orm3 [2]
                                 - 0x0000059c     0x4

"A70":                                            0x4
  .const_ti_sysbios_rom_ROM_AONRTCEventClear
                          const    0x0000059c     0x4  appBLE_prm3.orm3 [2]
                                 - 0x000005a0     0x4

"A31":                                            0x4
  .const_ti_sysbios_rom_ROM_ti_sysbios_family_arm_cc26xx_Timer_getCount64__E
                          const    0x000005a0     0x4  appBLE_prm3.orm3 [2]
                                 - 0x000005a4     0x4

"A38":                                            0x4
  .const_ti_sysbios_rom_ROM_ti_sysbios_family_arm_cc26xx_Timer_getCurrentTick__E
                          const    0x000005a4     0x4  appBLE_prm3.orm3 [2]
                                 - 0x000005a8     0x4

"A12":                                            0x4
  .const_ti_sysbios_rom_ROM_ti_sysbios_family_arm_cc26xx_Timer_getMaxTicks__E
                          const    0x000005a8     0x4  appBLE_prm3.orm3 [2]
                                 - 0x000005ac     0x4

"A9":                                             0x4
  .const_ti_sysbios_rom_ROM_ti_sysbios_family_arm_cc26xx_Timer_initDevice__I
                          const    0x000005ac     0x4  appBLE_prm3.orm3 [2]
                                 - 0x000005b0     0x4

"A87":                                            0x4
  .const_ti_sysbios_rom_ROM_ti_sysbios_family_arm_cc26xx_Timer_setNextTick__E
                          const    0x000005b0     0x4  appBLE_prm3.orm3 [2]
                                 - 0x000005b4     0x4

"A124":                                           0x4
  .const_ti_sysbios_rom_ROM_ti_sysbios_family_arm_cc26xx_Timer_setThreshold__I
                          const    0x000005b4     0x4  appBLE_prm3.orm3 [2]
                                 - 0x000005b8     0x4

"A28":                                            0x4
  .const_ti_sysbios_rom_ROM_ti_sysbios_family_arm_cc26xx_Timer_start__E
                          const    0x000005b8     0x4  appBLE_prm3.orm3 [2]
                                 - 0x000005bc     0x4

"A37":                                            0x4
  .const_ti_sysbios_rom_ROM_ti_sysbios_family_arm_cc26xx_TimestampProvider_get32__E
                          const    0x000005bc     0x4  appBLE_prm3.orm3 [2]
                                 - 0x000005c0     0x4

"A102":                                           0x4
  .const_ti_sysbios_rom_ROM_xdc_runtime_Startup_getState__I
                          const    0x000005c0     0x4  appBLE_prm3.orm3 [2]
                                 - 0x000005c4     0x4

"A99":                                            0x4
  .const_ti_sysbios_rom_ROM_xdc_runtime_System_SupportProxy_abort__E
                          const    0x000005c4     0x4  appBLE_prm3.orm3 [2]
                                 - 0x000005c8     0x4

"A96":                                            0x4
  .const_ti_sysbios_rom_ROM_xdc_runtime_System_SupportProxy_exit__E
                          const    0x000005c8     0x4  appBLE_prm3.orm3 [2]
                                 - 0x000005cc     0x4

"A11":                                            0x4
  .const_ti_sysbios_gates_GateMutex_Instance_State_sem__O
                          const    0x000005cc     0x4  appBLE_prm3.orm3 [2]
                                 - 0x000005d0     0x4

"A103":                                           0x4
  .const_ti_sysbios_knl_Clock_Module_State_clockQ__O
                          const    0x000005d0     0x4  appBLE_prm3.orm3 [2]
                                 - 0x000005d4     0x4

[...]
ti_sysbios_knl_Task_initStackFlag__C
                        0x0000050e    0x2  Data  Gb  appBLE_prm3.orm3 [2]
ti_sysbios_knl_Task_numConstructedTasks__C
                        0x000004fc    0x4  Data  Gb  appBLE_prm3.orm3 [2]
ti_sysbios_knl_Task_postInit__I {Abs}
                        0x1001a615          --   Gb  command line/config [3]
ti_sysbios_knl_Task_processVitalTaskFlag__I {Abs}
                        0x1001b739          --   Gb  command line/config [3]
ti_sysbios_knl_Task_restoreHwi__E {Abs}
                        0x1001be29          --   Gb  command line/config [3]
ti_sysbios_knl_Task_restore__E {Abs}
                        0x1001ba49          --   Gb  command line/config [3]
ti_sysbios_knl_Task_schedule__I {Abs}
                        0x1001b175          --   Gb  command line/config [3]
ti_sysbios_knl_Task_self__E {Abs}
                        0x1001c1e5          --   Gb  command line/config [3]
ti_sysbios_knl_Task_setPri__E
                        0x0000263d   0xc4  Code  Gb  mangled__BIOS_lib.obj [10]
ti_sysbios_knl_Task_sleepTimeout__I {Abs}
                        0x1001bf81          --   Gb  command line/config [3]
ti_sysbios_knl_Task_sleep__E {Abs}
                        0x1001a96d          --   Gb  command line/config [3]
ti_sysbios_knl_Task_startCore__E {Abs}
                        0x1001ae75          --   Gb  command line/config [3]
ti_sysbios_knl_Task_startup__E {Abs}
                        0x1001c309          --   Gb  command line/config [3]
ti_sysbios_knl_Task_swapReturn {Abs}
                        0x1001ca71          --   Gb  command line/config [3]
ti_sysbios_knl_Task_unblockI__E {Abs}
                        0x1001b9a5          --   Gb  command line/config [3]
ti_sysbios_knl_Task_unblock__E {Abs}
                        0x1001bfb5          --   Gb  command line/config [3]
ti_sysbios_knl_Task_yield__E {Abs}
                        0x1001b3a9          --   Gb  command line/config [3]
ti_sysbios_rom_ROM_AONRTCChannelEnable
                        0x00000590    0x4  Data  Gb  appBLE_prm3.orm3 [2]
ti_sysbios_rom_ROM_AONRTCCompareValueSet
                        0x00000594    0x4  Data  Gb  appBLE_prm3.orm3 [2]
ti_sysbios_rom_ROM_AONRTCCurrentCompareValueGet
                        0x00000598    0x4  Data  Gb  appBLE_prm3.orm3 [2]
ti_sysbios_rom_ROM_AONRTCEventClear
                        0x0000059c    0x4  Data  Gb  appBLE_prm3.orm3 [2]
ti_sysbios_rom_ROM_ti_sysbios_family_arm_cc26xx_Timer_getCount64__E
                        0x000005a0    0x4  Data  Gb  appBLE_prm3.orm3 [2]
ti_sysbios_rom_ROM_ti_sysbios_family_arm_cc26xx_Timer_getCurrentTick__E
                        0x000005a4    0x4  Data  Gb  appBLE_prm3.orm3 [2]
ti_sysbios_rom_ROM_ti_sysbios_family_arm_cc26xx_Timer_getMaxTicks__E
                        0x000005a8    0x4  Data  Gb  appBLE_prm3.orm3 [2]
ti_sysbios_rom_ROM_ti_sysbios_family_arm_cc26xx_Timer_initDevice__I
                        0x000005ac    0x4  Data  Gb  appBLE_prm3.orm3 [2]
ti_sysbios_rom_ROM_ti_sysbios_family_arm_cc26xx_Timer_setNextTick__E
                        0x000005b0    0x4  Data  Gb  appBLE_prm3.orm3 [2]
ti_sysbios_rom_ROM_ti_sysbios_family_arm_cc26xx_Timer_setThreshold__I
                        0x000005b4    0x4  Data  Gb  appBLE_prm3.orm3 [2]
ti_sysbios_rom_ROM_ti_sysbios_family_arm_cc26xx_Timer_start__E
                        0x000005b8    0x4  Data  Gb  appBLE_prm3.orm3 [2]
ti_sysbios_rom_ROM_ti_sysbios_family_arm_cc26xx_TimestampProvider_get32__E
                        0x000005bc    0x4  Data  Gb  appBLE_prm3.orm3 [2]
ti_sysbios_rom_ROM_xdc_runtime_Startup_getState__I
                        0x000005c0    0x4  Data  Gb  appBLE_prm3.orm3 [2]
ti_sysbios_rom_ROM_xdc_runtime_System_SupportProxy_abort__E
                        0x000005c4    0x4  Data  Gb  appBLE_prm3.orm3 [2]
ti_sysbios_rom_ROM_xdc_runtime_System_SupportProxy_exit__E
                        0x000005c8    0x4  Data  Gb  appBLE_prm3.orm3 [2]
ti_sysbios_rom_cortexm_cc26xx_CC26xx_badRomLink__E
                        0x00008057    0x2  Code  Gb  appBLE_prm3.orm3 [2]
ti_sysbios_rom_cortexm_cc26xx_CC26xx_badRomRevision__E
                        0x00008055    0x2  Code  Gb  appBLE_prm3.orm3 [2]
ti_sysbios_rom_cortexm_cc26xx_CC26xx_getRevision__E {Abs}
                        0x1001ca9b          --   Gb  command line/config [3]
timecounter             0x20000a42    0x2  Data  Lc  Fig.o [1]
trimDevice              0x000075e9   0x84  Code  Gb  setup.o [6]
txPowerTable            0x0000d50c   0x28  Data  Gb  bleUserConfig.o [1]
txPwrTbl                0x0000d534    0x8  Data  Gb  bleUserConfig.o [1]
uartCC26XXHWAttrs       0x0000d328   0x10  Data  Gb  Board.o [1]
uartCC26XXObjects       0x20002d30   0xd0  Data  Gb  Board.o [1]
uartHandle              0x200031e0    0x4  Data  Lc  bsp_uart.o [1]
uartParams              0x200031e4   0x24  Data  Lc  bsp_uart.o [1]
uartPostNotify          0x0000c3ed   0x10  Code  Lc  UARTCC26XX.o [1]
uartPowerConstraint     0x20003477    0x1  Data  Lc  UARTCC26XX.o [1]
uartPrintf_flush        0x00008aeb   0x40  Code  Gb  bsp_uart.o [1]
uartPrintf_head         0x200031dc    0x2  Data  Lc  bsp_uart.o [1]
uartPrintf_outArray     0x20002b30  0x200  Data  Lc  bsp_uart.o [1]
uartPrintf_putch        0x00008a99   0x52  Code  Gb  bsp_uart.o [1]
uartPrintf_tail         0x200031de    0x2  Data  Lc  bsp_uart.o [1]
updateTimeoutClock      0x20000714   0x24  Data  Lc  peripheral.o [1]
user0Cfg                0x20000f24   0x1c  Data  Gb  main.o [1]
utilExtractUuid16       0x000075bb   0x2c  Code  Gb  st_util.o [1]
val                     0x20000dd5    0x1  Data  Lc  sensor_mpu9250_mux.o [1]
waitMatchCS             0x00006d5b   0x40  Code  Lc  ICallBleAPI.o [1]
writeData               0x0000bc53   0x32  Code  Lc  UARTCC26XX.o [1]
writeFinishedDoCallback
                        0x0000bd15   0x5c  Code  Lc  UARTCC26XX.o [1]
writeSemCallback        0x0000bc43    0x8  Code  Lc  UARTCC26XX.o [1]
writeTxFifoFlush        0x0000bd71   0x78  Code  Lc  UARTCC26XX.o [1]
xdc_runtime_Assert_E_assertFailed__C
                        0x00000524    0x4  Data  Gb  appBLE_prm3.orm3 [2]
xdc_runtime_Assert_raise__I {Abs}
                        0x1001c5a9          --   Gb  command line/config [3]
xdc_runtime_Core_assignLabel__I {Abs}
                        0x1001c6ed          --   Gb  command line/config [3]
xdc_runtime_Core_assignParams__I {Abs}
                        0x1001c5f1          --   Gb  command line/config [3]
xdc_runtime_Core_constructObject__I {Abs}
                        0x1001c639          --   Gb  command line/config [3]
xdc_runtime_Core_createObject__I {Abs}
                        0x1001c405          --   Gb  command line/config [3]
xdc_runtime_Core_deleteObject__I {Abs}
                        0x1001c4f9          --   Gb  command line/config [3]
xdc_runtime_Core_destructObject__I {Abs}
                        0x1001c7a1          --   Gb  command line/config [3]
xdc_runtime_Error_E_memory__C
                        0x00000528    0x4  Data  Gb  appBLE_prm3.orm3 [2]
xdc_runtime_Error_check__E {Abs}
                        0x1001c7b9          --   Gb  command line/config [3]
xdc_runtime_Error_init__E {Abs}
                        0x1001c841          --   Gb  command line/config [3]
xdc_runtime_Error_policyFxn__C
                        0x0000052c    0x4  Data  Gb  appBLE_prm3.orm3 [2]
xdc_runtime_Error_policySpin__E {Abs}
                        0x1001c487          --   Gb  command line/config [3]
xdc_runtime_Error_policy__C
                        0x0000058c    0x1  Data  Gb  appBLE_prm3.orm3 [2]
xdc_runtime_Error_raiseX__E {Abs}
                        0x1001c769          --   Gb  command line/config [3]
xdc_runtime_Gate_enterSystem__E {Abs}
                        0x1001c885          --   Gb  command line/config [3]
xdc_runtime_Gate_leaveSystem__E {Abs}
                        0x1001c879          --   Gb  command line/config [3]
xdc_runtime_IGateProvider_Interface__BASE__C
                        0x00000530    0x4  Data  Gb  appBLE_prm3.orm3 [2]
xdc_runtime_IHeap_Interface__BASE__C
                        0x00000534    0x4  Data  Gb  appBLE_prm3.orm3 [2]
xdc_runtime_IModule_Interface__BASE__C
                        0x00000538    0x4  Data  Gb  appBLE_prm3.orm3 [2]
xdc_runtime_Main_Module__diagsEnabled__C
                        0x0000053c    0x4  Data  Gb  appBLE_prm3.orm3 [2]
xdc_runtime_Main_Module__diagsIncluded__C
                        0x00000540    0x4  Data  Gb  appBLE_prm3.orm3 [2]
xdc_runtime_Main_Module__diagsMask__C
                        0x00000544    0x4  Data  Gb  appBLE_prm3.orm3 [2]
xdc_runtime_Main_Module__id__C
                        0x00000584    0x2  Data  Gb  appBLE_prm3.orm3 [2]
xdc_runtime_Memory_HeapProxy_Handle__label__S {Abs}
                        0x1001bc89          --   Gb  command line/config [3]
xdc_runtime_Memory_HeapProxy_Object__delete__S {Abs}
                        0x1001bca9          --   Gb  command line/config [3]
xdc_runtime_Memory_HeapProxy_alloc__E {Abs}
                        0x1001c889          --   Gb  command line/config [3]
xdc_runtime_Memory_HeapProxy_free__E {Abs}
                        0x1001c88d          --   Gb  command line/config [3]
xdc_runtime_Memory_Module__id__C
                        0x00000586    0x2  Data  Gb  appBLE_prm3.orm3 [2]
xdc_runtime_Memory_Module__state__V
                        0x20000200    0x4  Data  Gb  appBLE_prm3.orm3 [2]
xdc_runtime_Memory_alloc__E {Abs}
                        0x1001c489          --   Gb  command line/config [3]
xdc_runtime_Memory_calloc__E {Abs}
                        0x1001c84d          --   Gb  command line/config [3]
xdc_runtime_Memory_defaultHeapInstance__C
                        0x00000548    0x4  Data  Gb  appBLE_prm3.orm3 [2]
xdc_runtime_Memory_free__E {Abs}
                        0x1001c801          --   Gb  command line/config [3]
xdc_runtime_Memory_getMaxDefaultTypeAlign__E {Abs}
                        0x1001c859          --   Gb  command line/config [3]
xdc_runtime_Memory_valloc__E {Abs}
                        0x1001c785          --   Gb  command line/config [3]
xdc_runtime_Registry_Module__state__V
                        0x20000fec    0x8  Data  Gb  appBLE_prm3.orm3 [2]
xdc_runtime_Registry_findById__E
                        0x00003371   0x16  Code  Gb  mangled__BIOS_lib.obj [10]
xdc_runtime_Startup_Module__state__V
                        0x200001f0    0x8  Data  Gb  appBLE_prm3.orm3 [2]
xdc_runtime_Startup__EXECFXN__C {Abs}
                        0x00000001          --   Gb  command line/config [3]
xdc_runtime_Startup__RESETFXN__C {Abs}
                        0x00000001          --   Gb  command line/config [3]
xdc_runtime_Startup_execImpl__C
                        0x0000054c    0x4  Data  Gb  appBLE_prm3.orm3 [2]
xdc_runtime_Startup_exec__E {Abs}
                        0x1001c559          --   Gb  command line/config [3]
xdc_runtime_Startup_exec__I
                        0x00007e5b   0x10  Code  Gb  appBLE_prm3.orm3 [2]
xdc_runtime_Startup_firstFxns__A
                        0x0000d770   0x10  Data  Gb  appBLE_prm3.orm3 [2]
xdc_runtime_Startup_firstFxns__C
                        0x00000514    0x8  Data  Gb  appBLE_prm3.orm3 [2]
xdc_runtime_Startup_getState__I
                        0x00007dd9   0x82  Code  Gb  appBLE_prm3.orm3 [2]
xdc_runtime_Startup_lastFxns__C
                        0x0000051c    0x8  Data  Gb  appBLE_prm3.orm3 [2]
xdc_runtime_Startup_maxPasses__C
                        0x00000550    0x4  Data  Gb  appBLE_prm3.orm3 [2]
xdc_runtime_Startup_reset__I
                        0x00007e6b   0x30  Code  Gb  appBLE_prm3.orm3 [2]
xdc_runtime_Startup_sfxnRts__A
                        0x0000d748   0x14  Data  Gb  appBLE_prm3.orm3 [2]
xdc_runtime_Startup_sfxnRts__C
                        0x00000554    0x4  Data  Gb  appBLE_prm3.orm3 [2]
xdc_runtime_Startup_sfxnTab__A
                        0x0000d53c   0x28  Data  Gb  appBLE_prm3.orm3 [2]
xdc_runtime_Startup_sfxnTab__C
                        0x00000558    0x4  Data  Gb  appBLE_prm3.orm3 [2]
xdc_runtime_Startup_startModsFxn__C
                        0x0000055c    0x4  Data  Gb  appBLE_prm3.orm3 [2]
xdc_runtime_Startup_startMods__I {Abs}
                        0x1001c30d          --   Gb  command line/config [3]
xdc_runtime_SysCallback_abortFxn__C
                        0x00000560    0x4  Data  Gb  appBLE_prm3.orm3 [2]
xdc_runtime_SysCallback_abort__E {Abs}
                        0x1001c811          --   Gb  command line/config [3]
xdc_runtime_SysCallback_defaultAbort
                        0x0000372b    0x2  Code  Gb  mangled__BIOS_lib.obj [10]
xdc_runtime_SysCallback_defaultExit
                        0x0000372d    0x2  Code  Gb  mangled__BIOS_lib.obj [10]
xdc_runtime_SysCallback_defaultReady
                        0x00003727    0x4  Code  Gb  mangled__BIOS_lib.obj [10]
xdc_runtime_SysCallback_exitFxn__C
                        0x00000564    0x4  Data  Gb  appBLE_prm3.orm3 [2]
xdc_runtime_SysCallback_exit__E {Abs}
                        0x1001c821          --   Gb  command line/config [3]
xdc_runtime_SysCallback_putchFxn__C
                        0x0000d7b4    0x4  Data  Gb  appBLE_prm3.orm3 [2]
xdc_runtime_SysCallback_putch__E
                        0x00003715    0x8  Code  Gb  mangled__BIOS_lib.obj [10]
xdc_runtime_SysCallback_readyFxn__C
                        0x0000d7b8    0x4  Data  Gb  appBLE_prm3.orm3 [2]
xdc_runtime_SysCallback_ready__E
                        0x0000371f    0x8  Code  Gb  mangled__BIOS_lib.obj [10]
xdc_runtime_System_Module_GateProxy_Handle__label__S {Abs}
                        0x1001bbe9          --   Gb  command line/config [3]
xdc_runtime_System_Module_GateProxy_Object__delete__S {Abs}
                        0x1001bc09          --   Gb  command line/config [3]
xdc_runtime_System_Module_GateProxy_enter__E {Abs}
                        0x1001c891          --   Gb  command line/config [3]
xdc_runtime_System_Module_GateProxy_leave__E {Abs}
                        0x1001c895          --   Gb  command line/config [3]
xdc_runtime_System_Module_GateProxy_query__E {Abs}
                        0x1001c269          --   Gb  command line/config [3]
xdc_runtime_System_Module__state__V
                        0x200001f8    0x8  Data  Gb  appBLE_prm3.orm3 [2]
xdc_runtime_System_Module_startup__E {Abs}
                        0x1001c87f          --   Gb  command line/config [3]
xdc_runtime_System_SupportProxy_abort__E
                        0x00008147    0x4  Code  Gb  appBLE_prm3.orm3 [2]
xdc_runtime_System_SupportProxy_exit__E
                        0x0000814b    0x4  Code  Gb  appBLE_prm3.orm3 [2]
xdc_runtime_System_SupportProxy_putch__E
                        0x0000814f    0x4  Code  Gb  appBLE_prm3.orm3 [2]
xdc_runtime_System_SupportProxy_ready__E
                        0x00008153    0x4  Code  Gb  appBLE_prm3.orm3 [2]
xdc_runtime_System_abortFxn__C
                        0x00000568    0x4  Data  Gb  appBLE_prm3.orm3 [2]
xdc_runtime_System_abortSpin__E {Abs}
                        0x1001c899          --   Gb  command line/config [3]
xdc_runtime_System_abort__E {Abs}
                        0x1001c749          --   Gb  command line/config [3]
xdc_runtime_System_atexit__E {Abs}
                        0x1001c681          --   Gb  command line/config [3]
xdc_runtime_System_doPrint__I
                        0x000033c9  0x278  Code  Gb  mangled__BIOS_lib.obj [10]
xdc_runtime_System_exitFxn__C
                        0x0000056c    0x4  Data  Gb  appBLE_prm3.orm3 [2]
xdc_runtime_System_exitSpin__E {Abs}
                        0x1001c89b          --   Gb  command line/config [3]
xdc_runtime_System_exit__E {Abs}
                        0x1001c7d1          --   Gb  command line/config [3]
xdc_runtime_System_extendFxn__C
                        0x0000d7bc    0x4  Data  Gb  appBLE_prm3.orm3 [2]
xdc_runtime_System_formatNum__I
                        0x0000367f   0x46  Code  Gb  mangled__BIOS_lib.obj [10]
xdc_runtime_System_maxAtexitHandlers__C
                        0x00000570    0x4  Data  Gb  appBLE_prm3.orm3 [2]
xdc_runtime_System_printfExtend__I
                        0x00007e9b  0x162  Code  Gb  appBLE_prm3.orm3 [2]
xdc_runtime_System_printf__E
                        0x00003707    0xe  Code  Gb  mangled__BIOS_lib.obj [10]
xdc_runtime_System_printf_va__F
                        0x00003389    0x2  Code  Gb  mangled__BIOS_lib.obj [10]
xdc_runtime_System_processAtExit__E {Abs}
                        0x1001c6b9          --   Gb  command line/config [3]
xdc_runtime_System_putchar__I
                        0x000036d9   0x24  Code  Gb  mangled__BIOS_lib.obj [10]
xdc_runtime_System_vprintf__E
                        0x0000338b   0x14  Code  Gb  mangled__BIOS_lib.obj [10]
xdc_runtime_System_vsnprintf__E
                        0x000033bd    0xc  Code  Gb  mangled__BIOS_lib.obj [10]
xdc_runtime_Text_charCnt__C
                        0x00000588    0x2  Data  Gb  appBLE_prm3.orm3 [2]
xdc_runtime_Text_charTab__A
                        0x00000480    0x1  Data  Gb  appBLE_prm3.orm3 [2]
xdc_runtime_Text_charTab__C
                        0x00000574    0x4  Data  Gb  appBLE_prm3.orm3 [2]
xdc_runtime_Text_cordText__E {Abs}
                        0x1001c71d          --   Gb  command line/config [3]
xdc_runtime_Text_isLoaded__C
                        0x0000058a    0x2  Data  Gb  appBLE_prm3.orm3 [2]
xdc_runtime_Text_nameEmpty__C
                        0x00000578    0x4  Data  Gb  appBLE_prm3.orm3 [2]
xdc_runtime_Text_nameStatic__C
                        0x0000057c    0x4  Data  Gb  appBLE_prm3.orm3 [2]
xdc_runtime_Text_nameUnknown__C
                        0x00000580    0x4  Data  Gb  appBLE_prm3.orm3 [2]
xdc_runtime_Text_printVisFxn__I
                        0x0000372f   0x2c  Code  Gb  mangled__BIOS_lib.obj [10]
xdc_runtime_Text_putMod__E
                        0x0000375d   0x60  Code  Gb  mangled__BIOS_lib.obj [10]
xdc_runtime_Text_putSite__E
                        0x000037bd   0x72  Code  Gb  mangled__BIOS_lib.obj [10]
xdc_runtime_Text_registryModsLastId__C
                        0x0000008a    0x2  Data  Gb  appBLE_prm3.orm3 [2]
xdc_runtime_Text_ropeText__E {Abs}
                        0x1001c7e9          --   Gb  command line/config [3]
xdc_runtime_Text_unnamedModsLastId__C
                        0x000000d0    0x2  Data  Gb  appBLE_prm3.orm3 [2]
xdc_runtime_Text_visitRopeFxn__C
                        0x0000d7c0    0x4  Data  Gb  appBLE_prm3.orm3 [2]
xdc_runtime_Text_visitRope__I
                        0x00007ffd    0x8  Code  Gb  appBLE_prm3.orm3 [2]
xdc_runtime_Text_xprintf__I
                        0x00003835   0x2c  Code  Gb  mangled__BIOS_lib.obj [10]
xdc_runtime_Timestamp_SupportProxy_get32__E {Abs}
                        0x1001c831          --   Gb  command line/config [3]
xdc_runtime_Timestamp_SupportProxy_get64__E {Abs}
                        0x1001b9d1          --   Gb  command line/config [3]
xdc_runtime_Timestamp_SupportProxy_getFreq__E {Abs}
                        0x1001c12f          --   Gb  command line/config [3]
xdc_runtime_Timestamp_get32__E {Abs}
                        0x1001c831          --   Gb  command line/config [3]
xdc_runtime_Timestamp_get64__E {Abs}
                        0x1001b9d1          --   Gb  command line/config [3]
xdc_runtime_Timestamp_getFreq__E {Abs}
                        0x1001c12f          --   Gb  command line/config [3]


[1] = C:\ti\simplelink\ble_cc26xx_2_01_01_44627\Projects\ble\Free_Write\CC26XX\IAR\Application\FreeWrite\Debug\Obj
[2] = C:\ti\simplelink\ble_cc26xx_2_01_01_44627\Projects\ble\Free_Write\CC26XX\IAR\Application\FreeWrite\configPkg\package\cfg
[3] = command line
[4] = boot.arm3
[5] = dl7M_tln.a
[6] = driverlib.lib
[7] = m7M_tl.a
[8] = rt7M_tl.a
[9] = shb_l.a
[10] = sysbios.arm3

  52 058 bytes of readonly  code memory
   4 332 bytes of readonly  data memory
  14 197 bytes of readwrite data memory

Errors: none
Warnings: none
