###############################################################################
#
# IAR ELF Linker V8.11.2.13589/W32 for ARM                17/Dec/2017  16:22:00
# Copyright 2007-2017 IAR Systems AB.
#
#    Output file  =  
#        C:\ti\simplelink\ble_cc26xx_2_01_01_44627\Projects\ble\Free_Write\CC26XX\IAR\Stack\CC2650\FlashROM\Exe\SensorTagStackFlashROM.out
#    Map file     =  
#        C:\ti\simplelink\ble_cc26xx_2_01_01_44627\Projects\ble\Free_Write\CC26XX\IAR\Stack\CC2650\FlashROM\List\SensorTagStackFlashROM.map
#    Command line =  
#        -f C:\Users\ªL¥_94¨g\AppData\Local\Temp\EW17B8.tmp
#        (C:\ti\simplelink\ble_cc26xx_2_01_01_44627\Projects\ble\Free_Write\CC26XX\IAR\Stack\CC2650\FlashROM\Obj\bleDispatch.o
#        C:\ti\simplelink\ble_cc26xx_2_01_01_44627\Projects\ble\Free_Write\CC26XX\IAR\Stack\CC2650\FlashROM\Obj\bleUserConfig.o
#        C:\ti\simplelink\ble_cc26xx_2_01_01_44627\Projects\ble\Free_Write\CC26XX\IAR\Lib\CC2650Stack.a
#        C:\ti\simplelink\ble_cc26xx_2_01_01_44627\Projects\ble\Free_Write\CC26XX\IAR\Lib\CC2650Stack_HCI_TL.a
#        C:\ti\simplelink\ble_cc26xx_2_01_01_44627\Projects\ble\Free_Write\CC26XX\IAR\Stack\CC2650\FlashROM\Obj\CommonROM_Init.o
#        C:\ti\simplelink\ble_cc26xx_2_01_01_44627\Projects\ble\Free_Write\CC26XX\IAR\Stack\CC2650\FlashROM\Obj\gap.o
#        C:\ti\simplelink\ble_cc26xx_2_01_01_44627\Projects\ble\Free_Write\CC26XX\IAR\Stack\CC2650\FlashROM\Obj\gapbondmgr.o
#        C:\ti\simplelink\ble_cc26xx_2_01_01_44627\Projects\ble\Free_Write\CC26XX\IAR\Stack\CC2650\FlashROM\Obj\gattservapp_util.o
#        C:\ti\simplelink\ble_cc26xx_2_01_01_44627\Projects\ble\Free_Write\CC26XX\IAR\Stack\CC2650\FlashROM\Obj\hal_assert.o
#        C:\ti\simplelink\ble_cc26xx_2_01_01_44627\Projects\ble\Free_Write\CC26XX\IAR\Stack\CC2650\FlashROM\Obj\hal_flash_wrapper.o
#        C:\ti\simplelink\ble_cc26xx_2_01_01_44627\Projects\ble\Free_Write\CC26XX\IAR\Stack\CC2650\FlashROM\Obj\hal_trng_wrapper.o
#        C:\ti\simplelink\ble_cc26xx_2_01_01_44627\Projects\ble\Free_Write\CC26XX\IAR\Stack\CC2650\FlashROM\Obj\ICall_startup.o
#        C:\ti\simplelink\ble_cc26xx_2_01_01_44627\Projects\ble\Free_Write\CC26XX\IAR\Stack\CC2650\FlashROM\Obj\mb_PATCH.o
#        C:\ti\simplelink\ble_cc26xx_2_01_01_44627\Projects\ble\Free_Write\CC26XX\IAR\Stack\CC2650\FlashROM\Obj\npi.o
#        C:\ti\simplelink\ble_cc26xx_2_01_01_44627\Projects\ble\Free_Write\CC26XX\IAR\Stack\CC2650\FlashROM\Obj\OnBoard.o
#        C:\ti\simplelink\ble_cc26xx_2_01_01_44627\Projects\ble\Free_Write\CC26XX\IAR\Stack\CC2650\FlashROM\Obj\OSAL.o
#        C:\ti\simplelink\ble_cc26xx_2_01_01_44627\Projects\ble\Free_Write\CC26XX\IAR\Stack\CC2650\FlashROM\Obj\osal_bufmgr.o
#        C:\ti\simplelink\ble_cc26xx_2_01_01_44627\Projects\ble\Free_Write\CC26XX\IAR\Stack\CC2650\FlashROM\Obj\osal_cbtimer.o
#        C:\ti\simplelink\ble_cc26xx_2_01_01_44627\Projects\ble\Free_Write\CC26XX\IAR\Stack\CC2650\FlashROM\Obj\OSAL_Clock.o
#        C:\ti\simplelink\ble_cc26xx_2_01_01_44627\Projects\ble\Free_Write\CC26XX\IAR\Stack\CC2650\FlashROM\Obj\OSAL_ICallBle.o
#        C:\ti\simplelink\ble_cc26xx_2_01_01_44627\Projects\ble\Free_Write\CC26XX\IAR\Stack\CC2650\FlashROM\Obj\OSAL_MemoryICall.o
#        C:\ti\simplelink\ble_cc26xx_2_01_01_44627\Projects\ble\Free_Write\CC26XX\IAR\Stack\CC2650\FlashROM\Obj\OSAL_PwrMgr.o
#        C:\ti\simplelink\ble_cc26xx_2_01_01_44627\Projects\ble\Free_Write\CC26XX\IAR\Stack\CC2650\FlashROM\Obj\osal_snv_wrapper.o
#        C:\ti\simplelink\ble_cc26xx_2_01_01_44627\Projects\ble\Free_Write\CC26XX\IAR\Stack\CC2650\FlashROM\Obj\OSAL_Timers.o
#        C:\ti\simplelink\ble_cc26xx_2_01_01_44627\Projects\ble\Free_Write\CC26XX\IAR\Stack\CC2650\FlashROM\Obj\ROM_Init.o
#        -o
#        C:\ti\simplelink\ble_cc26xx_2_01_01_44627\Projects\ble\Free_Write\CC26XX\IAR\Stack\CC2650\FlashROM\Exe\SensorTagStackFlashROM.out
#        --config_def FLASH_ROM_BUILD=1 --config_def CC2650=1 --map
#        C:\ti\simplelink\ble_cc26xx_2_01_01_44627\Projects\ble\Free_Write\CC26XX\IAR\Stack\CC2650\FlashROM\List\SensorTagStackFlashROM.map
#        --config
#        C:\ti\simplelink\ble_cc26xx_2_01_01_44627\Projects\ble\Free_Write\CC26XX\IAR\Stack\CC2650\..\..\..\..\..\common\cc26xx\IAR\cc26xx_ble_stack.icf
#        -f
#        C:\ti\simplelink\ble_cc26xx_2_01_01_44627\Projects\ble\Free_Write\CC26XX\IAR\Stack\CC2650\..\..\Config\IAR-Boundary.xcl
#        (--config_def ICALL_STACK0_ADDR=0x0000F000 --config_def
#        ICALL_RAM0_ADDR=0x2000445C) --semihosting
#        C:\ti\simplelink\ble_cc26xx_2_01_01_44627\Projects\ble\Free_Write\CC26XX\IAR\Stack\CC2650\..\..\..\..\..\..\common\BLE_ROM_Releases\04242014\ble_rom_PATCH.symbols
#        C:\ti\tirtos_simplelink_2_13_00_06\products\cc26xxware_2_21_01_15600\driverlib\bin\iar\driverlib.lib
#        --entry startup_entry --vfe --text_out locale)
#
###############################################################################

*******************************************************************************
*** MESSAGES
***

Warning[Lt009]: Inconsistent wchar_t size
            att_server.o(CC2650Stack.a) and 39 other objects have wchar_t size
                      16 bits
            bleDispatch.o and 33 other objects have wchar_t size 32 bits


*******************************************************************************
*** RUNTIME MODEL ATTRIBUTES
***

CppFlavor       = *
__SystemLibrary = DLib
__dlib_version  = 6


*******************************************************************************
*** HEAP SELECTION
***

The basic heap was selected because no calls to memory allocation
functions were found in the application outside of system library
functions, and there are calls to deallocation functions in the
application.


*******************************************************************************
*** RESERVED RANGES
***

Ranges reserved by absolute symbols:
   [0x10005000-0x10005003]
   [0x10005004-0x1000dffb]
   [0x1000dffc-0x1000dffd]
   [0x1000dffe-0x1000dfff]
   [0x10016975-0x10016976]
   [0x10016979-0x10016984]
   [0x10016985-0x10016a98]
   [0x10016a99-0x10016ae6]
   [0x10016af5-0x10016b56]
   [0x10016b79-0x10016c28]
   [0x10016c29-0x10016c42]
   [0x10016c45-0x10016c76]
   [0x10016c79-0x10016d02]
   [0x10016d05-0x10016d26]
   [0x10016d29-0x10016da0]
   [0x10016da1-0x10016dc6]
   [0x10016dc9-0x10016e8c]
   [0x10016e8d-0x10016ea0]
   [0x10016ea1-0x10016ed2]
   [0x10016ed5-0x10016f44]
   [0x10017365-0x100174ba]
   [0x100174fd-0x100175d0]
   [0x100175ed-0x10017674]
   [0x1001767d-0x10017754]
   [0x10017771-0x100177fa]
   [0x10017839-0x10017894]
   [0x10017895-0x100178f2]
   [0x100178f5-0x1001794e]
   [0x100182ad-0x10018312]
   [0x10018315-0x1001833a]
   [0x1001833d-0x10018366]
   [0x10018369-0x1001838e]
   [0x10018391-0x100183b6]
   [0x100183b9-0x100183c4]
   [0x10018415-0x10018482]
   [0x10018485-0x100184a6]
   [0x100184a9-0x100184c2]
   [0x100184c5-0x100184cc]
   [0x100184cd-0x100184d0]
   [0x100184d1-0x100184d4]
   [0x100184d5-0x100184f8]
   [0x100184f9-0x10018546]
   [0x10018549-0x10018550]
   [0x10018551-0x100185e0]
   [0x100185e1-0x1001865c]
   [0x10018669-0x100186f6]
   [0x10018935-0x1001893a]
   [0x1001893d-0x10018944]
   [0x10018945-0x10018946]
   [0x10018a19-0x10018a32]
   [0x10018a35-0x10018a4c]
   [0x10018a99-0x10018ac2]
   [0x10018ac5-0x10018aee]
   [0x10018b09-0x10018b0c]
   [0x200048e8-0x200048fb]
   [0x200048fc-0x20004f2b]
   [0x20004fac-0x20004fcb]
   [0x20004fec-0x20004ffb]


*******************************************************************************
*** PLACEMENT SUMMARY
***

"A0":  place at start of [0x0000f000-0x0001efff] { ro section EntrySection };
"A1":  place at end of [0x0000f000-0x0001efff] { ro section .snvSectors };
"P1":  place in [from 0x0000f000 to 0x0001efff] { ro };
"P2":  place in [from 0x2000445c to 0x200048e7] { rw };
initialize by copy with packing = packbits { rw };

  Section            Kind        Address    Size  Object
  -------            ----        -------    ----  ------
"A0":                                       0x30
  EntrySection       ro code  0x0000f000    0x30  ICall_startup.o [1]
                            - 0x0000f030    0x30

"P1":                                     0xefb1
  Veneer             ro code  0x0000f030     0x8  - Linker created -
  Veneer             ro code  0x0000f038     0x8  - Linker created -
  Veneer             ro code  0x0000f040     0x8  - Linker created -
  Veneer             ro code  0x0000f048     0x8  - Linker created -
  Veneer             ro code  0x0000f050     0x8  - Linker created -
  Veneer             ro code  0x0000f058     0x8  - Linker created -
  Veneer             ro code  0x0000f060     0x8  - Linker created -
  Veneer             ro code  0x0000f068     0x8  - Linker created -
  Veneer             ro code  0x0000f070     0x8  - Linker created -
  Veneer             ro code  0x0000f078     0x8  - Linker created -
  Veneer             ro code  0x0000f080     0x8  - Linker created -
  Veneer             ro code  0x0000f088     0x8  - Linker created -
  Veneer             ro code  0x0000f090     0x8  - Linker created -
  Veneer             ro code  0x0000f098     0x8  - Linker created -
  Veneer             ro code  0x0000f0a0     0x8  - Linker created -
  Veneer             ro code  0x0000f0a8     0x8  - Linker created -
  Veneer             ro code  0x0000f0b0     0x8  - Linker created -
  Veneer             ro code  0x0000f0b8     0x8  - Linker created -
  Veneer             ro code  0x0000f0c0     0x8  - Linker created -
  Veneer             ro code  0x0000f0c8     0x8  - Linker created -
  .text              ro code  0x0000f0d0  0x10c0  ll_common_PATCH.o [4]
  .text              ro code  0x00010190    0x66  ABImemset.o [8]
  .rodata            const    0x000101f6     0x2  ll_PATCH.o [4]
  .text              ro code  0x000101f8     0x6  ABImemclr.o [8]
  .text              ro code  0x00010200   0x71c  OSAL.o [1]
  Veneer             ro code  0x0001091c     0x8  - Linker created -
  Veneer             ro code  0x00010924     0x8  - Linker created -
  .text              ro code  0x0001092c   0x6d4  ll_sleep.o [4]
  .text              ro code  0x00011000   0x20c  osal_cbtimer.o [1]
  .text              ro code  0x0001120c    0xd0  osal_bufmgr.o [1]
  Veneer             ro code  0x000112dc     0x8  - Linker created -
  .text              ro code  0x000112e4   0x3dc  hci_event_PATCH.o [4]
  Veneer             ro code  0x000116c0     0x8  - Linker created -
  .text              ro code  0x000116c8    0xa8  hci_data_PATCH.o [4]
  .text              ro code  0x00011770   0x138  ll_scheduler_PATCH.o [4]
  .text              ro code  0x000118a8    0x36  strlen.o [8]
  .text              ro code  0x000118e0    0x3c  OSAL_MemoryICall.o [1]
  Veneer             ro code  0x0001191c     0x8  - Linker created -
  .text              ro code  0x00011924    0x14  OnBoard.o [1]
  .text              ro code  0x00011938   0x204  OSAL_Timers.o [1]
  .text              ro code  0x00011b3c    0x94  OSAL_PwrMgr.o [1]
  .text              ro code  0x00011bd0   0x10c  OSAL_ICallBle.o [1]
  .text              ro code  0x00011cdc    0xee  I64DivMod.o [8]
  .text              ro code  0x00011dcc    0x60  OSAL_Clock.o [1]
  .text              ro code  0x00011e2c   0x2b4  mb_PATCH.o [1]
  Veneer             ro code  0x000120e0     0x8  - Linker created -
  Veneer             ro code  0x000120e8     0x8  - Linker created -
  Veneer             ro code  0x000120f0     0x8  - Linker created -
  Veneer             ro code  0x000120f8     0x8  - Linker created -
  Veneer             ro code  0x00012100     0x8  - Linker created -
  Veneer             ro code  0x00012108     0x8  - Linker created -
  Veneer             ro code  0x00012110     0x8  - Linker created -
  Veneer             ro code  0x00012118     0x8  - Linker created -
  Veneer             ro code  0x00012120     0x8  - Linker created -
  Veneer             ro code  0x00012128     0x8  - Linker created -
  Veneer             ro code  0x00012130     0x8  - Linker created -
  Veneer             ro code  0x00012138     0x8  - Linker created -
  Veneer             ro code  0x00012140     0x8  - Linker created -
  Veneer             ro code  0x00012148     0x8  - Linker created -
  Veneer             ro code  0x00012150     0x8  - Linker created -
  .text              ro code  0x00012158  0x1060  ll_PATCH.o [4]
  .text              ro code  0x000131b8    0x9c  hci_tl.o [5]
  .text              ro code  0x00013254   0x530  l2cap_task.o [4]
  .text              ro code  0x00013784   0x288  gap_task.o [4]
  .text              ro code  0x00013a0c   0x104  sm_task.o [4]
  .text              ro code  0x00013b10   0x2f8  gatt_task.o [4]
  .text              ro code  0x00013e08  0x1000  gattservapp.o [4]
  Veneer             ro code  0x00014e08     0x8  - Linker created -
  Veneer             ro code  0x00014e10     0x8  - Linker created -
  Veneer             ro code  0x00014e18     0x8  - Linker created -
  Veneer             ro code  0x00014e20     0x8  - Linker created -
  Veneer             ro code  0x00014e28     0x8  - Linker created -
  Veneer             ro code  0x00014e30     0x8  - Linker created -
  Veneer             ro code  0x00014e38     0x8  - Linker created -
  Veneer             ro code  0x00014e40     0x8  - Linker created -
  Veneer             ro code  0x00014e48     0x8  - Linker created -
  Veneer             ro code  0x00014e50     0x8  - Linker created -
  Veneer             ro code  0x00014e58     0x8  - Linker created -
  Veneer             ro code  0x00014e60     0x8  - Linker created -
  Veneer             ro code  0x00014e68     0x8  - Linker created -
  Veneer             ro code  0x00014e70     0x8  - Linker created -
  Veneer             ro code  0x00014e78     0x8  - Linker created -
  Veneer             ro code  0x00014e80     0x8  - Linker created -
  Veneer             ro code  0x00014e88     0x8  - Linker created -
  Veneer             ro code  0x00014e90     0x8  - Linker created -
  Veneer             ro code  0x00014e98     0x8  - Linker created -
  Veneer             ro code  0x00014ea0     0x8  - Linker created -
  Veneer             ro code  0x00014ea8     0x8  - Linker created -
  Veneer             ro code  0x00014eb0     0x8  - Linker created -
  Veneer             ro code  0x00014eb8     0x8  - Linker created -
  Veneer             ro code  0x00014ec0     0x8  - Linker created -
  Veneer             ro code  0x00014ec8     0x8  - Linker created -
  Veneer             ro code  0x00014ed0     0x8  - Linker created -
  Veneer             ro code  0x00014ed8     0x8  - Linker created -
  Veneer             ro code  0x00014ee0     0x8  - Linker created -
  Veneer             ro code  0x00014ee8     0x8  - Linker created -
  Veneer             ro code  0x00014ef0     0x8  - Linker created -
  Veneer             ro code  0x00014ef8     0x8  - Linker created -
  Veneer             ro code  0x00014f00     0x8  - Linker created -
  Veneer             ro code  0x00014f08     0x8  - Linker created -
  Veneer             ro code  0x00014f10     0x8  - Linker created -
  Veneer             ro code  0x00014f18     0x8  - Linker created -
  Veneer             ro code  0x00014f20     0x8  - Linker created -
  .text              ro code  0x00014f28   0x8f0  bleDispatch.o [1]
  .text              ro code  0x00015818    0x58  bleUserConfig.o [1]
  .text              ro code  0x00015870   0x43c  osal_snv_wrapper.o [1]
  .text              ro code  0x00015cac     0x2  I64DivZer.o [8]
  .text              ro code  0x00015cb0    0x64  hal_trng_wrapper.o [1]
  Veneer             ro code  0x00015d14     0x8  - Linker created -
  Veneer             ro code  0x00015d1c     0x8  - Linker created -
  Veneer             ro code  0x00015d24     0x8  - Linker created -
  Veneer             ro code  0x00015d2c     0x8  - Linker created -
  Veneer             ro code  0x00015d34     0x8  - Linker created -
  Veneer             ro code  0x00015d3c     0x8  - Linker created -
  .text              ro code  0x00015d44   0x57e  ble_PATCH.o [4]
  .text              ro code  0x000162c4   0x248  linkdb.o [4]
  Veneer             ro code  0x0001650c     0x8  - Linker created -
  .text              ro code  0x00016514   0xe0e  l2cap_util.o [4]
  Veneer             ro code  0x00017324     0x8  - Linker created -
  Veneer             ro code  0x0001732c     0x8  - Linker created -
  Veneer             ro code  0x00017334     0x8  - Linker created -
  .text              ro code  0x0001733c   0x3d4  l2cap_if.o [4]
  .text              ro code  0x00017710    0x82  gap_devmgr.o [4]
  Veneer             ro code  0x00017794     0x8  - Linker created -
  .text              ro code  0x0001779c   0x358  gap_configmgr.o [4]
  Veneer             ro code  0x00017af4     0x8  - Linker created -
  Veneer             ro code  0x00017afc     0x8  - Linker created -
  .text              ro code  0x00017b04   0x654  sm_mgr.o [4]
  Veneer             ro code  0x00018158     0x8  - Linker created -
  .text              ro code  0x00018160   0x8a4  gap_linkmgr.o [4]
  .text              ro code  0x00018a04   0x754  sm_pairing.o [4]
  .text              ro code  0x00019158   0xa4c  gatt_server.o [4]
  .text              ro code  0x00019ba4   0x3a4  att_util.o [4]
  .text              ro code  0x00019f48   0x1ec  att_server.o [4]
  .text              ro code  0x0001a134    0xe0  gattservapp_util.o [1]
  Veneer             ro code  0x0001a214     0x8  - Linker created -
  Veneer             ro code  0x0001a21c     0x8  - Linker created -
  Veneer             ro code  0x0001a224     0x8  - Linker created -
  Veneer             ro code  0x0001a22c     0x8  - Linker created -
  .text              ro code  0x0001a234   0x37c  hci_PATCH.o [4]
  .text              ro code  0x0001a5b0    0x32  gap.o [1]
  Veneer             ro code  0x0001a5e4     0x8  - Linker created -
  Veneer             ro code  0x0001a5ec     0x8  - Linker created -
  Veneer             ro code  0x0001a5f4     0x8  - Linker created -
  Veneer             ro code  0x0001a5fc     0x8  - Linker created -
  .text              ro code  0x0001a604   0x680  gap_peridevmgr.o [4]
  .text              ro code  0x0001ac84   0x10c  gap_perilinkmgr.o [4]
  .text              ro code  0x0001ad90   0x2e8  gapgattserver.o [4]
  .text              ro code  0x0001b078    0x58  hal_flash_wrapper.o [1]
  .text              ro code  0x0001b0d0    0x2c  flash.o [7]
  .text              ro code  0x0001b0fc    0x10  vims.o [7]
  .text              ro code  0x0001b10c    0x34  trng.o [7]
  .text              ro code  0x0001b140   0x39a  smp.o [4]
  Veneer             ro code  0x0001b4dc     0x8  - Linker created -
  Veneer             ro code  0x0001b4e4     0x8  - Linker created -
  .text              ro code  0x0001b4ec   0x558  sm_rsppairing.o [4]
  .text              ro code  0x0001ba44    0x76  ABImemcpy_unaligned.o [8]
  Veneer             ro code  0x0001babc     0x8  - Linker created -
  Veneer             ro code  0x0001bac4     0x8  - Linker created -
  Veneer             ro code  0x0001bacc     0x8  - Linker created -
  Veneer             ro code  0x0001bad4     0x8  - Linker created -
  Veneer             ro code  0x0001badc     0x8  - Linker created -
  Veneer             ro code  0x0001bae4     0x8  - Linker created -
  Veneer             ro code  0x0001baec     0x8  - Linker created -
  Veneer             ro code  0x0001baf4     0x8  - Linker created -
  Veneer             ro code  0x0001bafc     0x8  - Linker created -
  Veneer             ro code  0x0001bb04     0x8  - Linker created -
  Veneer             ro code  0x0001bb0c     0x8  - Linker created -
  Veneer             ro code  0x0001bb14     0x8  - Linker created -
  Veneer             ro code  0x0001bb1c     0x8  - Linker created -
  Veneer             ro code  0x0001bb24     0x8  - Linker created -
  .text              ro code  0x0001bb2c   0x93e  ll_slaveEndCauses_PATCH.o [4]
  .text              ro code  0x0001c46c   0x6cc  ROM_Init.o [1]
  .text              ro code  0x0001cb38    0x10  cpu.o [7]
  .text              ro code  0x0001cb48   0x6a4  ll_config.o [4]
  Veneer             ro code  0x0001d1ec     0x8  - Linker created -
  .text              ro code  0x0001d1f4   0x4b0  ll_isr.o [4]
  Veneer             ro code  0x0001d6a4     0x8  - Linker created -
  .text              ro code  0x0001d6ac   0x432  ll_advEndCauses_PATCH.o [4]
  .text              ro code  0x0001dae0   0x148  CommonROM_Init.o [1]
  .text              ro code  0x0001dc28    0xd4  interrupt.o [7]
  .rodata            const    0x0001dcfc    0x5c  ll_config.o [4]
  .text              ro code  0x0001dd58    0x40  zero_init3.o [8]
  .text              ro code  0x0001dd98    0x38  packbits_init_single.o [8]
  .text              ro code  0x0001ddd0    0x28  gatt_uuid.o [4]
  .text              ro code  0x0001ddf8    0x28  data_init.o [8]
  .rodata            const    0x0001de20    0x25  OSAL_ICallBle.o [1]
  .iar.init_table    const    0x0001de48    0x20  - Linker created -
  .rodata            const    0x0001de68     0x8  gattservapp.o [4]
  .rodata            const    0x0001de70     0x8  gapgattserver.o [4]
  .text              ro code  0x0001de78     0x2  hal_assert.o [1]
  .rodata            const    0x0001de7a     0x0  zero_init3.o [8]
  .rodata            const    0x0001de7a     0x0  packbits_init_single.o [8]
  Initializer bytes  const    0x0001de7a   0x167  <for P2-1>
                            - 0x0001dfe1  0xefb1

"A1":                                     0x1000
  .snvSectors        const    0x0001e000  0x1000  osal_snv_wrapper.o [1]
                            - 0x0001f000  0x1000

"P2", part 1 of 2:                         0x2d1
  P2-1                        0x2000445c   0x2d1  <Init block>
    .data            inited   0x2000445c    0x30  OSAL.o [1]
    .data            inited   0x2000448c    0x7c  osal_cbtimer.o [1]
    .data            inited   0x20004508    0x1c  gap_linkmgr.o [4]
    .data            inited   0x20004524    0x2c  gap_configmgr.o [4]
    .data            inited   0x20004550    0x50  gap_configmgr.o [4]
    .data            inited   0x200045a0    0x1c  gap_peridevmgr.o [4]
    .data            inited   0x200045bc     0xc  gap_task.o [4]
    .data            inited   0x200045c8     0x4  gap_perilinkmgr.o [4]
    .data            inited   0x200045cc    0x40  gattservapp.o [4]
    .data            inited   0x2000460c     0x8  gatt_server.o [4]
    .data            inited   0x20004614    0x24  gapgattserver.o [4]
    .data            inited   0x20004638    0x70  gapgattserver.o [4]
    .data            inited   0x200046a8    0x10  ll_config.o [4]
    .data            inited   0x200046b8     0xc  sm_rsppairing.o [4]
    .data            inited   0x200046c4    0x14  l2cap_task.o [4]
    .data            inited   0x200046d8    0x3c  ll_sleep.o [4]
    .data            inited   0x20004714     0xc  ll_common_PATCH.o [4]
    .data            inited   0x20004720     0x4  osal_snv_wrapper.o [1]
    .data            inited   0x20004724     0x2  l2cap_task.o [4]
    .data            inited   0x20004726     0x1  gattservapp.o [4]
    .data            inited   0x20004727     0x1  gattservapp.o [4]
    .data            inited   0x20004728     0x1  gatt_task.o [4]
    .data            inited   0x20004729     0x1  gatt_server.o [4]
    .data            inited   0x2000472a     0x1  gapgattserver.o [4]
    .data            inited   0x2000472b     0x1  gapgattserver.o [4]
    .data            inited   0x2000472c     0x1  gapgattserver.o [4]
                            - 0x2000472d   0x2d1

"P2", part 2 of 2:                         0x18c
  .bss               zero     0x20004730    0x38  bleDispatch.o [1]
  .bss               zero     0x20004768    0x38  linkdb.o [4]
  .bss               zero     0x200047a0    0x30  l2cap_task.o [4]
  .bss               zero     0x200047d0    0x28  gattservapp.o [4]
  .bss               zero     0x200047f8    0x1c  ll_PATCH.o [4]
  .bss               zero     0x20004814    0x18  ll_sleep.o [4]
  .bss               zero     0x2000482c    0x10  hci_event_PATCH.o [4]
  .bss               zero     0x2000483c     0xc  ICall_startup.o [1]
  .bss               zero     0x20004848     0xc  sm_pairing.o [4]
  .bss               zero     0x20004854     0x8  OSAL_Clock.o [1]
  .bss               zero     0x2000485c     0x8  OSAL_Timers.o [1]
  .bss               zero     0x20004864     0x8  gatt_task.o [4]
  .bss               zero     0x2000486c     0x4  hal_trng_wrapper.o [1]
  .bss               zero     0x20004870     0x4  osal_bufmgr.o [1]
  .bss               zero     0x20004874     0x4  OSAL_ICallBle.o [1]
  .bss               zero     0x20004878     0x4  OSAL_PwrMgr.o [1]
  .bss               zero     0x2000487c     0x4  att_server.o [4]
  .bss               zero     0x20004880     0x4  gap_linkmgr.o [4]
  .bss               zero     0x20004884     0x4  gap_devmgr.o [4]
  .bss               zero     0x20004888     0x4  gap_devmgr.o [4]
  .bss               zero     0x2000488c     0x4  gattservapp.o [4]
  .bss               zero     0x20004890     0x4  gatt_server.o [4]
  .bss               zero     0x20004894     0x4  gapgattserver.o [4]
  .bss               zero     0x20004898     0x4  ble_PATCH.o [4]
  .bss               zero     0x2000489c     0x4  ble_PATCH.o [4]
  .bss               zero     0x200048a0     0x4  sm_mgr.o [4]
  .bss               zero     0x200048a4     0x2  OSAL.o [1]
  .bss               zero     0x200048a6     0x2  gap_peridevmgr.o [4]
  .bss               zero     0x200048a8     0x2  gatt_task.o [4]
  .bss               zero     0x200048aa     0x2  ll_slaveEndCauses_PATCH.o [4]
  .bss               zero     0x200048ac     0x1  bleDispatch.o [1]
  .bss               zero     0x200048ad     0x1  l2cap_if.o [4]
  .bss               zero     0x200048ae     0x1  l2cap_util.o [4]
  .bss               zero     0x200048af     0x1  l2cap_util.o [4]
  .bss               zero     0x200048b0     0x1  hci_tl.o [5]
  .bss               zero     0x200048b1     0x1  hci_tl.o [5]
  .bss               zero     0x200048b2     0x1  hci_tl.o [5]
  .bss               zero     0x200048b3     0x1  hci_tl.o [5]
  .bss               zero     0x200048b4     0x1  hci_tl.o [5]
  .bss               zero     0x200048b5     0x1  hci_tl.o [5]
  .bss               zero     0x200048b6     0x1  sm_task.o [4]
  .bss               zero     0x200048b7     0x1  ll_sleep.o [4]
  .bss               zero     0x200048b8     0x1  ll_common_PATCH.o [4]
                            - 0x200048b9   0x189


*******************************************************************************
*** INIT TABLE
***

          Address     Size
          -------     ----
Zero (__iar_zero_init3)
    1 destination range, total size 0x189:
          0x20004730  0x189

Copy/packbits (__iar_packbits_init_single3)
    1 source range, total size 0x167 (49% of destination):
          0x0001de7a  0x167
    1 destination range, total size 0x2d1:
          0x2000445c  0x2d1



*******************************************************************************
*** MODULE SUMMARY
***

    Module                     ro code  ro data  rw data
    ------                     -------  -------  -------
C:\ti\simplelink\ble_cc26xx_2_01_01_44627\Projects\ble\Free_Write\CC26XX\IAR\Stack\CC2650\FlashROM\Obj: [1]
    CommonROM_Init.o               328
    ICall_startup.o                 48                12
    OSAL.o                       1 820       23       50
    OSAL_Clock.o                    96                 8
    OSAL_ICallBle.o                268       37        4
    OSAL_MemoryICall.o              60
    OSAL_PwrMgr.o                  148                 4
    OSAL_Timers.o                  516                 8
    OnBoard.o                       20
    ROM_Init.o                   1 740
    bleDispatch.o                2 288                57
    bleUserConfig.o                 88
    gap.o                           50
    gattservapp_util.o             224
    hal_assert.o                     2
    hal_flash_wrapper.o             88
    hal_trng_wrapper.o             100                 4
    mb_PATCH.o                     692
    osal_bufmgr.o                  208                 4
    osal_cbtimer.o                 524       62      124
    osal_snv_wrapper.o           1 084    4 098        4
    ----------------------------------------------------
    Total:                      10 392    4 220      279

C:\ti\simplelink\ble_cc26xx_2_01_01_44627\Projects\common\BLE_ROM_Releases\04242014: [2]
    ----------------------------------------------------
    Total:

command line: [3]
    ----------------------------------------------------
    Total:

CC2650Stack.a: [4]
    att_server.o                   492                 4
    att_util.o                     932
    ble_PATCH.o                  1 406                 8
    gap_configmgr.o                856       62      124
    gap_devmgr.o                   130                 8
    gap_linkmgr.o                2 212       14       32
    gap_peridevmgr.o             1 664       14       30
    gap_perilinkmgr.o              268        2        4
    gap_task.o                     648        6       12
    gapgattserver.o                744       83      155
    gatt_server.o                2 636        4       13
    gatt_task.o                    760        1       11
    gatt_uuid.o                     40
    gattservapp.o                4 096       41      110
    hci_PATCH.o                    892
    hci_data_PATCH.o               168
    hci_event_PATCH.o              988                16
    l2cap_if.o                     980                 1
    l2cap_task.o                 1 328       11       70
    l2cap_util.o                 3 598                 2
    linkdb.o                       584                56
    ll_PATCH.o                   4 192        2       28
    ll_advEndCauses_PATCH.o      1 074
    ll_common_PATCH.o            4 288        6       13
    ll_config.o                  1 700      100       16
    ll_isr.o                     1 200
    ll_scheduler_PATCH.o           312
    ll_slaveEndCauses_PATCH.o    2 366                 2
    ll_sleep.o                   1 748       30       85
    sm_mgr.o                     1 620                 4
    sm_pairing.o                 1 876                12
    sm_rsppairing.o              1 368        6       12
    sm_task.o                      260                 1
    smp.o                          922
    ----------------------------------------------------
    Total:                      48 348      382      829

CC2650Stack_HCI_TL.a: [5]
    hci_tl.o                       156                 6
    ----------------------------------------------------
    Total:                         156                 6

dl7M_tln.a: [6]
    ----------------------------------------------------
    Total:

driverlib.lib: [7]
    cpu.o                           16
    flash.o                         44
    interrupt.o                    212
    trng.o                          52
    vims.o                          16
    ----------------------------------------------------
    Total:                         340

rt7M_tl.a: [8]
    ABImemclr.o                      6
    ABImemcpy_unaligned.o          118
    ABImemset.o                    102
    I64DivMod.o                    238
    I64DivZer.o                      2
    data_init.o                     40
    packbits_init_single.o          56
    strlen.o                        54
    zero_init3.o                    64
    ----------------------------------------------------
    Total:                         680

    Gaps                            24        3
    Linker created                 928       32
--------------------------------------------------------
    Grand Total:                60 868    4 637    1 114


*******************************************************************************
*** ENTRY LIST
***

Entry                      Address    Size  Type      Object
-----                      -------    ----  ----      ------
.iar.init_table$$Base   0x0001de48           --   Gb  - Linker created -
.iar.init_table$$Limit  0x0001de68           --   Gb  - Linker created -
A1_rw_1 {Abs}           0x10005000     0x4   --   Gb  ble_rom_PATCH.symbols [2]
A2_rw_1 {Abs}           0x1000dffe     0x2   --   Gb  ble_rom_PATCH.symbols [2]
A3_rw_1 {Abs}           0x1000dffc     0x2   --   Gb  ble_rom_PATCH.symbols [2]
A4_rw_1 {Abs}           0x200048e8    0x14   --   Gb  ble_rom_PATCH.symbols [2]
ATT_BuildErrorRsp       0x00019bff    0x12  Code  Gb  att_util.o [4]
ATT_BuildExchangeMTURsp
                        0x00019c1b     0x2  Code  Gb  att_util.o [4]
ATT_BuildFindByTypeValueRsp
                        0x00019c8f     0x8  Code  Gb  att_util.o [4]
ATT_BuildFindInfoRsp    0x00019c35    0x18  Code  Gb  att_util.o [4]
ATT_BuildHandleValueInd
                        0x00019dd1     0x2  Code  Gb  att_util.o [4]
ATT_BuildPrepareWriteRsp
                        0x00019da1     0x2  Code  Gb  att_util.o [4]
ATT_BuildReadBlobRsp    0x00019d47     0x4  Code  Gb  att_util.o [4]
ATT_BuildReadByGrpTypeRsp
                        0x00019d67     0x2  Code  Gb  att_util.o [4]
ATT_BuildReadByTypeRsp  0x00019cd3     0x2  Code  Gb  att_util.o [4]
ATT_BuildReadMultiRsp   0x00019d63     0x4  Code  Gb  att_util.o [4]
ATT_BuildReadRsp        0x00019cef     0x4  Code  Gb  att_util.o [4]
ATT_CompareUUID         0x00019e77    0x50  Code  Gb  att_util.o [4]
ATT_ConvertUUIDto128    0x00019ec7    0x28  Code  Gb  att_util.o [4]
ATT_ErrorRsp            0x00019f4f     0xc  Code  Gb  att_server.o [4]
ATT_ExchangeMTURsp      0x00019f61    0x18  Code  Gb  att_server.o [4]
ATT_ExecuteWriteRsp     0x0001a093     0xc  Code  Gb  att_server.o [4]
ATT_FindByTypeValueRsp  0x00019fa9    0x20  Code  Gb  att_server.o [4]
ATT_FindInfoRsp         0x00019f79    0x30  Code  Gb  att_server.o [4]
ATT_GetMTU              0x00019f19    0x1e  Code  Gb  att_util.o [4]
ATT_HandleValueInd      0x0001a0b5    0x14  Code  Gb  att_server.o [4]
ATT_HandleValueNoti     0x0001a09f    0x16  Code  Gb  att_server.o [4]
ATT_ParseExchangeMTUReq
                        0x00019c11     0xa  Code  Gb  att_util.o [4]
ATT_ParseExecuteWriteReq
                        0x00019dbf    0x12  Code  Gb  att_util.o [4]
ATT_ParseFindByTypeValueReq
                        0x00019c4d    0x42  Code  Gb  att_util.o [4]
ATT_ParseFindInfoReq    0x00019c2b     0xa  Code  Gb  att_util.o [4]
ATT_ParsePacket         0x00019ba5    0x5a  Code  Gb  att_util.o [4]
ATT_ParsePrepareWriteReq
                        0x00019d79    0x28  Code  Gb  att_util.o [4]
ATT_ParseReadBlobReq    0x00019d23     0xa  Code  Gb  att_util.o [4]
ATT_ParseReadByTypeReq  0x00019c97    0x3c  Code  Gb  att_util.o [4]
ATT_ParseReadMultiReq   0x00019d4b    0x18  Code  Gb  att_util.o [4]
ATT_ParseReadReq        0x00019cd5     0xa  Code  Gb  att_util.o [4]
ATT_ParseWriteReq       0x00019cf3    0x2a  Code  Gb  att_util.o [4]
ATT_PrepareWriteRsp     0x0001a079    0x1a  Code  Gb  att_server.o [4]
ATT_ReadBlobRsp         0x0001a011    0x16  Code  Gb  att_server.o [4]
ATT_ReadByGrpTypeRsp    0x0001a04b    0x22  Code  Gb  att_server.o [4]
ATT_ReadByTypeRsp       0x00019fc9    0x22  Code  Gb  att_server.o [4]
ATT_ReadMultiRsp        0x0001a02d    0x16  Code  Gb  att_server.o [4]
ATT_ReadRsp             0x00019ff5    0x14  Code  Gb  att_server.o [4]
ATT_RegisterServer      0x00019f49     0x6  Code  Gb  att_server.o [4]
ATT_UpdateMTU           0x00019eef    0x2a  Code  Gb  att_util.o [4]
ATT_WriteRsp            0x0001a06d     0xc  Code  Gb  att_server.o [4]
AddRoundKeySubBytes_Sw {Abs}
                        0x10016c29    0x1a  Code  Gb  ble_rom_PATCH.symbols [2]
AesCcm_authEncrypt_Sw {Abs}
                        0x10018a19    0x1a  Code  Gb  ble_rom_PATCH.symbols [2]
AesCcm_decryptAuth_Sw {Abs}
                        0x10018a35    0x18  Code  Gb  ble_rom_PATCH.symbols [2]
AesCcm_getNumBlocks_Sw {Abs}
                        0x10018b09     0x4  Code  Gb  ble_rom_PATCH.symbols [2]
Aes_decrypt_Sw {Abs}    0x10018ac5    0x2a  Code  Gb  ble_rom_PATCH.symbols [2]
Aes_encrypt_Sw {Abs}    0x10018a99    0x2a  Code  Gb  ble_rom_PATCH.symbols [2]
COMMON_RAM_BASE_ADDR {Abs}
                        0x20004f2c           --   Gb  ble_rom_PATCH.symbols [2]
COMMON_ROM_BASE_ADDR {Abs}
                        0x10014c01           --   Gb  ble_rom_PATCH.symbols [2]
CommonROM_Init          0x0001dae1    0x28  Code  Gb  CommonROM_Init.o [1]
FFMult_Sw {Abs}         0x10016d05    0x22  Code  Gb  ble_rom_PATCH.symbols [2]
Fill1_1 {Abs}           0x1000d9ec   0x610   --   Gb  ble_rom_PATCH.symbols [2]
GAP_Authenticate        0x00018293    0x9a  Code  Gb  gap_linkmgr.o [4]
GAP_Bond                0x000183c9    0x7a  Code  Gb  gap_linkmgr.o [4]
GAP_ConfigDeviceAddr    0x00017831    0xcc  Code  Gb  gap_configmgr.o [4]
GAP_DeviceInit          0x0001a5b1    0x32  Code  Gb  gap.o [1]
GAP_EndDiscoverable     0x0001a719    0x4c  Code  Gb  gap_peridevmgr.o [4]
GAP_GetParamValue       0x000177b9    0x12  Code  Gb  gap_configmgr.o [4]
GAP_Init                0x0001378b    0x16  Code  Gb  gap_task.o [4]
GAP_MakeDiscoverable    0x0001a605    0xa6  Code  Gb  gap_peridevmgr.o [4]
GAP_NumActiveConnections
                        0x00013867     0x4  Code  Gb  gap_task.o [4]
GAP_ParamsInit          0x000177cb    0x28  Code  Gb  gap_configmgr.o [4]
GAP_PasscodeUpdate      0x0001837d    0x4c  Code  Gb  gap_linkmgr.o [4]
GAP_PasskeyUpdate       0x0001834b    0x32  Code  Gb  gap_linkmgr.o [4]
GAP_PeriConnRegister    0x0001acbd    0x24  Code  Gb  gap_perilinkmgr.o [4]
GAP_PeriDevMgrInit      0x0001a7f1    0x6e  Code  Gb  gap_peridevmgr.o [4]
GAP_ProcessEvent        0x000137a1    0xc6  Code  Gb  gap_task.o [4]
GAP_RegisterForMsgs     0x00013785     0x6  Code  Gb  gap_task.o [4]
GAP_RemoveAdvToken      0x0001a7c9    0x14  Code  Gb  gap_peridevmgr.o [4]
GAP_ResolvePrivateAddr  0x00017711     0x4  Code  Gb  gap_devmgr.o [4]
GAP_SecParamsInit       0x000177f3    0x3e  Code  Gb  gap_configmgr.o [4]
GAP_SendSlaveSecurityRequest
                        0x0001ac85    0x38  Code  Gb  gap_perilinkmgr.o [4]
GAP_SetAdvToken         0x0001a765    0x58  Code  Gb  gap_peridevmgr.o [4]
GAP_SetParamValue       0x0001779d    0x1c  Code  Gb  gap_configmgr.o [4]
GAP_Signable            0x0001824b    0x48  Code  Gb  gap_linkmgr.o [4]
GAP_TerminateAuth       0x0001832d    0x1e  Code  Gb  gap_linkmgr.o [4]
GAP_TerminateLinkReq    0x00018161    0x7a  Code  Gb  gap_linkmgr.o [4]
GAP_UpdateAdvTokens     0x0001a7dd    0x14  Code  Gb  gap_peridevmgr.o [4]
GAP_UpdateAdvertisingData
                        0x0001a6ab    0x6e  Code  Gb  gap_peridevmgr.o [4]
GAP_UpdateLinkParamReq  0x000181db    0x70  Code  Gb  gap_linkmgr.o [4]
GATTServApp_AddService  0x00014061    0x18  Code  Gb  gattservapp.o [4]
GATTServApp_DeregisterService
                        0x00013f09    0x42  Code  Gb  gattservapp.o [4]
GATTServApp_GetParameter
                        0x00013fab    0x14  Code  Gb  gattservapp.o [4]
GATTServApp_Init        0x00013e09    0x6e  Code  Gb  gattservapp.o [4]
GATTServApp_InitCharCfg
                        0x0001a135    0x34  Code  Gb  gattservapp_util.o [1]
GATTServApp_ProcessCCCWriteReq
                        0x0001a169    0x50  Code  Gb  gattservapp_util.o [1]
GATTServApp_ProcessEvent
                        0x00013e77    0x3e  Code  Gb  gattservapp.o [4]
GATTServApp_ReadAttr    0x00014ac9   0x1f4  Code  Gb  gattservapp.o [4]
GATTServApp_ReadCharCfg
                        0x0001a1b9     0xc  Code  Gb  gattservapp_util.o [1]
GATTServApp_RegisterService
                        0x00013eb5    0x54  Code  Gb  gattservapp.o [4]
GATTServApp_SendCCCUpdatedEvent
                        0x00014dc1    0x36  Code  Gb  gattservapp.o [4]
GATTServApp_SendServiceChangedInd
                        0x00014d45    0x24  Code  Gb  gattservapp.o [4]
GATTServApp_SetParameter
                        0x00013f4b    0x60  Code  Gb  gattservapp.o [4]
GATTServApp_TaskID      0x200047e8     0x1  Data  Gb  gattservapp.o [4]
GATTServApp_WriteAttr   0x00014cbd    0x7a  Code  Gb  gattservapp.o [4]
GATTServApp_WriteCharCfg
                        0x0001a1c5    0x26  Code  Gb  gattservapp_util.o [1]
GATT_AppCompletedMsg    0x00013b29    0x28  Code  Gb  gatt_task.o [4]
GATT_DeregisterService  0x00019257    0x40  Code  Gb  gatt_server.o [4]
GATT_FindHandle         0x000193f5    0x48  Code  Gb  gatt_server.o [4]
GATT_FindHandleUUID     0x00019399    0x5c  Code  Gb  gatt_server.o [4]
GATT_FindNextAttr       0x0001943d    0x7a  Code  Gb  gatt_server.o [4]
GATT_GetNextHandle      0x00019b1b     0x6  Code  Gb  gatt_server.o [4]
GATT_Indication         0x00019591    0x5a  Code  Gb  gatt_server.o [4]
GATT_Init               0x00013b51    0x1e  Code  Gb  gatt_task.o [4]
GATT_InitServer         0x00019159    0x66  Code  Gb  gatt_server.o [4]
GATT_Notification       0x000195eb    0x32  Code  Gb  gatt_server.o [4]
GATT_NotifyEvent        0x00013cbb    0x14  Code  Gb  gatt_task.o [4]
GATT_ProcessEvent       0x00013b6f    0x30  Code  Gb  gatt_task.o [4]
GATT_RegisterForMsgs    0x00013b17     0x6  Code  Gb  gatt_task.o [4]
GATT_RegisterForReq     0x00019297     0x8  Code  Gb  gatt_server.o [4]
GATT_RegisterService    0x000191bf    0x98  Code  Gb  gatt_server.o [4]
GATT_SendRsp            0x000194dd    0xb4  Code  Gb  gatt_server.o [4]
GATT_ServiceChangedInd  0x00019327    0x72  Code  Gb  gatt_server.o [4]
GATT_ServiceEncKeySize  0x000194cd    0x10  Code  Gb  gatt_server.o [4]
GATT_ServiceNumAttrs    0x000194c1     0xc  Code  Gb  gatt_server.o [4]
GATT_SetHostToAppFlowCtrl
                        0x00013b1d     0xc  Code  Gb  gatt_task.o [4]
GATT_UpdateMTU          0x00013ccf    0x26  Code  Gb  gatt_task.o [4]
GATT_VerifyReadPermissions
                        0x0001929f    0x36  Code  Gb  gatt_server.o [4]
GATT_VerifyWritePermissions
                        0x000192d5    0x52  Code  Gb  gatt_server.o [4]
GATT_bm_alloc           0x00013d7d    0x78  Code  Gb  gatt_task.o [4]
GATT_bm_free            0x00013df5    0x14  Code  Gb  gatt_task.o [4]
GGS_AddService          0x0001ae47    0x18  Code  Gb  gapgattserver.o [4]
GGS_GetParameter        0x0001ae11    0x36  Code  Gb  gapgattserver.o [4]
GGS_SetParameter        0x0001ad91    0x80  Code  Gb  gapgattserver.o [4]
HCI_CommandCompleteEvent {Abs}
                        0x10008add    0xac  Code  Gb  ble_rom_PATCH.symbols [2]
HCI_CommandStatusEvent {Abs}
                        0x10008ba1    0x54  Code  Gb  ble_rom_PATCH.symbols [2]
HCI_DataBufferOverflowEvent {Abs}
                        0x10008a2d    0x24  Code  Gb  ble_rom_PATCH.symbols [2]
HCI_DisconnectCmd {Abs}
                        0x10009525    0x1a  Code  Gb  ble_rom_PATCH.symbols [2]
HCI_EXT_AdvEventNoticeCmd {Abs}
                        0x1000a0f1     0xa  Code  Gb  ble_rom_PATCH.symbols [2]
HCI_EXT_BuildRevisionCmd {Abs}
                        0x1000a109    0x4a  Code  Gb  ble_rom_PATCH.symbols [2]
HCI_EXT_ClkDivOnHaltCmd {Abs}
                        0x10009d79    0x1e  Code  Gb  ble_rom_PATCH.symbols [2]
HCI_EXT_ConnEventNoticeCmd
                        0x0001a4d9     0x4  Code  Gb  hci_PATCH.o [4]
HCI_EXT_DeclareNvUsageCmd {Abs}
                        0x10009dad    0x22  Code  Gb  ble_rom_PATCH.symbols [2]
HCI_EXT_DecryptCmd {Abs}
                        0x10009dd1    0x5a  Code  Gb  ble_rom_PATCH.symbols [2]
HCI_EXT_DelaySleepCmd   0x0001a4b5    0x24  Code  Gb  hci_PATCH.o [4]
HCI_EXT_DisconnectImmedCmd {Abs}
                        0x1000a011    0x1e  Code  Gb  ble_rom_PATCH.symbols [2]
HCI_EXT_EnablePTMCmd {Abs}
                        0x10009f69    0x16  Code  Gb  ble_rom_PATCH.symbols [2]
HCI_EXT_EndModemTestCmd {Abs}
                        0x10009eed    0x1e  Code  Gb  ble_rom_PATCH.symbols [2]
HCI_EXT_ExtendRfRangeCmd {Abs}
                        0x1000a095    0x3a  Code  Gb  ble_rom_PATCH.symbols [2]
HCI_EXT_GetConnInfoCmd  0x0001a2a7    0x82  Code  Gb  hci_PATCH.o [4]
HCI_EXT_HaltDuringRfCmd {Abs}
                        0x1000a0d1    0x1e  Code  Gb  ble_rom_PATCH.symbols [2]
HCI_EXT_MapPmIoPortCmd {Abs}
                        0x10009ff1    0x1e  Code  Gb  ble_rom_PATCH.symbols [2]
HCI_EXT_ModemHopTestTxCmd {Abs}
                        0x10009ead    0x1e  Code  Gb  ble_rom_PATCH.symbols [2]
HCI_EXT_ModemTestRxCmd {Abs}
                        0x10009ecd    0x1e  Code  Gb  ble_rom_PATCH.symbols [2]
HCI_EXT_ModemTestTxCmd {Abs}
                        0x10009e8d    0x1e  Code  Gb  ble_rom_PATCH.symbols [2]
HCI_EXT_NumComplPktsLimitCmd {Abs}
                        0x1000a1b5    0x1e  Code  Gb  ble_rom_PATCH.symbols [2]
HCI_EXT_OnePktPerEvtCmd {Abs}
                        0x10009d45    0x26  Code  Gb  ble_rom_PATCH.symbols [2]
HCI_EXT_OverlappedProcessingCmd {Abs}
                        0x1000a195    0x1e  Code  Gb  ble_rom_PATCH.symbols [2]
HCI_EXT_PERbyChanCmd {Abs}
                        0x1000a075    0x1e  Code  Gb  ble_rom_PATCH.symbols [2]
HCI_EXT_PacketErrorRateCmd {Abs}
                        0x1000a031    0x36  Code  Gb  ble_rom_PATCH.symbols [2]
HCI_EXT_ResetSystemCmd  0x0001a487    0x2e  Code  Gb  hci_PATCH.o [4]
HCI_EXT_SaveFreqTuneCmd {Abs}
                        0x10009fb1    0x1e  Code  Gb  ble_rom_PATCH.symbols [2]
HCI_EXT_SetBDADDRCmd {Abs}
                        0x10009f0d    0x3a  Code  Gb  ble_rom_PATCH.symbols [2]
HCI_EXT_SetFastTxResponseTimeCmd {Abs}
                        0x10009e4d    0x1e  Code  Gb  ble_rom_PATCH.symbols [2]
HCI_EXT_SetFreqTuneCmd {Abs}
                        0x10009f81    0x1e  Code  Gb  ble_rom_PATCH.symbols [2]
HCI_EXT_SetLocalSupportedFeaturesCmd {Abs}
                        0x10009e2d    0x1e  Code  Gb  ble_rom_PATCH.symbols [2]
HCI_EXT_SetMaxDtmTxPowerCmd {Abs}
                        0x10009fd1    0x1e  Code  Gb  ble_rom_PATCH.symbols [2]
HCI_EXT_SetRxGainCmd {Abs}
                        0x10009cd5    0x34  Code  Gb  ble_rom_PATCH.symbols [2]
HCI_EXT_SetSCACmd {Abs}
                        0x10009f49    0x1e  Code  Gb  ble_rom_PATCH.symbols [2]
HCI_EXT_SetSlaveLatencyOverrideCmd {Abs}
                        0x10009e6d    0x1e  Code  Gb  ble_rom_PATCH.symbols [2]
HCI_EXT_SetTxPowerCmd {Abs}
                        0x10009d09    0x3a  Code  Gb  ble_rom_PATCH.symbols [2]
HCI_GAPTaskRegister     0x00013227     0x6  Code  Gb  hci_tl.o [5]
HCI_HardwareErrorEvent {Abs}
                        0x10008bf5    0x2e  Code  Gb  ble_rom_PATCH.symbols [2]
HCI_HostBufferSizeCmd {Abs}
                        0x10009631    0x2c  Code  Gb  ble_rom_PATCH.symbols [2]
HCI_HostNumCompletedPktCmd {Abs}
                        0x1000965d    0x5a  Code  Gb  ble_rom_PATCH.symbols [2]
HCI_Init                0x000131b9    0x32  Code  Gb  hci_tl.o [5]
HCI_L2CAPTaskRegister   0x0001322d     0x6  Code  Gb  hci_tl.o [5]
HCI_LE_AddWhiteListCmd {Abs}
                        0x10009a15    0x1c  Code  Gb  ble_rom_PATCH.symbols [2]
HCI_LE_ClearWhiteListCmd {Abs}
                        0x100099f9    0x1c  Code  Gb  ble_rom_PATCH.symbols [2]
HCI_LE_ConnUpdateCmd    0x0001a465    0x1c  Code  Gb  hci_PATCH.o [4]
HCI_LE_EncryptCmd {Abs}
                        0x10009af5    0x40  Code  Gb  ble_rom_PATCH.symbols [2]
HCI_LE_LtkReqNegReplyCmd {Abs}
                        0x10009be1    0x1c  Code  Gb  ble_rom_PATCH.symbols [2]
HCI_LE_LtkReqReplyCmd {Abs}
                        0x10009bc5    0x1c  Code  Gb  ble_rom_PATCH.symbols [2]
HCI_LE_RandCmd {Abs}    0x10009b51    0x3c  Code  Gb  ble_rom_PATCH.symbols [2]
HCI_LE_ReadAdvChanTxPowerCmd {Abs}
                        0x100098f5    0x20  Code  Gb  ble_rom_PATCH.symbols [2]
HCI_LE_ReadBufSizeCmd   0x0001a367    0x26  Code  Gb  hci_PATCH.o [4]
HCI_LE_ReadChannelMapCmd {Abs}
                        0x10009aa1    0x36  Code  Gb  ble_rom_PATCH.symbols [2]
HCI_LE_ReadLocalSupportedFeaturesCmd {Abs}
                        0x10009829    0x1e  Code  Gb  ble_rom_PATCH.symbols [2]
HCI_LE_ReadRemoteUsedFeaturesCmd
                        0x0001a3ef    0x2a  Code  Gb  hci_PATCH.o [4]
HCI_LE_ReadSupportedStatesCmd {Abs}
                        0x10009c15    0x22  Code  Gb  ble_rom_PATCH.symbols [2]
HCI_LE_ReadWhiteListSizeCmd {Abs}
                        0x100099c9    0x20  Code  Gb  ble_rom_PATCH.symbols [2]
HCI_LE_ReceiverTestCmd  0x0001a42b    0x12  Code  Gb  hci_PATCH.o [4]
HCI_LE_RemoteConnParamReqNegReplyCmd
                        0x0001a3c7    0x14  Code  Gb  hci_PATCH.o [4]
HCI_LE_RemoteConnParamReqReplyCmd
                        0x0001a395    0x32  Code  Gb  hci_PATCH.o [4]
HCI_LE_RemoveWhiteListCmd {Abs}
                        0x10009a31    0x1c  Code  Gb  ble_rom_PATCH.symbols [2]
HCI_LE_SetAdvDataCmd {Abs}
                        0x100098a1    0x1c  Code  Gb  ble_rom_PATCH.symbols [2]
HCI_LE_SetAdvEnableCmd {Abs}
                        0x100098d9    0x1c  Code  Gb  ble_rom_PATCH.symbols [2]
HCI_LE_SetAdvParamCmd {Abs}
                        0x1000986d    0x34  Code  Gb  ble_rom_PATCH.symbols [2]
HCI_LE_SetEventMaskCmd  0x0001a4dd    0x1e  Code  Gb  hci_PATCH.o [4]
HCI_LE_SetRandomAddressCmd {Abs}
                        0x10009849    0x24  Code  Gb  ble_rom_PATCH.symbols [2]
HCI_LE_SetScanRspDataCmd {Abs}
                        0x100098bd    0x1c  Code  Gb  ble_rom_PATCH.symbols [2]
HCI_LE_TestEndCmd {Abs}
                        0x10009c8d    0x32  Code  Gb  ble_rom_PATCH.symbols [2]
HCI_LE_TransmitterTestCmd
                        0x0001a419    0x12  Code  Gb  hci_PATCH.o [4]
HCI_NumOfCompletedPacketsEvent
                        0x00011421    0xbe  Code  Gb  hci_event_PATCH.o [4]
HCI_ProcessEvent        0x000131eb    0x3c  Code  Gb  hci_tl.o [5]
HCI_ReadAuthPayloadTimeoutCmd
                        0x0001a329    0x24  Code  Gb  hci_PATCH.o [4]
HCI_ReadBDADDRCmd {Abs}
                        0x10009765    0x26  Code  Gb  ble_rom_PATCH.symbols [2]
HCI_ReadLocalSupportedCommandsCmd
                        0x0001a293    0x14  Code  Gb  hci_PATCH.o [4]
HCI_ReadLocalSupportedFeaturesCmd {Abs}
                        0x1000973d    0x20  Code  Gb  ble_rom_PATCH.symbols [2]
HCI_ReadLocalVersionInfoCmd
                        0x0001a515    0x58  Code  Gb  hci_PATCH.o [4]
HCI_ReadRemoteVersionInfoCmd {Abs}
                        0x10009541    0x30  Code  Gb  ble_rom_PATCH.symbols [2]
HCI_ReadRssiCmd {Abs}   0x1000978d    0x20  Code  Gb  ble_rom_PATCH.symbols [2]
HCI_ReadTransmitPowerLevelCmd {Abs}
                        0x100095d1    0x22  Code  Gb  ble_rom_PATCH.symbols [2]
HCI_ResetCmd            0x0001a271    0x22  Code  Gb  hci_PATCH.o [4]
HCI_ReverseBytes {Abs}  0x1000d7cd    0x1e  Code  Gb  ble_rom_PATCH.symbols [2]
HCI_SMPTaskRegister     0x00013233     0x6  Code  Gb  hci_tl.o [5]
HCI_SendCommandCompleteEvent {Abs}
                        0x10008c81    0xb0  Code  Gb  ble_rom_PATCH.symbols [2]
HCI_SendCommandStatusEvent {Abs}
                        0x10008c59    0x28  Code  Gb  ble_rom_PATCH.symbols [2]
HCI_SendControllerToHostEvent {Abs}
                        0x10008d31    0x50  Code  Gb  ble_rom_PATCH.symbols [2]
HCI_SendDataPkt {Abs}   0x100094e9    0x3a  Code  Gb  ble_rom_PATCH.symbols [2]
HCI_SetControllerToHostFlowCtrlCmd {Abs}
                        0x100095f5    0x3c  Code  Gb  ble_rom_PATCH.symbols [2]
HCI_SetEventMaskCmd {Abs}
                        0x10009571    0x2c  Code  Gb  ble_rom_PATCH.symbols [2]
HCI_SetEventMaskPage2Cmd
                        0x0001a43d    0x1e  Code  Gb  hci_PATCH.o [4]
HCI_ValidConnTimeParams
                        0x0001a235    0x3c  Code  Gb  hci_PATCH.o [4]
HCI_VendorSpecifcCommandCompleteEvent
                        0x00011647    0x5e  Code  Gb  hci_event_PATCH.o [4]
HCI_WriteAuthPayloadTimeoutCmd
                        0x0001a34d    0x12  Code  Gb  hci_PATCH.o [4]
HCI_bm_alloc {Abs}      0x100094a1     0xc  Code  Gb  ble_rom_PATCH.symbols [2]
HalFlashGetAddress      0x0001b0bb    0x16  Code  Gb  hal_flash_wrapper.o [1]
HalFlashRead            0x0001b079    0x30  Code  Gb  hal_flash_wrapper.o [1]
HalFlashWrite           0x0001b0b1     0xa  Code  Gb  hal_flash_wrapper.o [1]
HalTRNG_GetTRNG         0x00015cd1    0x2e  Code  Gb  hal_trng_wrapper.o [1]
HalTRNG_InitTRNG        0x00015cb1    0x20  Code  Gb  hal_trng_wrapper.o [1]
ICall_abort             0x0001024b     0xa  Code  Lc  OSAL.o [1]
ICall_disableInt        0x00011e3b     0xc  Code  Lc  mb_PATCH.o [1]
ICall_dispatcher        0x2000483c     0x4  Data  Gb  ICall_startup.o [1]
ICall_enableInt         0x00011e2d     0xe  Code  Lc  mb_PATCH.o [1]
ICall_enrollService     0x00011bd1    0x30  Code  Lc  OSAL_ICallBle.o [1]
ICall_enterCriticalSection
                        0x20004840     0x4  Data  Gb  ICall_startup.o [1]
ICall_getTicks          0x00010269    0x16  Code  Lc  OSAL.o [1]
ICall_leaveCriticalSection
                        0x20004844     0x4  Data  Gb  ICall_startup.o [1]
ICall_pwrDispense       0x00010987     0xe  Code  Lc  ll_sleep.o [4]
ICall_pwrIsStableXOSCHF
                        0x0001099d    0x14  Code  Lc  ll_sleep.o [4]
ICall_pwrRequire        0x0001096b     0xc  Code  Lc  ll_sleep.o [4]
ICall_pwrSwitchXOSCHF   0x000109b1     0xe  Code  Lc  ll_sleep.o [4]
ICall_pwrUpdActivityCounter
                        0x00011b3d    0x1e  Code  Lc  OSAL_PwrMgr.o [1]
ICall_pwrUpdActivityCounter
                        0x0001095b    0x10  Code  Lc  ll_sleep.o [4]
ICall_registerISR_Ext   0x00011e57    0x20  Code  Lc  mb_PATCH.o [1]
ICall_send              0x0001021f    0x2c  Code  Lc  OSAL.o [1]
ICall_setTimer          0x0001092d    0x2e  Code  Lc  ll_sleep.o [4]
ICall_signal            0x00010201    0x1e  Code  Lc  OSAL.o [1]
IOCapMatrix             0x0001913c    0x1c  Data  Lc  sm_pairing.o [4]
IntMasterDisable        0x0001c475     0x6  Code  Lc  ROM_Init.o [1]
IntMasterEnable         0x0001c46d     0x8  Code  Lc  ROM_Init.o [1]
InvAddRoundKey_Sw {Abs}
                        0x10016da1    0x26  Code  Gb  ble_rom_PATCH.symbols [2]
InvMixColumns_Sw {Abs}  0x10016ed5    0x70  Code  Gb  ble_rom_PATCH.symbols [2]
InvRoundKey_Sw {Abs}    0x10016dc9    0xc4  Code  Gb  ble_rom_PATCH.symbols [2]
InvShiftRows_Sw {Abs}   0x10016ea1    0x32  Code  Gb  ble_rom_PATCH.symbols [2]
InvSubBytes_Sw {Abs}    0x10016e8d    0x14  Code  Gb  ble_rom_PATCH.symbols [2]
L2CAP_BuildCmdReject    0x00016acf    0x3e  Code  Gb  l2cap_util.o [4]
L2CAP_BuildConnectReq   0x00016bcb     0x2  Code  Gb  l2cap_util.o [4]
L2CAP_ChannelInfo       0x000174d1    0x20  Code  Gb  l2cap_if.o [4]
L2CAP_CmdReject         0x0001763d     0xe  Code  Gb  l2cap_if.o [4]
L2CAP_ConnParamUpdateReq
                        0x0001764b    0x12  Code  Gb  l2cap_if.o [4]
L2CAP_ConnectReq        0x0001755b    0x56  Code  Gb  l2cap_if.o [4]
L2CAP_ConnectRsp        0x000175b1    0x26  Code  Gb  l2cap_if.o [4]
L2CAP_DeregisterPsm     0x00017413    0x28  Code  Gb  l2cap_if.o [4]
L2CAP_DisconnectReq     0x000175d7    0x26  Code  Gb  l2cap_if.o [4]
L2CAP_FlowCtrlCredit    0x000175fd    0x40  Code  Gb  l2cap_if.o [4]
L2CAP_GetMTU            0x000176c5     0x6  Code  Gb  l2cap_if.o [4]
L2CAP_HostNumCompletedPkts
                        0x000176a3    0x16  Code  Gb  l2cap_if.o [4]
L2CAP_Init              0x00013255    0x88  Code  Gb  l2cap_task.o [4]
L2CAP_ParseConnectReq   0x00016bcd     0xa  Code  Gb  l2cap_util.o [4]
L2CAP_ParseFlowCtrlCredit
                        0x00016ca7     0xa  Code  Gb  l2cap_util.o [4]
L2CAP_ParseParamUpdateReq
                        0x00016b79    0x3a  Code  Gb  l2cap_util.o [4]
L2CAP_ProcessEvent      0x000132dd    0x76  Code  Gb  l2cap_task.o [4]
L2CAP_PsmChannels       0x0001746b    0x66  Code  Gb  l2cap_if.o [4]
L2CAP_PsmInfo           0x0001743b    0x30  Code  Gb  l2cap_if.o [4]
L2CAP_RegisterApp       0x0001733d    0x2c  Code  Gb  l2cap_if.o [4]
L2CAP_RegisterPsm       0x000173cd    0x46  Code  Gb  l2cap_if.o [4]
L2CAP_SendData          0x00017369    0x64  Code  Gb  l2cap_if.o [4]
L2CAP_SendSDU           0x000174f1    0x6a  Code  Gb  l2cap_if.o [4]
L2CAP_SetBufSize        0x000176b9     0xc  Code  Gb  l2cap_if.o [4]
L2CAP_SetControllerToHostFlowCtrl
                        0x00017669    0x3a  Code  Gb  l2cap_if.o [4]
L2CAP_SetUserConfig     0x000176cb     0xc  Code  Gb  l2cap_if.o [4]
L2CAP_bm_alloc          0x00017309    0x1a  Code  Gb  l2cap_util.o [4]
LL_AddWhiteListDevice {Abs}
                        0x10005739    0x2a  Code  Gb  ble_rom_PATCH.symbols [2]
LL_AdvReportCback {Abs}
                        0x10008d81   0x120  Code  Gb  ble_rom_PATCH.symbols [2]
LL_AuthPayloadTimeoutExpiredCback
                        0x000114ff    0x70  Code  Gb  hci_event_PATCH.o [4]
LL_ClearWhiteList {Abs}
                        0x10005719    0x20  Code  Gb  ble_rom_PATCH.symbols [2]
LL_ConnActive {Abs}     0x1000678d    0x2e  Code  Gb  ble_rom_PATCH.symbols [2]
LL_ConnParamUpdateCback
                        0x00011331    0x82  Code  Gb  hci_event_PATCH.o [4]
LL_ConnUpdate           0x00012e6d    0xca  Code  Gb  ll_PATCH.o [4]
LL_ConnectionCompleteCback {Abs}
                        0x10008ead   0x140  Code  Gb  ble_rom_PATCH.symbols [2]
LL_CtrlToHostFlowControl {Abs}
                        0x100058d5    0x14  Code  Gb  ble_rom_PATCH.symbols [2]
LL_DirectTestEnd        0x00012c99    0x82  Code  Gb  ll_PATCH.o [4]
LL_DirectTestEndDoneCback {Abs}
                        0x10009471    0x24  Code  Gb  ble_rom_PATCH.symbols [2]
LL_DirectTestRxTest     0x00012bc1    0xca  Code  Gb  ll_PATCH.o [4]
LL_DirectTestTxTest     0x00012acf    0xf2  Code  Gb  ll_PATCH.o [4]
LL_Disconnect {Abs}     0x10005a39    0x66  Code  Gb  ble_rom_PATCH.symbols [2]
LL_DisconnectCback {Abs}
                        0x10009005    0x80  Code  Gb  ble_rom_PATCH.symbols [2]
LL_ENC_AES128_Decrypt {Abs}
                        0x1000b639    0x40  Code  Gb  ble_rom_PATCH.symbols [2]
LL_ENC_AES128_Encrypt {Abs}
                        0x1000b5f5    0x42  Code  Gb  ble_rom_PATCH.symbols [2]
LL_ENC_Decrypt {Abs}    0x1000b9dd    0xb8  Code  Gb  ble_rom_PATCH.symbols [2]
LL_ENC_DecryptMsg {Abs}
                        0x1000b851   0x112  Code  Gb  ble_rom_PATCH.symbols [2]
LL_ENC_Encrypt {Abs}    0x1000b965    0x78  Code  Gb  ble_rom_PATCH.symbols [2]
LL_ENC_EncryptMsg {Abs}
                        0x1000b721   0x12e  Code  Gb  ble_rom_PATCH.symbols [2]
LL_ENC_GenDeviceIV {Abs}
                        0x1000b555    0x14  Code  Gb  ble_rom_PATCH.symbols [2]
LL_ENC_GenDeviceSKD {Abs}
                        0x1000b541    0x12  Code  Gb  ble_rom_PATCH.symbols [2]
LL_ENC_GenerateNonce {Abs}
                        0x1000b569    0x22  Code  Gb  ble_rom_PATCH.symbols [2]
LL_ENC_GeneratePseudoRandNum {Abs}
                        0x1000b50d    0x10  Code  Gb  ble_rom_PATCH.symbols [2]
LL_ENC_GenerateTrueRandNum {Abs}
                        0x1000b51d    0x22  Code  Gb  ble_rom_PATCH.symbols [2]
LL_ENC_Init {Abs}       0x1000b4c9    0x22  Code  Gb  ble_rom_PATCH.symbols [2]
LL_ENC_LoadKey {Abs}    0x1000b58d    0x68  Code  Gb  ble_rom_PATCH.symbols [2]
LL_ENC_ReverseBytes {Abs}
                        0x1000b4ed    0x1e  Code  Gb  ble_rom_PATCH.symbols [2]
LL_EXT_AdvEventNotice {Abs}
                        0x10007025    0x18  Code  Gb  ble_rom_PATCH.symbols [2]
LL_EXT_BuildRevision    0x00013103    0x28  Code  Gb  ll_PATCH.o [4]
LL_EXT_ClkDivOnHalt {Abs}
                        0x10006b7d     0x4  Code  Gb  ble_rom_PATCH.symbols [2]
LL_EXT_ConnEventNotice  0x000130d7    0x1e  Code  Gb  ll_PATCH.o [4]
LL_EXT_DeclareNvUsage {Abs}
                        0x10006b81     0x4  Code  Gb  ble_rom_PATCH.symbols [2]
LL_EXT_Decrypt {Abs}    0x10006b85    0x20  Code  Gb  ble_rom_PATCH.symbols [2]
LL_EXT_DelaySleep {Abs}
                        0x100070a1    0x32  Code  Gb  ble_rom_PATCH.symbols [2]
LL_EXT_DisconnectImmed {Abs}
                        0x10006f4d    0x4a  Code  Gb  ble_rom_PATCH.symbols [2]
LL_EXT_EndModemTest {Abs}
                        0x10006dd1    0x2c  Code  Gb  ble_rom_PATCH.symbols [2]
LL_EXT_ExtendRfRange {Abs}
                        0x1000701d     0x4  Code  Gb  ble_rom_PATCH.symbols [2]
LL_EXT_ExtendRfRangeCback {Abs}
                        0x1000a2ad    0x10  Code  Gb  ble_rom_PATCH.symbols [2]
LL_EXT_GetConnInfo      0x000126c3    0xa2  Code  Gb  ll_PATCH.o [4]
LL_EXT_HaltDuringRf {Abs}
                        0x10007021     0x4  Code  Gb  ble_rom_PATCH.symbols [2]
LL_EXT_MapPmIoPort {Abs}
                        0x10006f49     0x4  Code  Gb  ble_rom_PATCH.symbols [2]
LL_EXT_ModemHopTestTx   0x00012d35    0x9c  Code  Gb  ll_PATCH.o [4]
LL_EXT_ModemTestRx      0x00012a4d    0x82  Code  Gb  ll_PATCH.o [4]
LL_EXT_ModemTestTx {Abs}
                        0x10006c01    0x8a  Code  Gb  ble_rom_PATCH.symbols [2]
LL_EXT_NumComplPktsLimit {Abs}
                        0x1000710d    0x1e  Code  Gb  ble_rom_PATCH.symbols [2]
LL_EXT_OnePacketPerEvent {Abs}
                        0x10006b59    0x20  Code  Gb  ble_rom_PATCH.symbols [2]
LL_EXT_OverlappedProcessing {Abs}
                        0x10007109     0x4  Code  Gb  ble_rom_PATCH.symbols [2]
LL_EXT_PERbyChan {Abs}  0x10006fed    0x1e  Code  Gb  ble_rom_PATCH.symbols [2]
LL_EXT_PacketErrorRate {Abs}
                        0x10006f99    0x52  Code  Gb  ble_rom_PATCH.symbols [2]
LL_EXT_PacketErrorRateCback {Abs}
                        0x1000a259    0x52  Code  Gb  ble_rom_PATCH.symbols [2]
LL_EXT_ResetSystem {Abs}
                        0x100070d5    0x34  Code  Gb  ble_rom_PATCH.symbols [2]
LL_EXT_SaveFreqTune {Abs}
                        0x10006efd     0x4  Code  Gb  ble_rom_PATCH.symbols [2]
LL_EXT_SetBDADDR {Abs}  0x10006e01    0x82  Code  Gb  ble_rom_PATCH.symbols [2]
LL_EXT_SetFastTxResponseTime {Abs}
                        0x10006bc5    0x16  Code  Gb  ble_rom_PATCH.symbols [2]
LL_EXT_SetFreqTune {Abs}
                        0x10006ef9     0x4  Code  Gb  ble_rom_PATCH.symbols [2]
LL_EXT_SetLocalSupportedFeatures
                        0x000128d5    0x30  Code  Gb  ll_PATCH.o [4]
LL_EXT_SetMaxDtmTxPower
                        0x0001293d    0x1c  Code  Gb  ll_PATCH.o [4]
LL_EXT_SetRxGain {Abs}  0x10006ad9     0xe  Code  Gb  ble_rom_PATCH.symbols [2]
LL_EXT_SetRxGainCback {Abs}
                        0x1000a201    0x10  Code  Gb  ble_rom_PATCH.symbols [2]
LL_EXT_SetSCA {Abs}     0x10006e85    0x74  Code  Gb  ble_rom_PATCH.symbols [2]
LL_EXT_SetSlaveLatencyOverride {Abs}
                        0x10006bdd    0x24  Code  Gb  ble_rom_PATCH.symbols [2]
LL_EXT_SetTxPower       0x00012905    0x38  Code  Gb  ll_PATCH.o [4]
LL_EXT_SetTxPowerCback {Abs}
                        0x1000a211    0x10  Code  Gb  ble_rom_PATCH.symbols [2]
LL_EncChangeCback {Abs}
                        0x1000933d    0x6a  Code  Gb  ble_rom_PATCH.symbols [2]
LL_EncKeyRefreshCback {Abs}
                        0x100093dd    0x6a  Code  Gb  ble_rom_PATCH.symbols [2]
LL_EncLtkNegReply       0x00012855    0x36  Code  Gb  ll_PATCH.o [4]
LL_EncLtkReply          0x00012803    0x42  Code  Gb  ll_PATCH.o [4]
LL_EncLtkReqCback {Abs}
                        0x1000925d    0xde  Code  Gb  ble_rom_PATCH.symbols [2]
LL_Encrypt {Abs}        0x100057d5    0x20  Code  Gb  ble_rom_PATCH.symbols [2]
LL_GetNumActiveConns    0x000130cb     0xc  Code  Gb  ll_PATCH.o [4]
LL_Init                 0x00012159   0x330  Code  Gb  ll_PATCH.o [4]
LL_NumEmptyWlEntries {Abs}
                        0x100057b9    0x14  Code  Gb  ble_rom_PATCH.symbols [2]
LL_PM_Enter_AES         0x00010fe9    0x12  Code  Gb  ll_sleep.o [4]
LL_PM_Exit_AES          0x00010ffb     0x6  Code  Gb  ll_sleep.o [4]
LL_PM_ForceSysBusThroughRF
                        0x000109cd     0x8  Code  Gb  ll_sleep.o [4]
LL_PM_GetRfCoreState    0x00010da1    0x16  Code  Gb  ll_sleep.o [4]
LL_PM_Init              0x00010d33    0x66  Code  Gb  ll_sleep.o [4]
LL_PM_InitRadioSetupCmd
                        0x000109d5    0x3a  Code  Gb  ll_sleep.o [4]
LL_PM_NotifySleep       0x00010ee9    0x12  Code  Lc  ll_sleep.o [4]
LL_PM_PowerCycleRadio   0x00010ec3     0x2  Code  Gb  ll_sleep.o [4]
LL_PM_PowerOffRfCore    0x00010bf7    0x2c  Code  Gb  ll_sleep.o [4]
LL_PM_PowerOffRfCoreOptimize
                        0x00010c5b    0xac  Code  Gb  ll_sleep.o [4]
LL_PM_PowerOnReq        0x00010f35    0x3a  Code  Gb  ll_sleep.o [4]
LL_PM_PowerOnRfCore     0x00010b81    0x76  Code  Gb  ll_sleep.o [4]
LL_PM_PowerOnRfCoreOptimize
                        0x00010a8b    0xec  Code  Gb  ll_sleep.o [4]
LL_PM_RFCmdDoneEventCallback
                        0x2000470c     0x4  Data  Gb  ll_sleep.o [4]
LL_PM_RFStartupState_2  0x00010a0f    0x7c  Code  Lc  ll_sleep.o [4]
LL_PM_SendWakeUpCmd     0x00010f21    0x14  Code  Lc  ll_sleep.o [4]
LL_PM_SetPowerMgrRequierements
                        0x00010efb    0x26  Code  Lc  ll_sleep.o [4]
LL_PM_ShutdownFS        0x00010c23    0x38  Code  Gb  ll_sleep.o [4]
LL_PM_StartRfTask       0x00010db7    0xce  Code  Gb  ll_sleep.o [4]
LL_PM_StopCurTaskTimer  0x00010e85    0x2c  Code  Gb  ll_sleep.o [4]
LL_PM_WakeupHandler     0x00010ec5    0x22  Code  Lc  ll_sleep.o [4]
LL_ProcessEvent         0x000124ab    0xf2  Code  Gb  ll_PATCH.o [4]
LL_PseudoRand {Abs}     0x10005801    0x2c  Code  Gb  ble_rom_PATCH.symbols [2]
LL_RX_bm_alloc {Abs}    0x1000556d    0x22  Code  Gb  ble_rom_PATCH.symbols [2]
LL_Rand {Abs}           0x100057f5     0xc  Code  Gb  ble_rom_PATCH.symbols [2]
LL_RandCback {Abs}      0x1000a1d5    0x2a  Code  Gb  ble_rom_PATCH.symbols [2]
LL_ReadAdvChanTxPower {Abs}
                        0x10006105    0x28  Code  Gb  ble_rom_PATCH.symbols [2]
LL_ReadAuthPayloadTimeout
                        0x0001276d    0x22  Code  Gb  ll_PATCH.o [4]
LL_ReadBDADDR {Abs}     0x100056c9    0x20  Code  Gb  ble_rom_PATCH.symbols [2]
LL_ReadChanMap {Abs}    0x100059a1    0x34  Code  Gb  ble_rom_PATCH.symbols [2]
LL_ReadLocalSupportedFeatures {Abs}
                        0x10005879    0x24  Code  Gb  ble_rom_PATCH.symbols [2]
LL_ReadLocalVersionInfo {Abs}
                        0x1000589d    0x38  Code  Gb  ble_rom_PATCH.symbols [2]
LL_ReadRemoteUsedFeatures
                        0x0001288b    0x4a  Code  Gb  ll_PATCH.o [4]
LL_ReadRemoteUsedFeaturesCompleteCback
                        0x000113b3    0x6e  Code  Gb  hci_event_PATCH.o [4]
LL_ReadRemoteVersionInfo {Abs}
                        0x100058e9    0x6a  Code  Gb  ble_rom_PATCH.symbols [2]
LL_ReadRemoteVersionInfoCback {Abs}
                        0x100091e1    0x6a  Code  Gb  ble_rom_PATCH.symbols [2]
LL_ReadRssi {Abs}       0x100059d5    0x64  Code  Gb  ble_rom_PATCH.symbols [2]
LL_ReadSupportedStates  0x0001309f    0x2c  Code  Gb  ll_PATCH.o [4]
LL_ReadTxPowerLevel     0x00012959    0x3e  Code  Gb  ll_PATCH.o [4]
LL_ReadWlSize {Abs}     0x100057a1    0x16  Code  Gb  ble_rom_PATCH.symbols [2]
LL_RemoteConnParamReqCback
                        0x00011579    0x9a  Code  Gb  hci_event_PATCH.o [4]
LL_RemoteConnParamReqNegReply
                        0x00012e19    0x3e  Code  Gb  ll_PATCH.o [4]
LL_RemoteConnParamReqReply
                        0x00012dd5    0x1e  Code  Gb  ll_PATCH.o [4]
LL_RemoveWhiteListDevice {Abs}
                        0x10005765    0x2c  Code  Gb  ble_rom_PATCH.symbols [2]
LL_Reset                0x000125b1   0x112  Code  Gb  ll_PATCH.o [4]
LL_RxDataCompleteCback  0x000116c9    0xa8  Code  Gb  hci_data_PATCH.o [4]
LL_SetAdvControl        0x00012f65   0x13a  Code  Gb  ll_PATCH.o [4]
LL_SetAdvData {Abs}     0x10005f89    0x40  Code  Gb  ble_rom_PATCH.symbols [2]
LL_SetAdvParam {Abs}    0x10005e69   0x120  Code  Gb  ble_rom_PATCH.symbols [2]
LL_SetRandomAddress {Abs}
                        0x100056e9    0x2e  Code  Gb  ble_rom_PATCH.symbols [2]
LL_SetScanRspData {Abs}
                        0x1000612d    0x46  Code  Gb  ble_rom_PATCH.symbols [2]
LL_TX_bm_alloc {Abs}    0x10005549    0x22  Code  Gb  ble_rom_PATCH.symbols [2]
LL_TaskID {Abs}         0x20004c84     0x1  Data  Gb  ble_rom_PATCH.symbols [2]
LL_TxData               0x00012997    0xb6  Code  Gb  ll_PATCH.o [4]
LL_WriteAuthPayloadTimeout
                        0x0001278f    0x62  Code  Gb  ll_PATCH.o [4]
MB_ClearInts            0x00011f57    0x14  Code  Gb  mb_PATCH.o [1]
MB_DisableInts          0x00011f1b    0x3c  Code  Gb  mb_PATCH.o [1]
MB_EnableHWInts         0x00011f7b    0x32  Code  Gb  mb_PATCH.o [1]
MB_EnableInts           0x00011ec3    0x58  Code  Gb  mb_PATCH.o [1]
MB_FwDebugDump {Abs}    0x10018945     0x2  Code  Gb  ble_rom_PATCH.symbols [2]
MB_Init                 0x00011e77    0x4c  Code  Gb  mb_PATCH.o [1]
MB_ReadMailboxStatus {Abs}
                        0x10018935     0x6  Code  Gb  ble_rom_PATCH.symbols [2]
MB_RegisterIsrCback {Abs}
                        0x1001893d     0x8  Code  Gb  ble_rom_PATCH.symbols [2]
MB_SendCommand          0x00011fb3    0x32  Code  Gb  mb_PATCH.o [1]
MB_SendCommandSynch     0x00011fe5    0x6a  Code  Gb  mb_PATCH.o [1]
MixColumns_Sw {Abs}     0x10016c79    0x8a  Code  Gb  ble_rom_PATCH.symbols [2]
NOROM_CPUcpsid          0x0001cb39     0x8  Code  Gb  cpu.o [7]
NOROM_CPUcpsie          0x0001cb41     0x8  Code  Gb  cpu.o [7]
NOROM_FlashProgram      0x0001b0db     0xc  Code  Gb  flash.o [7]
NOROM_FlashSectorErase  0x0001b0d1     0xa  Code  Gb  flash.o [7]
NOROM_IntDisable        0x0001dc8b    0x62  Code  Gb  interrupt.o [7]
NOROM_IntEnable         0x0001dc29    0x62  Code  Gb  interrupt.o [7]
NOROM_TRNGConfigure     0x0001b10d    0x2e  Code  Gb  trng.o [7]
NOROM_VIMSModeGet       0x0001b0fd    0x10  Code  Gb  vims.o [7]
NVOCOP_initNV           0x00015871    0x44  Code  Gb  osal_snv_wrapper.o [1]
NVOCOP_readItem         0x000158b5    0x30  Code  Gb  osal_snv_wrapper.o [1]
NVOCOP_writeItem        0x000158e5    0xe0  Code  Gb  osal_snv_wrapper.o [1]
NV_FLASH                0x0001e000  0x1000  Data  Gb  osal_snv_wrapper.o [1]
OSAL_timeSeconds        0x20004858     0x4  Data  Gb  OSAL_Clock.o [1]
Onboard_rand            0x00011925    0x10  Code  Gb  OnBoard.o [1]
Onboard_soft_reset      0x00011935     0x2  Code  Gb  OnBoard.o [1]
P1_ro_1 {Abs}           0x10005004  0x89e8   --   Gb  ble_rom_PATCH.symbols [2]
P1_ro_2 {Abs}           0x10019ffe           --   Gb  ble_rom_PATCH.symbols [2]
P1_ro_2_1 {Abs}         0x1000dffe           --   Gb  ble_rom_PATCH.symbols [2]
P2_rw {Abs}             0x20004f40           --   Gb  ble_rom_PATCH.symbols [2]
P2_zi_1 {Abs}           0x200048fc   0x630   --   Gb  ble_rom_PATCH.symbols [2]
PAGE_SIZE {Abs}         0x00001000          Data  Gb  command line/config [3]
R2F_Flash_JT            0x0001c4d4    0x9c  Data  Gb  ROM_Init.o [1]
R2F_Flash_JT_CommonROM  0x0001db1c    0x18  Data  Gb  CommonROM_Init.o [1]
R2R_Flash_JT            0x0001c570   0x5c8  Data  Gb  ROM_Init.o [1]
R2R_Flash_JT_CommonROM  0x0001db34    0xf4  Data  Gb  CommonROM_Init.o [1]
RAM_BASE_ADDR {Abs}     0x200048e8           --   Gb  ble_rom_PATCH.symbols [2]
RATRunningTime          0x200046f4     0x4  Data  Lc  ll_sleep.o [4]
RATStartTime            0x200046f8     0x4  Data  Lc  ll_sleep.o [4]
RFHAL_AddTxDataEntry {Abs}
                        0x10018415    0x6e  Code  Gb  ble_rom_PATCH.symbols [2]
RFHAL_AllocDataEntry {Abs}
                        0x100184f9    0x4e  Code  Gb  ble_rom_PATCH.symbols [2]
RFHAL_AllocDataEntryQueue {Abs}
                        0x100184a9    0x1a  Code  Gb  ble_rom_PATCH.symbols [2]
RFHAL_AllocRatChan {Abs}
                        0x10018315    0x26  Code  Gb  ble_rom_PATCH.symbols [2]
RFHAL_BuildDataEntryRingBuffer {Abs}
                        0x100185e1    0x7c  Code  Gb  ble_rom_PATCH.symbols [2]
RFHAL_BuildLinkedBuffer {Abs}
                        0x10018669    0x8e  Code  Gb  ble_rom_PATCH.symbols [2]
RFHAL_BuildRingBuffer {Abs}
                        0x10018551    0x90  Code  Gb  ble_rom_PATCH.symbols [2]
RFHAL_FreeDataEntry {Abs}
                        0x10018549     0x8  Code  Gb  ble_rom_PATCH.symbols [2]
RFHAL_FreeDataEntryQueue {Abs}
                        0x100184c5     0x8  Code  Gb  ble_rom_PATCH.symbols [2]
RFHAL_FreeNextTxDataEntry {Abs}
                        0x10018485    0x22  Code  Gb  ble_rom_PATCH.symbols [2]
RFHAL_FreeRatChan {Abs}
                        0x1001833d    0x2a  Code  Gb  ble_rom_PATCH.symbols [2]
RFHAL_GetNextDataEntry {Abs}
                        0x100184cd     0x4  Code  Gb  ble_rom_PATCH.symbols [2]
RFHAL_GetTempDataEntry {Abs}
                        0x100184d1     0x4  Code  Gb  ble_rom_PATCH.symbols [2]
RFHAL_InitDataQueue {Abs}
                        0x100183b9     0xc  Code  Gb  ble_rom_PATCH.symbols [2]
RFHAL_InitRfHal {Abs}   0x100182ad    0x66  Code  Gb  ble_rom_PATCH.symbols [2]
RFHAL_MapRatChansToInt {Abs}
                        0x10018369    0x26  Code  Gb  ble_rom_PATCH.symbols [2]
RFHAL_NextDataEntryDone {Abs}
                        0x100184d5    0x24  Code  Gb  ble_rom_PATCH.symbols [2]
RFHAL_RegisterRatChanCallback {Abs}
                        0x10018391    0x26  Code  Gb  ble_rom_PATCH.symbols [2]
ROM_BASE_ADDR {Abs}     0x10005001           --   Gb  ble_rom_PATCH.symbols [2]
ROM_Init                0x0001c497    0x28  Code  Gb  ROM_Init.o [1]
ROM_Spinlock            0x0001c483    0x14  Code  Gb  ROM_Init.o [1]
Region$$Table$$Base     0x0001de48           --   Gb  - Linker created -
Region$$Table$$Limit    0x0001de68           --   Gb  - Linker created -
RoundKey_Sw {Abs}       0x10016b79    0xb0  Code  Gb  ble_rom_PATCH.symbols [2]
SM_CalcRandomAddr       0x00017b05    0x32  Code  Gb  sm_mgr.o [4]
SM_GenerateAuthenSig    0x00017df3    0x9a  Code  Gb  sm_mgr.o [4]
SM_Init                 0x00013a0d    0x1c  Code  Gb  sm_task.o [4]
SM_PasskeyUpdate        0x00018a8b    0x7a  Code  Gb  sm_pairing.o [4]
SM_ProcessEvent         0x00013a29    0x56  Code  Gb  sm_task.o [4]
SM_ResolveRandomAddrs   0x00017b37    0x3c  Code  Gb  sm_mgr.o [4]
SM_ResponderInit        0x0001b4ed    0x1a  Code  Gb  sm_rsppairing.o [4]
SM_StartPairing         0x00018a05    0x86  Code  Gb  sm_pairing.o [4]
SM_VerifyAuthenSig      0x00017e8d    0xd4  Code  Gb  sm_mgr.o [4]
SSP_CCM_Auth_Encrypt_Sw {Abs}
                        0x10017895    0x5e  Code  Gb  ble_rom_PATCH.symbols [2]
SSP_CCM_Auth_Sw {Abs}   0x10017365   0x156  Code  Gb  ble_rom_PATCH.symbols [2]
SSP_CCM_Decrypt_Sw {Abs}
                        0x1001767d    0xd8  Code  Gb  ble_rom_PATCH.symbols [2]
SSP_CCM_Encrypt_Sw {Abs}
                        0x100174fd    0xd4  Code  Gb  ble_rom_PATCH.symbols [2]
SSP_CCM_InvAuth_Decrypt_Sw {Abs}
                        0x100178f5    0x5a  Code  Gb  ble_rom_PATCH.symbols [2]
SSP_CCM_InvAuth_Sw {Abs}
                        0x10017839    0x5c  Code  Gb  ble_rom_PATCH.symbols [2]
SSP_CTR_Decrypt_Sw {Abs}
                        0x10017771    0x8a  Code  Gb  ble_rom_PATCH.symbols [2]
SSP_CTR_Encrypt_Sw {Abs}
                        0x100175ed    0x88  Code  Gb  ble_rom_PATCH.symbols [2]
ShiftRows_Sw {Abs}      0x10016c45    0x32  Code  Gb  ble_rom_PATCH.symbols [2]
SysBootMsg              0x2000480c     0x4  Data  Gb  ll_PATCH.o [4]
WL_AddEntry {Abs}       0x1000d2d9    0x94  Code  Gb  ble_rom_PATCH.symbols [2]
WL_Clear {Abs}          0x1000d1ad    0x48  Code  Gb  ble_rom_PATCH.symbols [2]
WL_ClearEntry {Abs}     0x1000d1f5    0x32  Code  Gb  ble_rom_PATCH.symbols [2]
WL_ClearIgnoreList {Abs}
                        0x1000d425    0x44  Code  Gb  ble_rom_PATCH.symbols [2]
WL_FindEntry {Abs}      0x1000d26d    0x6a  Code  Gb  ble_rom_PATCH.symbols [2]
WL_GetNumFreeEntries {Abs}
                        0x1000d23d    0x30  Code  Gb  ble_rom_PATCH.symbols [2]
WL_GetSize {Abs}        0x1000d229    0x12  Code  Gb  ble_rom_PATCH.symbols [2]
WL_Init {Abs}           0x1000d189    0x22  Code  Gb  ble_rom_PATCH.symbols [2]
WL_RemoveEntry {Abs}    0x1000d36d    0x5e  Code  Gb  ble_rom_PATCH.symbols [2]
WL_SetWlIgnore {Abs}    0x1000d3dd    0x48  Code  Gb  ble_rom_PATCH.symbols [2]
__aeabi_ldiv0           0x00015cad          Code  Gb  I64DivZer.o [8]
__aeabi_memclr          0x000101f9          Code  Gb  ABImemclr.o [8]
__aeabi_memset          0x00010191          Code  Gb  ABImemset.o [8]
__aeabi_uldivmod        0x00011cdd          Code  Gb  I64DivMod.o [8]
__checksum_begin {Abs}  0x10005000           --   Gb  ble_rom_PATCH.symbols [2]
__checksum_begin_CommonROM {Abs}
                        0x10014c00           --   Gb  ble_rom_PATCH.symbols [2]
__checksum_end {Abs}    0x1000dffd           --   Gb  ble_rom_PATCH.symbols [2]
__checksum_end_CommonROM {Abs}
                        0x10019ffd           --   Gb  ble_rom_PATCH.symbols [2]
__checksum_value {Abs}  0x00005721          Data  Gb  ble_rom_PATCH.symbols [2]
__checksum_value_CommonROM {Abs}
                        0x0000e0ea          Data  Gb  ble_rom_PATCH.symbols [2]
__exit {Abs}            0x10018ced          Code  Gb  ble_rom_PATCH.symbols [2]
__iar_Memset            0x00010191          Code  Gb  ABImemset.o [8]
__iar_Memset_word       0x00010199          Code  Gb  ABImemset.o [8]
__iar_data_init3        0x0001ddf9    0x28  Code  Gb  data_init.o [8]
__iar_packbits_init_single3
                        0x0001dd99    0x38  Code  Gb  packbits_init_single.o [8]
__iar_systems$$module {Abs}
                        0x00000001          Data  Gb  command line/config [3]
__iar_unaligned_memcpy  0x0001ba45          Code  Gb  ABImemcpy_unaligned.o [8]
__iar_unaligned_memcpy4
                        0x0001ba65          Code  Gb  ABImemcpy_unaligned.o [8]
__iar_unaligned_memcpy8
                        0x0001ba65          Code  Gb  ABImemcpy_unaligned.o [8]
__iar_zero_init3        0x0001dd59    0x40  Code  Gb  zero_init3.o [8]
activeConns             0x20004808     0x4  Data  Gb  ll_PATCH.o [4]
activeTaskID            0x2000445c     0x1  Data  Lc  OSAL.o [1]
advCmd {Abs}            0x20004c24    0x48  Data  Gb  ble_rom_PATCH.symbols [2]
advEvt2State {Abs}      0x1000d9c0     0x8  Data  Gb  ble_rom_PATCH.symbols [2]
advInfo {Abs}           0x200049ec    0xa0  Data  Gb  ble_rom_PATCH.symbols [2]
advInfoExt              0x200047fc     0x4  Data  Gb  ll_PATCH.o [4]
advOutput {Abs}         0x20004e98    0x10  Data  Gb  ble_rom_PATCH.symbols [2]
advParam {Abs}          0x20004d58    0x20  Data  Gb  ble_rom_PATCH.symbols [2]
advPktSuffix            0x0001dd10     0x4  Data  Gb  ll_config.o [4]
appForceBoot            0x00011937     0x2  Code  Gb  OnBoard.o [1]
appTaskID               0x20004726     0x1  Data  Gb  gattservapp.o [4]
appearance              0x2000461c     0x2  Data  Lc  gapgattserver.o [4]
appearanceCharProps     0x2000472b     0x1  Data  Lc  gapgattserver.o [4]
appearanceUUID          0x0001ddec     0x2  Data  Gb  gatt_uuid.o [4]
attSendMsg              0x00019df3    0x84  Code  Gb  att_util.o [4]
attSendRspMsg           0x0001a0d3    0x30  Code  Lc  att_server.o [4]
attServerNotifyTxCB     0x2000487c     0x4  Data  Lc  att_server.o [4]
attrLen                 0x200047ea     0x2  Data  Lc  gattservapp.o [4]
baseTaskID              0x2000448c     0x2  Data  Gb  osal_cbtimer.o [1]
bleDispatch_BMAlloc     0x00015453    0x36  Code  Gb  bleDispatch.o [1]
bleDispatch_BMFree      0x00015489    0x12  Code  Gb  bleDispatch.o [1]
bleDispatch_Init        0x00014f29     0x8  Code  Gb  bleDispatch.o [1]
bleDispatch_ProcessEvent
                        0x00014f31    0xba  Code  Gb  bleDispatch.o [1]
bleDispatch_TaskID      0x200048ac     0x1  Data  Gb  bleDispatch.o [1]
bleEvtMask {Abs}        0x20004f08     0x1  Data  Gb  ble_rom_PATCH.symbols [2]
bm_desc_from_payload    0x000112af    0x1e  Code  Lc  osal_bufmgr.o [1]
bm_list_ptr             0x20004870     0x4  Data  Lc  osal_bufmgr.o [1]
btBaseUUID              0x00019f38    0x10  Data  Gb  att_util.o [4]
buildInfo {Abs}         0x20004c98     0x4  Data  Gb  ble_rom_PATCH.symbols [2]
cachedTRNGdata {Abs}    0x20004ee8     0xc  Data  Gb  ble_rom_PATCH.symbols [2]
cbTimerSetup            0x0001115f    0x96  Code  Lc  osal_cbtimer.o [1]
cbTimers                0x20004490    0x78  Data  Gb  osal_cbtimer.o [1]
[...]
maxNumPrepareWrites     0x200047e9     0x1  Data  Lc  gattservapp.o [4]
maxPduSize              0x200047f8     0x1  Data  Gb  ll_PATCH.o [4]
maxPktsPerEvt           0x0001dd20     0x4  Data  Gb  ll_config.o [4]
maxQueuedPdu            0x20004800     0x2  Data  Gb  ll_PATCH.o [4]
maxTxPwrForDTM {Abs}    0x20004c85     0x1  Data  Gb  ble_rom_PATCH.symbols [2]
mbCmdAckIsr             0x000120a3    0x14  Code  Gb  mb_PATCH.o [1]
mbCpe0Isr               0x0001204f    0x18  Code  Gb  mb_PATCH.o [1]
mbCpe1Isr               0x0001206d    0x16  Code  Gb  mb_PATCH.o [1]
mbHwIsr                 0x00012089    0x1a  Code  Gb  mb_PATCH.o [1]
nextConnId              0x200048b8     0x1  Data  Gb  ll_common_PATCH.o [4]
nextHandle              0x2000460c     0x2  Data  Lc  gatt_server.o [4]
notifyObj               0x20004710     0x4  Data  Lc  ll_sleep.o [4]
numComplPkts {Abs}      0x20004cba     0x1  Data  Gb  ble_rom_PATCH.symbols [2]
numComplPktsFlush {Abs}
                        0x20004c88     0x1  Data  Gb  ble_rom_PATCH.symbols [2]
numComplPktsLimit {Abs}
                        0x20004c87     0x1  Data  Gb  ble_rom_PATCH.symbols [2]
numHostBufs {Abs}       0x20004f26     0x2  Data  Gb  ble_rom_PATCH.symbols [2]
numTxDataBufs {Abs}     0x20004c8b     0x1  Data  Gb  ble_rom_PATCH.symbols [2]
onePktPerEvt {Abs}      0x20004c86     0x1  Data  Gb  ble_rom_PATCH.symbols [2]
osalAddTimer            0x00011941    0x3c  Code  Gb  OSAL_Timers.o [1]
osalAdjustTimer         0x00011dcd    0x4e  Code  Gb  OSAL_Clock.o [1]
osalFindTimer           0x0001197d    0x16  Code  Gb  OSAL_Timers.o [1]
osalInitTasks           0x00011c01    0x74  Code  Gb  OSAL_ICallBle.o [1]
osalTimerInit           0x00011939     0x8  Code  Gb  OSAL_Timers.o [1]
osalTimerUpdate         0x00011a41    0xce  Code  Gb  OSAL_Timers.o [1]
osal_CbTimerInit        0x00011001    0x1c  Code  Gb  osal_cbtimer.o [1]
osal_CbTimerProcessEvent
                        0x0001101d    0x76  Code  Gb  osal_cbtimer.o [1]
osal_CbTimerStart       0x00011093     0x8  Code  Gb  osal_cbtimer.o [1]
osal_CbTimerStop        0x0001110b    0x54  Code  Gb  osal_cbtimer.o [1]
osal_CbTimerUpdate      0x000110a3    0x68  Code  Gb  osal_cbtimer.o [1]
osal_alien2proxy        0x000106b3    0x2a  Code  Lc  OSAL.o [1]
osal_bm_adjust_header   0x00011287    0x28  Code  Gb  osal_bufmgr.o [1]
osal_bm_alloc           0x0001120d    0x32  Code  Gb  osal_bufmgr.o [1]
osal_bm_free            0x0001123f    0x48  Code  Gb  osal_bufmgr.o [1]
osal_clear_event        0x000105b9    0x36  Code  Gb  OSAL.o [1]
osal_dispatch_entities  0x20004488     0x4  Data  Lc  OSAL.o [1]
osal_enroll_dispatchid  0x000102ff    0x16  Code  Gb  OSAL.o [1]
osal_enroll_senderid    0x00010315    0x14  Code  Gb  OSAL.o [1]
osal_entity             0x200048a4     0x2  Data  Gb  OSAL.o [1]
osal_eventloop_hook     0x2000446c     0x4  Data  Gb  OSAL.o [1]
osal_get_timeoutEx      0x00011a19    0x28  Code  Gb  OSAL_Timers.o [1]
osal_init_system        0x000105f9    0x58  Code  Gb  OSAL.o [1]
osal_isbufset           0x000108d7    0x20  Code  Gb  OSAL.o [1]
osal_last_timestamp     0x20004474     0x4  Data  Gb  OSAL.o [1]
osal_max_msecs          0x2000447c     0x4  Data  Gb  OSAL.o [1]
osal_mem_alloc          0x000118e1    0x18  Code  Gb  OSAL_MemoryICall.o [1]
osal_mem_free           0x000118f9    0x12  Code  Gb  OSAL_MemoryICall.o [1]
osal_memcmp             0x000102cb    0x1c  Code  Gb  OSAL.o [1]
osal_memcpy             0x00010283    0x14  Code  Gb  OSAL.o [1]
osal_memdup             0x000102af    0x1c  Code  Gb  OSAL.o [1]
osal_memset             0x000102e7    0x14  Code  Gb  OSAL.o [1]
osal_msec_timer_cback   0x000106f5    0x20  Code  Lc  OSAL.o [1]
osal_msec_timer_seq     0x20004484     0x4  Data  Lc  OSAL.o [1]
osal_msg_allocate       0x00010329    0x24  Code  Gb  OSAL.o [1]
osal_msg_deallocate     0x0001034d    0x1e  Code  Gb  OSAL.o [1]
osal_msg_enqueue        0x00010493    0x24  Code  Gb  OSAL.o [1]
osal_msg_enqueue_push   0x000103c3    0x64  Code  Lc  OSAL.o [1]
osal_msg_extract        0x000104dd    0x3a  Code  Gb  OSAL.o [1]
osal_msg_push           0x000104c3     0xe  Code  Gb  OSAL.o [1]
osal_msg_receive        0x0001042b    0x68  Code  Gb  OSAL.o [1]
osal_msg_send           0x0001036b    0x58  Code  Gb  OSAL.o [1]
osal_next_timeout       0x00011b0f    0x1c  Code  Gb  OSAL_Timers.o [1]
osal_notask_entity      0x2000445d     0x1  Data  Lc  OSAL.o [1]
osal_proxy2alien        0x000106dd    0x16  Code  Lc  OSAL.o [1]
osal_proxy_tasks        0x20004460     0x8  Data  Lc  OSAL.o [1]
osal_pwrmgr_init        0x00011b5b     0xc  Code  Gb  OSAL_PwrMgr.o [1]
osal_pwrmgr_task_state  0x00011b67    0x56  Code  Gb  OSAL_PwrMgr.o [1]
osal_qHead              0x20004468     0x4  Data  Gb  OSAL.o [1]
osal_rand               0x000102fb     0x4  Code  Gb  OSAL.o [1]
osal_revmemcpy          0x00010297    0x18  Code  Gb  OSAL.o [1]
osal_run_system         0x00010739   0x182  Code  Gb  OSAL.o [1]
osal_semaphore          0x20004470     0x4  Data  Gb  OSAL.o [1]
osal_service_entry      0x00010715    0x24  Code  Gb  OSAL.o [1]
osal_set_event          0x00010517    0x9a  Code  Gb  OSAL.o [1]
osal_snv_init           0x00015c6d     0x4  Code  Gb  osal_snv_wrapper.o [1]
osal_snv_read           0x00015c71    0x20  Code  Gb  osal_snv_wrapper.o [1]
osal_snv_write          0x00015c91    0x1c  Code  Gb  osal_snv_wrapper.o [1]
osal_start_reload_timer
                        0x000119b1    0x22  Code  Gb  OSAL_Timers.o [1]
osal_start_system       0x0001065f    0x54  Code  Gb  OSAL.o [1]
osal_start_timerEx      0x00011993    0x1e  Code  Gb  OSAL_Timers.o [1]
osal_stop_timerEx       0x000119e9    0x30  Code  Gb  OSAL_Timers.o [1]
osal_strlen             0x0001027f     0x4  Code  Gb  OSAL.o [1]
osal_systemClock        0x20004860     0x4  Data  Lc  OSAL_Timers.o [1]
osal_tickperiod         0x20004478     0x4  Data  Gb  OSAL.o [1]
osal_timerid_msec_timer
                        0x20004480     0x4  Data  Lc  OSAL.o [1]
ownPublicAddr {Abs}     0x20004c6c     0x8  Data  Gb  ble_rom_PATCH.symbols [2]
ownRandomAddr {Abs}     0x20004c74     0x8  Data  Gb  ble_rom_PATCH.symbols [2]
ownSavedPublicAddr {Abs}
                        0x20004c7c     0x8  Data  Gb  ble_rom_PATCH.symbols [2]
pAttrValue              0x200047f0     0x4  Data  Lc  gattservapp.o [4]
pAuthLink               0x2000451c     0x4  Data  Gb  gap_linkmgr.o [4]
pBleEvtMask             0x2000482c     0x8  Data  Gb  hci_event_PATCH.o [4]
pEstLink                0x20004518     0x4  Data  Gb  gap_linkmgr.o [4]
pGapAdData              0x200045a8     0x4  Data  Lc  gap_peridevmgr.o [4]
pGapAdvTokens           0x200045a4     0x4  Data  Lc  gap_peridevmgr.o [4]
pGapAdvertState         0x20004888     0x4  Data  Gb  gap_devmgr.o [4]
pGapDiscReq             0x20004884     0x4  Data  Gb  gap_devmgr.o [4]
pGapScanRspData         0x200045ac     0x4  Data  Lc  gap_peridevmgr.o [4]
pHciEvtMask {Abs}       0x20004f00     0x8  Data  Gb  ble_rom_PATCH.symbols [2]
pHciEvtMask2            0x20004834     0x8  Data  Gb  hci_event_PATCH.o [4]
pPairingParams          0x20004848     0x4  Data  Gb  sm_pairing.o [4]
pServiceList            0x20004610     0x4  Data  Lc  gatt_server.o [4]
pSmGenKey               0x200048a0     0x4  Data  Lc  sm_mgr.o [4]
patchBleRfe             0x0001cd00   0x4ec  Data  Lc  ll_config.o [4]
patchCM0                0x0001cba9    0x3a  Code  Gb  ll_config.o [4]
patchImage              0x0001cc14    0xec  Data  Lc  ll_config.o [4]
peerInfo {Abs}          0x20004c9c     0xc  Data  Gb  ble_rom_PATCH.symbols [2]
periConnParamCharProps  0x2000472c     0x1  Data  Lc  gapgattserver.o [4]
periConnParamUUID       0x0001ddf0     0x2  Data  Gb  gatt_uuid.o [4]
periConnParameters      0x20004614     0x8  Data  Lc  gapgattserver.o [4]
pfnCentralCBs           0x200045c4     0x4  Data  Lc  gap_task.o [4]
pfnCentralConnCBs       0x20004520     0x4  Data  Gb  gap_linkmgr.o [4]
pfnClientProcessMsgCB   0x20004868     0x4  Data  Lc  gatt_task.o [4]
pfnInitiatorCBs         0x20004850     0x4  Data  Lc  sm_pairing.o [4]
pfnPeripheralCBs        0x200045c0     0x4  Data  Gb  gap_task.o [4]
pfnPeripheralConnCBs    0x20004880     0x4  Data  Gb  gap_linkmgr.o [4]
pfnResponderCBs         0x2000484c     0x4  Data  Gb  sm_pairing.o [4]
pfnServerProcessMsgCB   0x20004864     0x4  Data  Lc  gatt_task.o [4]
pgOff                   0x20004722     0x2  Data  Lc  osal_snv_wrapper.o [1]
pm_rat_synchro_max_timeout
                        0x200046fc     0x4  Data  Lc  ll_sleep.o [4]
postRfOperations {Abs}  0x20004cbe     0x2  Data  Gb  ble_rom_PATCH.symbols [2]
prepareWritesTbl        0x200047ec     0x4  Data  Lc  gattservapp.o [4]
primaryServiceUUID      0x0001ddd8     0x2  Data  Gb  gatt_uuid.o [4]
processDispMsg          0x000156a1   0x150  Code  Lc  bleDispatch.o [1]
processICallGAP         0x00015529   0x176  Code  Lc  bleDispatch.o [1]
processICallHost        0x00014ff9    0xaa  Code  Lc  bleDispatch.o [1]
processICallL2CAP       0x0001549b    0x8e  Code  Lc  bleDispatch.o [1]
processICallLL          0x000150a3   0x28a  Code  Lc  bleDispatch.o [1]
processICallUTIL        0x000153a1    0xa8  Code  Lc  bleDispatch.o [1]
pwrmgr_attribute        0x2000487a     0x2  Data  Gb  OSAL_PwrMgr.o [1]
pwrmgr_initialized      0x20004878     0x1  Data  Gb  OSAL_PwrMgr.o [1]
ratChanInfo {Abs}       0x20004fac    0x20  Data  Gb  ble_rom_PATCH.symbols [2]
reportStatusChange      0x000164e7    0x22  Code  Lc  linkdb.o [4]
reqTaskId               0x20004729     0x1  Data  Gb  gatt_server.o [4]
rfCfgAdiVal {Abs}       0x20004c94     0x2  Data  Gb  ble_rom_PATCH.symbols [2]
rfCfgVal                0x0001dd08     0x4  Data  Gb  ll_config.o [4]
rfCmdRadioSetup         0x200046d8    0x18  Data  Lc  ll_sleep.o [4]
rfCoreState             0x200046f2     0x1  Data  Lc  ll_sleep.o [4]
rfFeModeBias            0x200047f9     0x1  Data  Gb  ll_PATCH.o [4]
rfOpLoc                 0x0001dd24     0x4  Data  Gb  ll_config.o [4]
rsp                     0x200047d0    0x18  Data  Lc  gattservapp.o [4]
rspBuf                  0x20004730    0x38  Data  Gb  bleDispatch.o [1]
rssiCorrection {Abs}    0x20004cc0     0x1  Data  Gb  ble_rom_PATCH.symbols [2]
rxDataQ {Abs}           0x20004f0c     0x4  Data  Gb  ble_rom_PATCH.symbols [2]
rxFifoFlowCtrl {Abs}    0x20004c8a     0x1  Data  Gb  ble_rom_PATCH.symbols [2]
rxModemTestCmd {Abs}    0x20004e40    0x18  Data  Gb  ble_rom_PATCH.symbols [2]
rxPktSuffix             0x0001dd0c     0x4  Data  Gb  ll_config.o [4]
rxRingBuf {Abs}         0x20004f10     0x4  Data  Gb  ble_rom_PATCH.symbols [2]
rxTestOut {Abs}         0x20004ec4     0xc  Data  Gb  ble_rom_PATCH.symbols [2]
rxTestParam {Abs}       0x20004e84    0x14  Data  Gb  ble_rom_PATCH.symbols [2]
savedRatValue           0x20004708     0x4  Data  Lc  ll_sleep.o [4]
scanPktSuffix           0x0001dd14     0x4  Data  Gb  ll_config.o [4]
sclkSrc                 0x20004810     0x4  Data  Gb  ll_PATCH.o [4]
secondaryServiceUUID    0x0001dddc     0x2  Data  Gb  gatt_uuid.o [4]
sendAuthEvent           0x000186a3    0xd0  Code  Lc  gap_linkmgr.o [4]
sendEstLinkEvent        0x000185c3    0x5c  Code  Gb  gap_linkmgr.o [4]
sendGapCmdStatus        0x0001532d    0x4e  Code  Lc  bleDispatch.o [1]
sendTerminateEvent      0x0001861f    0x28  Code  Lc  gap_linkmgr.o [4]
serverInfoTbl           0x20004890     0x4  Data  Gb  gatt_server.o [4]
serverReqTbl            0x00019b44    0x60  Data  Lc  gatt_server.o [4]
serviceCBsList          0x2000488c     0x4  Data  Lc  gattservapp.o [4]
serviceChangedCharProps
                        0x20004727     0x1  Data  Lc  gattservapp.o [4]
serviceChangedUUID      0x0001ddf4     0x2  Data  Gb  gatt_uuid.o [4]
setActivePage           0x000159d1    0x10  Code  Lc  osal_snv_wrapper.o [1]
setBleUserConfig        0x00015819    0x58  Code  Gb  bleUserConfig.o [1]
setXferPage             0x000159e1     0xa  Code  Lc  osal_snv_wrapper.o [1]
slOverride {Abs}        0x20004c89     0x1  Data  Gb  ble_rom_PATCH.symbols [2]
slaveConnHandle         0x20004514     0x2  Data  Gb  gap_linkmgr.o [4]
slaveUpdateReq          0x2000450c     0x8  Data  Gb  gap_linkmgr.o [4]
sleepDelay {Abs}        0x20004c96     0x2  Data  Gb  ble_rom_PATCH.symbols [2]
smAuthReqToUint8        0x00017d95    0x20  Code  Gb  sm_mgr.o [4]
smDetermineKeySize      0x000190b7    0x20  Code  Gb  sm_pairing.o [4]
smEncrypt               0x00017de7     0x8  Code  Lc  sm_mgr.o [4]
smEncryptLocal          0x00017def     0x4  Code  Lc  sm_mgr.o [4]
smEndPairing            0x00019087    0x30  Code  Gb  sm_pairing.o [4]
smFreePairingParams     0x0001903d    0x4a  Code  Lc  sm_pairing.o [4]
smGenerateConfirm       0x00018e1b    0x18  Code  Gb  sm_pairing.o [4]
smGeneratePairingReqRsp
                        0x00018def    0x2c  Code  Gb  sm_pairing.o [4]
smGenerateRandBuf       0x00017d6f    0x26  Code  Gb  sm_mgr.o [4]
smGenerateRandMsg       0x00018e33    0x16  Code  Gb  sm_pairing.o [4]
smLinkCheck             0x00018b0d    0x18  Code  Gb  sm_pairing.o [4]
smNextPairingState      0x00018cbb    0x30  Code  Gb  sm_pairing.o [4]
smPairingSendEncInfo    0x00018fdb     0x6  Code  Gb  sm_pairing.o [4]
smPairingSendIdentityAddrInfo
                        0x00019013    0x24  Code  Gb  sm_pairing.o [4]
smPairingSendIdentityInfo
                        0x00019009     0x4  Code  Gb  sm_pairing.o [4]
smPairingSendMasterID   0x00018fe1    0x28  Code  Gb  sm_pairing.o [4]
smPairingSendSingingInfo
                        0x00019037     0x6  Code  Gb  sm_pairing.o [4]
smProcessDataMsg        0x00018b29    0xcc  Code  Gb  sm_pairing.o [4]
smProcessEncryptChange  0x00018c11    0xaa  Code  Gb  sm_pairing.o [4]
smProcessOSALMsg        0x00013a7f    0x80  Code  Lc  sm_task.o [4]
smProcessPairingReq     0x00018d81    0x54  Code  Gb  sm_pairing.o [4]
smProcessRandComplete   0x00017b85    0x6a  Code  Gb  sm_mgr.o [4]
smRegisterResponder     0x00018b05     0x8  Code  Gb  sm_pairing.o [4]
smResponderCBs          0x200046b8     0xc  Data  Lc  sm_rsppairing.o [4]
smResponderProcessLTKReq
                        0x0001b507    0xc2  Code  Lc  sm_rsppairing.o [4]
smResponderSendNextKeyInfo
                        0x0001b85b   0x1da  Code  Lc  sm_rsppairing.o [4]
smSavePairInfo          0x00018e5d   0x172  Code  Gb  sm_pairing.o [4]
smSendFailAndEnd        0x00018bf5    0x1c  Code  Gb  sm_pairing.o [4]
smSendSMMsg             0x0001b493    0x48  Code  Gb  smp.o [4]
smSetPairingReqRsp      0x000190d7    0x3a  Code  Lc  sm_pairing.o [4]
smStartEncryption       0x00018dd5    0x1a  Code  Gb  sm_pairing.o [4]
smStartRspTimer         0x00017bef    0x1c  Code  Gb  sm_mgr.o [4]
smStopRspTimer          0x00017c0b     0xa  Code  Gb  sm_mgr.o [4]
smTaskID                0x200048b6     0x1  Data  Gb  sm_task.o [4]
smTimedOut              0x00018b25     0x4  Code  Gb  sm_pairing.o [4]
smUint8ToAuthReq        0x00017db5    0x32  Code  Gb  sm_mgr.o [4]
sm_CMAC                 0x00017f67   0x1a2  Code  Lc  sm_mgr.o [4]
sm_ah                   0x00017c27    0x26  Code  Gb  sm_mgr.o [4]
sm_c1                   0x00018ceb    0x96  Code  Gb  sm_pairing.o [4]
sm_c1new                0x00017c61    0xb8  Code  Gb  sm_mgr.o [4]
sm_s1                   0x00017d2f    0x20  Code  Gb  sm_mgr.o [4]
sm_xor                  0x00017d19    0x16  Code  Lc  sm_mgr.o [4]
smpBuildEncInfo         0x0001b361    0x12  Code  Gb  smp.o [4]
smpBuildIdentityAddrInfo
                        0x0001b3e3    0x1e  Code  Gb  smp.o [4]
smpBuildIdentityInfo    0x0001b3d1    0x12  Code  Gb  smp.o [4]
smpBuildMasterID        0x0001b389    0x24  Code  Gb  smp.o [4]
smpBuildPairingConfirm  0x0001b2cb    0x12  Code  Gb  smp.o [4]
smpBuildPairingFailed   0x0001b32b    0x18  Code  Gb  smp.o [4]
smpBuildPairingRandom   0x0001b2f3    0x10  Code  Gb  smp.o [4]
smpBuildPairingReq      0x0001b141     0x8  Code  Gb  smp.o [4]
smpBuildPairingReqRsp   0x0001b14f    0xa8  Code  Gb  smp.o [4]
smpBuildPairingRsp      0x0001b149     0x6  Code  Gb  smp.o [4]
smpBuildSecurityReq     0x0001b45b    0x1c  Code  Gb  smp.o [4]
smpBuildSigningInfo     0x0001b433    0x12  Code  Gb  smp.o [4]
smpParseEncInfo         0x0001b373    0x16  Code  Gb  smp.o [4]
smpParseIdentityAddrInfo
                        0x0001b417    0x1c  Code  Gb  smp.o [4]
smpParseIdentityInfo    0x0001b401    0x16  Code  Gb  smp.o [4]
smpParseMasterID        0x0001b3ad    0x24  Code  Gb  smp.o [4]
smpParsePairingConfirm  0x0001b2dd    0x16  Code  Gb  smp.o [4]
smpParsePairingFailed   0x0001b343    0x1e  Code  Gb  smp.o [4]
smpParsePairingRandom   0x0001b315    0x16  Code  Gb  smp.o [4]
smpParsePairingReq      0x0001b1f7    0xd4  Code  Gb  smp.o [4]
smpParseSecurityReq     0x0001b477    0x1c  Code  Gb  smp.o [4]
smpParseSigningInfo     0x0001b445    0x16  Code  Gb  smp.o [4]
smpResponderProcessIncoming
                        0x0001b5d5   0x1d0  Code  Lc  sm_rsppairing.o [4]
smpResponderProcessPairingReq
                        0x0001b7ad    0xa2  Code  Gb  sm_rsppairing.o [4]
sspAesDecrypt_Sw {Abs}  0x10016d29    0x78  Code  Gb  ble_rom_PATCH.symbols [2]
sspAesEncryptBasic_Sw {Abs}
                        0x10016af5    0x62  Code  Gb  ble_rom_PATCH.symbols [2]
sspAesEncryptKeyExp_Sw {Abs}
                        0x10016a99    0x4e  Code  Gb  ble_rom_PATCH.symbols [2]
sspAesEncrypt_Sw {Abs}  0x10016979     0xc  Code  Gb  ble_rom_PATCH.symbols [2]
sspKeyExpansion_Sw {Abs}
                        0x10016985   0x114  Code  Gb  ble_rom_PATCH.symbols [2]
ssp_KeyInit_Sw {Abs}    0x10016975     0x2  Code  Gb  ble_rom_PATCH.symbols [2]
stack_main              0x00011c75    0x4a  Code  Gb  OSAL_ICallBle.o [1]
startup_entry           0x0000f001    0x30  Code  Gb  ICall_startup.o [1]
strlen                  0x000118a9          Code  Gb  strlen.o [8]
supportedCmdsTable      0x0001a56c    0x44  Data  Gb  hci_PATCH.o [4]
taskEndAction {Abs}     0x20004cc4     0x4  Data  Gb  ble_rom_PATCH.symbols [2]
taskEndStatus {Abs}     0x20004f0a     0x2  Data  Gb  ble_rom_PATCH.symbols [2]
tasksArr                0x0001de20    0x24  Data  Gb  OSAL_ICallBle.o [1]
tasksCnt                0x0001de44     0x1  Data  Gb  OSAL_ICallBle.o [1]
tasksEvents             0x20004874     0x4  Data  Gb  OSAL_ICallBle.o [1]
terminateAllTaskID      0x20004508     0x1  Data  Lc  gap_linkmgr.o [4]
terminateReason         0x20004509     0x1  Data  Lc  gap_linkmgr.o [4]
timeMSec                0x20004854     0x4  Data  Lc  OSAL_Clock.o [1]
timerHead               0x2000485c     0x4  Data  Gb  OSAL_Timers.o [1]
trxTestCmd {Abs}        0x20004e28    0x18  Data  Gb  ble_rom_PATCH.symbols [2]
txDataQ {Abs}           0x20004f1c     0x4  Data  Gb  ble_rom_PATCH.symbols [2]
txPowerTable            0x0001dcfc     0x4  Data  Gb  ll_config.o [4]
txPwrTbl                0x0001dd00     0x8  Data  Gb  ll_config.o [4]
txTestOut {Abs}         0x20004f20     0x4  Data  Gb  ble_rom_PATCH.symbols [2]
txTestParam {Abs}       0x20004ea8    0x10  Data  Gb  ble_rom_PATCH.symbols [2]
verInfo {Abs}           0x20004c8c     0x8  Data  Gb  ble_rom_PATCH.symbols [2]
wakeupCmdPending        0x200046f1     0x1  Data  Lc  ll_sleep.o [4]
wakeupStatus            0x200046f0     0x1  Data  Lc  ll_sleep.o [4]
wakeupTimerID           0x20004704     0x4  Data  Lc  ll_sleep.o [4]
wlSize                  0x0001dd1c     0x1  Data  Gb  ll_config.o [4]
wlTable {Abs}           0x20004a8c    0x84  Data  Gb  ble_rom_PATCH.symbols [2]
writeWord               0x00015b9b    0x70  Code  Lc  osal_snv_wrapper.o [1]
xor_128                 0x00018119    0x14  Code  Lc  sm_mgr.o [4]


[1] = C:\ti\simplelink\ble_cc26xx_2_01_01_44627\Projects\ble\Free_Write\CC26XX\IAR\Stack\CC2650\FlashROM\Obj
[2] = C:\ti\simplelink\ble_cc26xx_2_01_01_44627\Projects\common\BLE_ROM_Releases\04242014
[3] = command line
[4] = CC2650Stack.a
[5] = CC2650Stack_HCI_TL.a
[6] = dl7M_tln.a
[7] = driverlib.lib
[8] = rt7M_tl.a

  60 868 bytes of readonly  code memory
   4 637 bytes of readonly  data memory
   1 114 bytes of readwrite data memory

Errors: none
Warnings: 1
